Archive member included to satisfy reference by file (symbol)

/usr/lib/gcc/arm-none-eabi/13.2.1/libgcc.a(_arm_muldf3.o)
                              CMakeFiles/FreeRTOS-LPC2000.elf.dir/src/main.c.obj (__aeabi_dmul)
/usr/lib/gcc/arm-none-eabi/13.2.1/libgcc.a(_udivsi3.o)
                              CMakeFiles/FreeRTOS-LPC2000.elf.dir/FreeRTOS/heap_2.c.obj (__aeabi_uidiv)
/usr/lib/gcc/arm-none-eabi/13.2.1/libgcc.a(_dvmd_tls.o)
                              /usr/lib/gcc/arm-none-eabi/13.2.1/libgcc.a(_udivsi3.o) (__aeabi_idiv0)
/usr/lib/gcc/arm-none-eabi/13.2.1/libgcc.a(_arm_addsubdf3.o)
                              CMakeFiles/FreeRTOS-LPC2000.elf.dir/src/main.c.obj (__aeabi_dadd)
/usr/lib/gcc/arm-none-eabi/13.2.1/libgcc.a(_arm_muldivdf3.o)
                              CMakeFiles/FreeRTOS-LPC2000.elf.dir/src/main.c.obj (__aeabi_ddiv)
/usr/lib/gcc/arm-none-eabi/13.2.1/libgcc.a(_arm_cmpdf2.o)
                              CMakeFiles/FreeRTOS-LPC2000.elf.dir/src/main.c.obj (__aeabi_dcmplt)
/usr/lib/gcc/arm-none-eabi/13.2.1/libgcc.a(_arm_fixdfsi.o)
                              CMakeFiles/FreeRTOS-LPC2000.elf.dir/src/main.c.obj (__aeabi_d2iz)
/usr/lib/gcc/arm-none-eabi/13.2.1/libgcc.a(_arm_truncdfsf2.o)
                              CMakeFiles/FreeRTOS-LPC2000.elf.dir/src/main.c.obj (__aeabi_d2f)
/usr/lib/gcc/arm-none-eabi/13.2.1/../../../arm-none-eabi/lib/libg.a(libc_a-memset.o)
                              /usr/lib/gcc/arm-none-eabi/13.2.1/../../../arm-none-eabi/lib/rdimon-crt0.o (memset)
/usr/lib/gcc/arm-none-eabi/13.2.1/../../../arm-none-eabi/lib/libg.a(libc_a-vsnprintf.o)
                              CMakeFiles/FreeRTOS-LPC2000.elf.dir/log/log.c.obj (vsnprintf)
/usr/lib/gcc/arm-none-eabi/13.2.1/../../../arm-none-eabi/lib/libg.a(libc_a-svfprintf.o)
                              /usr/lib/gcc/arm-none-eabi/13.2.1/../../../arm-none-eabi/lib/libg.a(libc_a-vsnprintf.o) (_svfprintf_r)
/usr/lib/gcc/arm-none-eabi/13.2.1/../../../arm-none-eabi/lib/libg.a(libc_a-impure.o)
                              /usr/lib/gcc/arm-none-eabi/13.2.1/../../../arm-none-eabi/lib/libg.a(libc_a-vsnprintf.o) (_impure_ptr)
/usr/lib/gcc/arm-none-eabi/13.2.1/../../../arm-none-eabi/lib/libg.a(libc_a-mallocr.o)
                              /usr/lib/gcc/arm-none-eabi/13.2.1/../../../arm-none-eabi/lib/libg.a(libc_a-svfprintf.o) (_malloc_r)
/usr/lib/gcc/arm-none-eabi/13.2.1/../../../arm-none-eabi/lib/libg.a(libc_a-memcpy-stub.o)
                              CMakeFiles/FreeRTOS-LPC2000.elf.dir/FreeRTOS/queue.c.obj (memcpy)
/usr/lib/gcc/arm-none-eabi/13.2.1/../../../arm-none-eabi/lib/libg.a(libc_a-dtoa.o)
                              /usr/lib/gcc/arm-none-eabi/13.2.1/../../../arm-none-eabi/lib/libg.a(libc_a-svfprintf.o) (_dtoa_r)
/usr/lib/gcc/arm-none-eabi/13.2.1/../../../arm-none-eabi/lib/libg.a(libc_a-freer.o)
                              /usr/lib/gcc/arm-none-eabi/13.2.1/../../../arm-none-eabi/lib/libg.a(libc_a-mallocr.o) (_free_r)
/usr/lib/gcc/arm-none-eabi/13.2.1/../../../arm-none-eabi/lib/libg.a(libc_a-sysconf.o)
                              /usr/lib/gcc/arm-none-eabi/13.2.1/../../../arm-none-eabi/lib/libg.a(libc_a-mallocr.o) (sysconf)
/usr/lib/gcc/arm-none-eabi/13.2.1/../../../arm-none-eabi/lib/libg.a(libc_a-init.o)
                              /usr/lib/gcc/arm-none-eabi/13.2.1/../../../arm-none-eabi/lib/rdimon-crt0.o (__libc_init_array)
/usr/lib/gcc/arm-none-eabi/13.2.1/../../../arm-none-eabi/lib/libg.a(libc_a-mlock.o)
                              /usr/lib/gcc/arm-none-eabi/13.2.1/../../../arm-none-eabi/lib/libg.a(libc_a-mallocr.o) (__malloc_lock)
/usr/lib/gcc/arm-none-eabi/13.2.1/../../../arm-none-eabi/lib/libg.a(libc_a-findfp.o)
                              /usr/lib/gcc/arm-none-eabi/13.2.1/../../../arm-none-eabi/lib/libg.a(libc_a-impure.o) (__sf)
/usr/lib/gcc/arm-none-eabi/13.2.1/../../../arm-none-eabi/lib/libg.a(libc_a-atexit.o)
                              /usr/lib/gcc/arm-none-eabi/13.2.1/../../../arm-none-eabi/lib/rdimon-crt0.o (atexit)
/usr/lib/gcc/arm-none-eabi/13.2.1/../../../arm-none-eabi/lib/libg.a(libc_a-ssprint_r.o)
                              /usr/lib/gcc/arm-none-eabi/13.2.1/../../../arm-none-eabi/lib/libg.a(libc_a-svfprintf.o) (__ssprint_r)
/usr/lib/gcc/arm-none-eabi/13.2.1/../../../arm-none-eabi/lib/libg.a(libc_a-strlen-stub.o)
                              /usr/lib/gcc/arm-none-eabi/13.2.1/../../../arm-none-eabi/lib/libg.a(libc_a-svfprintf.o) (strlen)
/usr/lib/gcc/arm-none-eabi/13.2.1/../../../arm-none-eabi/lib/libg.a(libc_a-sbrkr.o)
                              /usr/lib/gcc/arm-none-eabi/13.2.1/../../../arm-none-eabi/lib/libg.a(libc_a-mallocr.o) (_sbrk_r)
/usr/lib/gcc/arm-none-eabi/13.2.1/../../../arm-none-eabi/lib/libg.a(libc_a-fini.o)
                              /usr/lib/gcc/arm-none-eabi/13.2.1/../../../arm-none-eabi/lib/rdimon-crt0.o (__libc_fini_array)
/usr/lib/gcc/arm-none-eabi/13.2.1/../../../arm-none-eabi/lib/libg.a(libc_a-assert.o)
[...]
Memory Configuration

Name             Origin             Length             Attributes
ROM              0x00000000         0x00040000         xr
RAM              0x40000000         0x00004000         rw
*default*        0x00000000         0xffffffff

Linker script and memory map

LOAD /usr/lib/gcc/arm-none-eabi/13.2.1/crti.o
LOAD /usr/lib/gcc/arm-none-eabi/13.2.1/crtbegin.o
LOAD /usr/lib/gcc/arm-none-eabi/13.2.1/../../../arm-none-eabi/lib/rdimon-crt0.o
LOAD CMakeFiles/FreeRTOS-LPC2000.elf.dir/FreeRTOS/croutine.c.obj
LOAD CMakeFiles/FreeRTOS-LPC2000.elf.dir/FreeRTOS/event_groups.c.obj
LOAD CMakeFiles/FreeRTOS-LPC2000.elf.dir/FreeRTOS/heap_2.c.obj
LOAD CMakeFiles/FreeRTOS-LPC2000.elf.dir/FreeRTOS/list.c.obj
LOAD CMakeFiles/FreeRTOS-LPC2000.elf.dir/FreeRTOS/port.c.obj
LOAD CMakeFiles/FreeRTOS-LPC2000.elf.dir/FreeRTOS/portISR.c.obj
LOAD CMakeFiles/FreeRTOS-LPC2000.elf.dir/FreeRTOS/queue.c.obj
LOAD CMakeFiles/FreeRTOS-LPC2000.elf.dir/FreeRTOS/serial.c.obj
LOAD CMakeFiles/FreeRTOS-LPC2000.elf.dir/FreeRTOS/serialISR.c.obj
LOAD CMakeFiles/FreeRTOS-LPC2000.elf.dir/FreeRTOS/stream_buffer.c.obj
LOAD CMakeFiles/FreeRTOS-LPC2000.elf.dir/FreeRTOS/tasks.c.obj
LOAD CMakeFiles/FreeRTOS-LPC2000.elf.dir/FreeRTOS/timers.c.obj
LOAD CMakeFiles/FreeRTOS-LPC2000.elf.dir/log/log.c.obj
LOAD CMakeFiles/FreeRTOS-LPC2000.elf.dir/src/main.c.obj
LOAD CMakeFiles/FreeRTOS-LPC2000.elf.dir/startup/crt0.S.obj
START GROUP
LOAD /usr/lib/gcc/arm-none-eabi/13.2.1/libgcc.a
LOAD /usr/lib/gcc/arm-none-eabi/13.2.1/../../../arm-none-eabi/lib/libg.a
LOAD /usr/lib/gcc/arm-none-eabi/13.2.1/../../../arm-none-eabi/lib/libc.a
END GROUP
START GROUP
LOAD /usr/lib/gcc/arm-none-eabi/13.2.1/libgcc.a
LOAD /usr/lib/gcc/arm-none-eabi/13.2.1/../../../arm-none-eabi/lib/libc.a
LOAD /usr/lib/gcc/arm-none-eabi/13.2.1/../../../arm-none-eabi/lib/librdimon.a
END GROUP
LOAD /usr/lib/gcc/arm-none-eabi/13.2.1/crtend.o
LOAD /usr/lib/gcc/arm-none-eabi/13.2.1/crtn.o
                0x00000800                        STACK_SIZE = 0x800

.text           0x00000000     0xa864
 *crt0.o(.text)
 *(.text)
 .text          0x00000000      0x140 CMakeFiles/FreeRTOS-LPC2000.elf.dir/startup/crt0.S.obj
                0x00000000                _boot
                0x00000050                start
                0x00000118                reset
                0x00000118                abort
                0x00000118                _reset
                0x00000118                exit
 .text          0x00000140      0x114 /usr/lib/gcc/arm-none-eabi/13.2.1/libgcc.a(_udivsi3.o)
                0x00000140                __udivsi3
                0x00000140                __aeabi_uidiv
                0x00000234                __aeabi_uidivmod
 .text          0x00000254        0x4 /usr/lib/gcc/arm-none-eabi/13.2.1/libgcc.a(_dvmd_tls.o)
                0x00000254                __aeabi_ldiv0
                0x00000254                __aeabi_idiv0
 .text          0x00000258      0x424 /usr/lib/gcc/arm-none-eabi/13.2.1/libgcc.a(_arm_addsubdf3.o)
                0x00000258                __aeabi_drsub
                0x00000260                __aeabi_dsub
                0x00000260                __subdf3
                0x00000264                __adddf3
                0x00000264                __aeabi_dadd
                0x00000574                __aeabi_ui2d
                0x00000574                __floatunsidf
                0x00000598                __floatsidf
                0x00000598                __aeabi_i2d
                0x000005c0                __extendsfdf2
                0x000005c0                __aeabi_f2d
                0x00000608                __aeabi_ul2d
                0x00000608                __floatundidf
                0x0000061c                __floatdidf
                0x0000061c                __aeabi_l2d
 .text          0x0000067c      0x49c /usr/lib/gcc/arm-none-eabi/13.2.1/libgcc.a(_arm_muldivdf3.o)
                0x0000067c                __aeabi_dmul
                0x0000067c                __muldf3
                0x0000090c                __aeabi_ddiv
                0x0000090c                __divdf3
 .text          0x00000b18      0x144 /usr/lib/gcc/arm-none-eabi/13.2.1/libgcc.a(_arm_cmpdf2.o)
                0x00000b18                __gtdf2
                0x00000b18                __gedf2
                0x00000b20                __ltdf2
                0x00000b20                __ledf2
                0x00000b28                __cmpdf2
                0x00000b28                __eqdf2
                0x00000b28                __nedf2
                0x00000bb0                __aeabi_cdrcmple
                0x00000bcc                __aeabi_cdcmple
                0x00000bcc                __aeabi_cdcmpeq
                0x00000be4                __aeabi_dcmpeq
                0x00000bfc                __aeabi_dcmplt
                0x00000c14                __aeabi_dcmple
                0x00000c2c                __aeabi_dcmpge
                0x00000c44                __aeabi_dcmpgt
 .text          0x00000c5c       0x5c /usr/lib/gcc/arm-none-eabi/13.2.1/libgcc.a(_arm_fixdfsi.o)
                0x00000c5c                __fixdfsi
                0x00000c5c                __aeabi_d2iz
 .text          0x00000cb8       0xa0 /usr/lib/gcc/arm-none-eabi/13.2.1/libgcc.a(_arm_truncdfsf2.o)
                0x00000cb8                __aeabi_d2f
                0x00000cb8                __truncdfsf2
 .text          0x00000d58       0xfc /usr/lib/gcc/arm-none-eabi/13.2.1/../../../arm-none-eabi/lib/libg.a(libc_a-memset.o)
                0x00000d58                memset
 .text          0x00000e54      0x16c /usr/lib/gcc/arm-none-eabi/13.2.1/../../../arm-none-eabi/lib/libg.a(libc_a-vsnprintf.o)
                0x00000e54                vsnprintf
                0x00000f0c                _vsnprintf_r
 .text          0x00000fc0     0x1e90 /usr/lib/gcc/arm-none-eabi/13.2.1/../../../arm-none-eabi/lib/libg.a(libc_a-svfprintf.o)
                0x00000fc0                _svfprintf_r
 .text          0x00002e50      0x784 /usr/lib/gcc/arm-none-eabi/13.2.1/../../../arm-none-eabi/lib/libg.a(libc_a-mallocr.o)
                0x00002e50                _malloc_r
 .text          0x000035d4      0x114 /usr/lib/gcc/arm-none-eabi/13.2.1/../../../arm-none-eabi/lib/libg.a(libc_a-memcpy-stub.o)
                0x000035d4                memcpy
 .text          0x000036e8     0x18a4 /usr/lib/gcc/arm-none-eabi/13.2.1/../../../arm-none-eabi/lib/libg.a(libc_a-dtoa.o)
                0x000038c0                _dtoa_r
 .text          0x00004f8c      0x3fc /usr/lib/gcc/arm-none-eabi/13.2.1/../../../arm-none-eabi/lib/libg.a(libc_a-freer.o)
                0x00004f8c                _malloc_trim_r
                0x000050a0                _free_r
 .text          0x00005388       0x30 /usr/lib/gcc/arm-none-eabi/13.2.1/../../../arm-none-eabi/lib/libg.a(libc_a-sysconf.o)
                0x00005388                sysconf
 .text          0x000053b8        0x8 /usr/lib/gcc/arm-none-eabi/13.2.1/../../../arm-none-eabi/lib/libg.a(libc_a-mlock.o)
                0x000053b8                __malloc_lock
                0x000053bc                __malloc_unlock
 .text          0x000053c0      0x348 /usr/lib/gcc/arm-none-eabi/13.2.1/../../../arm-none-eabi/lib/libg.a(libc_a-findfp.o)
                0x00005578                __sfp
                0x00005688                __sinit
                0x000056b8                __sfp_lock_acquire
                0x000056bc                __sfp_lock_release
                0x000056c0                __fp_lock_all
                0x000056e4                __fp_unlock_all
 .text          0x00005708       0xa8 /usr/lib/gcc/arm-none-eabi/13.2.1/../../../arm-none-eabi/lib/libg.a(libc_a-ssprint_r.o)
                0x00005708                __ssprint_r
 .text          0x000057b0       0x60 /usr/lib/gcc/arm-none-eabi/13.2.1/../../../arm-none-eabi/lib/libg.a(libc_a-strlen-stub.o)
                0x000057b0                strlen
 .text          0x00005810       0x44 /usr/lib/gcc/arm-none-eabi/13.2.1/../../../arm-none-eabi/lib/libg.a(libc_a-sbrkr.o)
                0x00005810                _sbrk_r
 .text          0x00005854       0x68 /usr/lib/gcc/arm-none-eabi/13.2.1/../../../arm-none-eabi/lib/libg.a(libc_a-assert.o)
                0x00005854                __assert_func
                0x000058ac                __assert
 .text          0x000058bc      0xfa0 /usr/lib/gcc/arm-none-eabi/13.2.1/../../../arm-none-eabi/lib/libg.a(libc_a-mprec.o)
                0x000058bc                _Balloc
                0x00005948                _Bfree
                0x00005964                __multadd
                0x00005a64                __s2b
                0x00005b78                __hi0bits
                0x00005bd8                __lo0bits
                0x00005c78                __i2b
                0x00005d24                __multiply
                0x00005f3c                __pow5mult
                0x00006068                __lshift
                0x000061ac                __mcmp
                0x00006200                __mdiff
                0x00006414                __ulp
                0x00006478                __b2d
                0x00006568                __d2b
                0x00006690                __ratio
                0x00006714                _mprec_log10
                0x00006774                __copybits
                0x00006800                __any_on
 .text          0x0000685c       0xf0 /usr/lib/gcc/arm-none-eabi/13.2.1/../../../arm-none-eabi/lib/libg.a(libc_a-memchr-stub.o)
                0x0000685c                memchr
 .text          0x0000694c       0x78 /usr/lib/gcc/arm-none-eabi/13.2.1/../../../arm-none-eabi/lib/libg.a(libc_a-fwalk.o)
                0x0000694c                _fwalk_sglue
 .text          0x000069c4       0x20 /usr/lib/gcc/arm-none-eabi/13.2.1/../../../arm-none-eabi/lib/libg.a(libc_a-localeconv.o)
                0x000069c4                __localeconv_l
                0x000069cc                _localeconv_r
                0x000069d8                localeconv
 .text          0x000069e4       0x60 /usr/lib/gcc/arm-none-eabi/13.2.1/../../../arm-none-eabi/lib/libg.a(libc_a-mbtowc_r.o)
                0x000069e4                _mbtowc_r
                0x00006a00                __ascii_mbtowc
 .text          0x00006a44       0x10 /usr/lib/gcc/arm-none-eabi/13.2.1/../../../arm-none-eabi/lib/libg.a(libc_a-errno.o)
                0x00006a44                __errno
 .text          0x00006a54       0xd0 /usr/lib/gcc/arm-none-eabi/13.2.1/../../../arm-none-eabi/lib/libg.a(libc_a-callocr.o)
                0x00006a54                _calloc_r
 .text          0x00006b24      0x12c /usr/lib/gcc/arm-none-eabi/13.2.1/../../../arm-none-eabi/lib/libg.a(libc_a-ssputs_r.o)
                0x00006b24                __ssputs_r
 .text          0x00006c50       0x68 /usr/lib/gcc/arm-none-eabi/13.2.1/../../../arm-none-eabi/lib/libg.a(libc_a-fiprintf.o)
                0x00006c50                _fiprintf_r
                0x00006c7c                fiprintf
 .text          0x00006cb8      0x108 /usr/lib/gcc/arm-none-eabi/13.2.1/../../../arm-none-eabi/lib/libg.a(libc_a-fclose.o)
                0x00006cb8                _fclose_r
                0x00006dac                fclose
 .text          0x00006dc0       0x4c /usr/lib/gcc/arm-none-eabi/13.2.1/../../../arm-none-eabi/lib/libg.a(libc_a-wctomb_r.o)
                0x00006dc0                _wctomb_r
                0x00006ddc                __ascii_wctomb
 .text          0x00006e0c       0xdc /usr/lib/gcc/arm-none-eabi/13.2.1/../../../arm-none-eabi/lib/libg.a(libc_a-stdio.o)
                0x00006e0c                __sread
                0x00006e40                __seofread
                0x00006e48                __swrite
                0x00006ea4                __sseek
                0x00006ed4                __sclose
 .text          0x00006ee8      0x4b8 /usr/lib/gcc/arm-none-eabi/13.2.1/../../../arm-none-eabi/lib/libg.a(libc_a-reallocr.o)
                0x00006ee8                _realloc_r
 .text          0x000073a0       0x48 /usr/lib/gcc/arm-none-eabi/13.2.1/../../../arm-none-eabi/lib/libg.a(libc_a-writer.o)
                0x000073a0                _write_r
 .text          0x000073e8       0x3c /usr/lib/gcc/arm-none-eabi/13.2.1/../../../arm-none-eabi/lib/libg.a(libc_a-closer.o)
                0x000073e8                _close_r
 .text          0x00007424      0x2e8 /usr/lib/gcc/arm-none-eabi/13.2.1/../../../arm-none-eabi/lib/libg.a(libc_a-fflush.o)
                0x00007424                __sflush_r
                0x00007634                _fflush_r
                0x00007688                fflush
 .text          0x0000770c      0x154 /usr/lib/gcc/arm-none-eabi/13.2.1/../../../arm-none-eabi/lib/libg.a(libc_a-memmove.o)
                0x0000770c                memmove
 .text          0x00007860     0x10d8 /usr/lib/gcc/arm-none-eabi/13.2.1/../../../arm-none-eabi/lib/libg.a(libc_a-vfiprintf.o)
                0x00007860                _vfiprintf_r
                0x0000885c                vfiprintf
 .text          0x00008938       0x48 /usr/lib/gcc/arm-none-eabi/13.2.1/../../../arm-none-eabi/lib/libg.a(libc_a-readr.o)
                0x00008938                _read_r
 .text          0x00008980      0x150 /usr/lib/gcc/arm-none-eabi/13.2.1/../../../arm-none-eabi/lib/libg.a(libc_a-wsetup.o)
                0x00008980                __swsetup_r
 .text          0x00008ad0       0x48 /usr/lib/gcc/arm-none-eabi/13.2.1/../../../arm-none-eabi/lib/libg.a(libc_a-lseekr.o)
                0x00008ad0                _lseek_r
 .text          0x00008b18       0x34 /usr/lib/gcc/arm-none-eabi/13.2.1/../../../arm-none-eabi/lib/libg.a(libc_a-sprint_r.o)
                0x00008b18                __sprint_r
 .text          0x00008b4c      0x1b8 /usr/lib/gcc/arm-none-eabi/13.2.1/../../../arm-none-eabi/lib/libg.a(libc_a-makebuf.o)
                0x00008b4c                __smakebuf_r
                0x00008c84                __swhatbuf_r
 .text          0x00008d04       0x40 /usr/lib/gcc/arm-none-eabi/13.2.1/../../../arm-none-eabi/lib/libg.a(libc_a-fstatr.o)
                0x00008d04                _fstat_r
 .text          0x00008d44       0x3c /usr/lib/gcc/arm-none-eabi/13.2.1/../../../arm-none-eabi/lib/libg.a(libc_a-isattyr.o)
                0x00008d44                _isatty_r
 .text          0x00008d80      0x4c8 /usr/lib/gcc/arm-none-eabi/13.2.1/../../../arm-none-eabi/lib/libg.a(libc_a-fvwrite.o)
                0x00008d80                __sfvwrite_r
 .text          0x00009248      0x148 /usr/lib/gcc/arm-none-eabi/13.2.1/libgcc.a(_divsi3.o)
                0x00009248                __aeabi_idiv
                0x00009248                __divsi3
                0x00009370                __aeabi_idivmod
 .text          0x00009390       0x38 /usr/lib/gcc/arm-none-eabi/13.2.1/libgcc.a(_arm_unorddf2.o)
                0x00009390                __aeabi_dcmpun
                0x00009390                __unorddf2
 .text          0x000093c8     0x106c /usr/lib/gcc/arm-none-eabi/13.2.1/../../../arm-none-eabi/lib/librdimon.a(arm_librdimon_a-syscalls.o)
                0x000093c8                _swiread
                0x00009438                _read
                0x0000952c                _swilseek
                0x00009674                _lseek
                0x00009678                _swiwrite
                0x000096e8                _write
                0x00009814                _swiclose
                0x00009884                _close
                0x00009980                _getpid
                0x00009988                _sbrk
                0x00009a0c                _swistat
                0x00009ae8                _fstat
                0x00009b14                _stat
                0x00009b7c                _swiopen
                0x00009cb0                _open
                0x00009ccc                _get_semihosting_exts
                0x00009e80                _has_ext_exit_extended
                0x00009ee0                _has_ext_stdout_stderr
                0x00009f44                initialise_monitor_handles
                0x0000a0f0                _link
                0x0000a110                _unlink
                0x0000a18c                _gettimeofday
                0x0000a1dc                _clock
                0x0000a204                _times
                0x0000a240                _isatty
                0x0000a2f8                _system
                0x0000a39c                _rename
 *(.rodata)
 .rodata        0x0000a434        0x5 CMakeFiles/FreeRTOS-LPC2000.elf.dir/FreeRTOS/tasks.c.obj
 *fill*         0x0000a439        0x3 
 .rodata        0x0000a43c       0x9b CMakeFiles/FreeRTOS-LPC2000.elf.dir/src/main.c.obj
 *fill*         0x0000a4d7        0x1 
 .rodata        0x0000a4d8       0x20 /usr/lib/gcc/arm-none-eabi/13.2.1/../../../arm-none-eabi/lib/libg.a(libc_a-svfprintf.o)
 .rodata        0x0000a4f8      0x128 /usr/lib/gcc/arm-none-eabi/13.2.1/../../../arm-none-eabi/lib/libg.a(libc_a-mprec.o)
                0x0000a508                __mprec_tens
                0x0000a5d0                __mprec_tinytens
                0x0000a5f8                __mprec_bigtens
 .rodata        0x0000a620      0x101 /usr/lib/gcc/arm-none-eabi/13.2.1/../../../arm-none-eabi/lib/libg.a(libc_a-ctype_.o)
                0x0000a620                _ctype_
 *fill*         0x0000a721        0x3 
 .rodata        0x0000a724       0x20 /usr/lib/gcc/arm-none-eabi/13.2.1/../../../arm-none-eabi/lib/libg.a(libc_a-vfiprintf.o)
 *(.rodata*)
 .rodata.uxTopUsedPriority
                0x0000a744        0x4 CMakeFiles/FreeRTOS-LPC2000.elf.dir/FreeRTOS/tasks.c.obj
 .rodata.str1.4
                0x0000a748      0x11c /usr/lib/gcc/arm-none-eabi/13.2.1/../../../arm-none-eabi/lib/libg.a(libc_a-svfprintf.o)
                                 0x42 (size before relaxing)
 .rodata.str1.4
                0x0000a864       0x4b /usr/lib/gcc/arm-none-eabi/13.2.1/../../../arm-none-eabi/lib/libg.a(libc_a-dtoa.o)
 .rodata.str1.4
                0x0000a864       0x43 /usr/lib/gcc/arm-none-eabi/13.2.1/../../../arm-none-eabi/lib/libg.a(libc_a-assert.o)
 .rodata.str1.4
                0x0000a864       0x38 /usr/lib/gcc/arm-none-eabi/13.2.1/../../../arm-none-eabi/lib/libg.a(libc_a-mprec.o)
 .rodata.str1.4
                0x0000a864       0x12 /usr/lib/gcc/arm-none-eabi/13.2.1/../../../arm-none-eabi/lib/libg.a(libc_a-locale.o)
 .rodata.str1.4
                0x0000a864       0x2f /usr/lib/gcc/arm-none-eabi/13.2.1/../../../arm-none-eabi/lib/libg.a(libc_a-vfiprintf.o)
 .rodata.str1.4
                0x0000a864       0x1c /usr/lib/gcc/arm-none-eabi/13.2.1/../../../arm-none-eabi/lib/librdimon.a(arm_librdimon_a-syscalls.o)
 *(.glue_7)
 .glue_7        0x0000a864        0x0 linker stubs
 *(.glue_7t)
 .glue_7t       0x0000a864        0x0 linker stubs

.vfp11_veneer   0x0000a864        0x0
 .vfp11_veneer  0x0000a864        0x0 linker stubs

.v4_bx          0x0000a864        0x0
 .v4_bx         0x0000a864        0x0 linker stubs

.init           0x0000a864        0xc
 .init          0x0000a864        0xc /usr/lib/gcc/arm-none-eabi/13.2.1/crti.o
                0x0000a864                _init

.fini           0x0000a870        0xc
 .fini          0x0000a870        0xc /usr/lib/gcc/arm-none-eabi/13.2.1/crti.o
                0x0000a870                _fini

.text.pvPortMalloc
                0x0000a87c      0x298
 .text.pvPortMalloc
                0x0000a87c      0x298 CMakeFiles/FreeRTOS-LPC2000.elf.dir/FreeRTOS/heap_2.c.obj
                0x0000a87c                pvPortMalloc

.text.vPortFree
                0x0000ab14      0x108
 .text.vPortFree
                0x0000ab14      0x108 CMakeFiles/FreeRTOS-LPC2000.elf.dir/FreeRTOS/heap_2.c.obj
                0x0000ab14                vPortFree

.text.prvHeapInit
                0x0000ac1c       0x88
 .text.prvHeapInit
                0x0000ac1c       0x88 CMakeFiles/FreeRTOS-LPC2000.elf.dir/FreeRTOS/heap_2.c.obj

.iplt           0x0000aca4        0x0
 .iplt          0x0000aca4        0x0 CMakeFiles/FreeRTOS-LPC2000.elf.dir/FreeRTOS/heap_2.c.obj

.text.vListInitialise
                0x0000aca4       0x68
 .text.vListInitialise
                0x0000aca4       0x68 CMakeFiles/FreeRTOS-LPC2000.elf.dir/FreeRTOS/list.c.obj
                0x0000aca4                vListInitialise

.text.vListInitialiseItem
                0x0000ad0c       0x2c
 .text.vListInitialiseItem
                0x0000ad0c       0x2c CMakeFiles/FreeRTOS-LPC2000.elf.dir/FreeRTOS/list.c.obj
                0x0000ad0c                vListInitialiseItem

.text.vListInsert
                0x0000ad38       0xd8
 .text.vListInsert
                0x0000ad38       0xd8 CMakeFiles/FreeRTOS-LPC2000.elf.dir/FreeRTOS/list.c.obj
                0x0000ad38                vListInsert

.text.uxListRemove
                0x0000ae10       0xa0
 .text.uxListRemove
                0x0000ae10       0xa0 CMakeFiles/FreeRTOS-LPC2000.elf.dir/FreeRTOS/list.c.obj
                0x0000ae10                uxListRemove

.text.pxPortInitialiseStack
                0x0000aeb0      0x240
 .text.pxPortInitialiseStack
                0x0000aeb0      0x240 CMakeFiles/FreeRTOS-LPC2000.elf.dir/FreeRTOS/port.c.obj
                0x0000aeb0                pxPortInitialiseStack

.text.xPortStartScheduler
                0x0000b0f0       0x24
 .text.xPortStartScheduler
                0x0000b0f0       0x24 CMakeFiles/FreeRTOS-LPC2000.elf.dir/FreeRTOS/port.c.obj
                0x0000b0f0                xPortStartScheduler

.text.prvSetupTimerInterrupt
                0x0000b114       0xbc
 .text.prvSetupTimerInterrupt
                0x0000b114       0xbc CMakeFiles/FreeRTOS-LPC2000.elf.dir/FreeRTOS/port.c.obj

.text.vPortISRStartFirstTask
                0x0000b1d0       0x68
 .text.vPortISRStartFirstTask
                0x0000b1d0       0x68 CMakeFiles/FreeRTOS-LPC2000.elf.dir/FreeRTOS/portISR.c.obj
                0x0000b1d0                vPortISRStartFirstTask

.text.vPortYieldProcessor
                0x0000b238       0xb8
 .text.vPortYieldProcessor
                0x0000b238       0xb8 CMakeFiles/FreeRTOS-LPC2000.elf.dir/FreeRTOS/portISR.c.obj
                0x0000b238                vPortYieldProcessor

.text.vTickISR  0x0000b2f0       0xe0
 .text.vTickISR
                0x0000b2f0       0xe0 CMakeFiles/FreeRTOS-LPC2000.elf.dir/FreeRTOS/portISR.c.obj
                0x0000b2f0                vTickISR

.text.vPortEnterCritical
                0x0000b3d0       0x44
 .text.vPortEnterCritical
                0x0000b3d0       0x44 CMakeFiles/FreeRTOS-LPC2000.elf.dir/FreeRTOS/portISR.c.obj
                0x0000b3d0                vPortEnterCritical

.text.vPortExitCritical
                0x0000b414       0x64
 .text.vPortExitCritical
                0x0000b414       0x64 CMakeFiles/FreeRTOS-LPC2000.elf.dir/FreeRTOS/portISR.c.obj
                0x0000b414                vPortExitCritical

.text.xQueueGenericReset
                0x0000b478      0x170
 .text.xQueueGenericReset
                0x0000b478      0x170 CMakeFiles/FreeRTOS-LPC2000.elf.dir/FreeRTOS/queue.c.obj
                0x0000b478                xQueueGenericReset

.text.xQueueGenericCreate
                0x0000b5e8       0xe4
 .text.xQueueGenericCreate
                0x0000b5e8       0xe4 CMakeFiles/FreeRTOS-LPC2000.elf.dir/FreeRTOS/queue.c.obj
                0x0000b5e8                xQueueGenericCreate

.text.prvInitialiseNewQueue
                0x0000b6cc       0x78
 .text.prvInitialiseNewQueue
                0x0000b6cc       0x78 CMakeFiles/FreeRTOS-LPC2000.elf.dir/FreeRTOS/queue.c.obj

.text.xQueueGenericSend
                0x0000b744      0x1c0
 .text.xQueueGenericSend
                0x0000b744      0x1c0 CMakeFiles/FreeRTOS-LPC2000.elf.dir/FreeRTOS/queue.c.obj
                0x0000b744                xQueueGenericSend

.text.xQueueGenericSendFromISR
                0x0000b904      0x128
 .text.xQueueGenericSendFromISR
                0x0000b904      0x128 CMakeFiles/FreeRTOS-LPC2000.elf.dir/FreeRTOS/queue.c.obj
                0x0000b904                xQueueGenericSendFromISR

.text.xQueueReceive
                0x0000ba2c      0x1cc
 .text.xQueueReceive
                0x0000ba2c      0x1cc CMakeFiles/FreeRTOS-LPC2000.elf.dir/FreeRTOS/queue.c.obj
                0x0000ba2c                xQueueReceive

.text.xQueueReceiveFromISR
                0x0000bbf8      0x118
 .text.xQueueReceiveFromISR
                0x0000bbf8      0x118 CMakeFiles/FreeRTOS-LPC2000.elf.dir/FreeRTOS/queue.c.obj
                0x0000bbf8                xQueueReceiveFromISR

.text.prvCopyDataToQueue
                0x0000bd10      0x168
 .text.prvCopyDataToQueue
                0x0000bd10      0x168 CMakeFiles/FreeRTOS-LPC2000.elf.dir/FreeRTOS/queue.c.obj

.text.prvCopyDataFromQueue
                0x0000be78       0x94
 .text.prvCopyDataFromQueue
                0x0000be78       0x94 CMakeFiles/FreeRTOS-LPC2000.elf.dir/FreeRTOS/queue.c.obj

.text.prvUnlockQueue
                0x0000bf0c      0x110
 .text.prvUnlockQueue
                0x0000bf0c      0x110 CMakeFiles/FreeRTOS-LPC2000.elf.dir/FreeRTOS/queue.c.obj

.text.prvIsQueueEmpty
                0x0000c01c       0x50
 .text.prvIsQueueEmpty
                0x0000c01c       0x50 CMakeFiles/FreeRTOS-LPC2000.elf.dir/FreeRTOS/queue.c.obj

.text.prvIsQueueFull
                0x0000c06c       0x58
 .text.prvIsQueueFull
                0x0000c06c       0x58 CMakeFiles/FreeRTOS-LPC2000.elf.dir/FreeRTOS/queue.c.obj

.text.xSerialPortInitMinimal
                0x0000c0c4      0x194
 .text.xSerialPortInitMinimal
                0x0000c0c4      0x194 CMakeFiles/FreeRTOS-LPC2000.elf.dir/FreeRTOS/serial.c.obj
                0x0000c0c4                xSerialPortInitMinimal

.text.vSerialPutString
                0x0000c258       0x70
 .text.vSerialPutString
                0x0000c258       0x70 CMakeFiles/FreeRTOS-LPC2000.elf.dir/FreeRTOS/serial.c.obj
                0x0000c258                vSerialPutString

.text.xSerialPutChar
                0x0000c2c8       0xf8
 .text.xSerialPutChar
                0x0000c2c8       0xf8 CMakeFiles/FreeRTOS-LPC2000.elf.dir/FreeRTOS/serial.c.obj
                0x0000c2c8                xSerialPutChar

.text.vSerialISRCreateQueues
                0x0000c3c0       0xb0
 .text.vSerialISRCreateQueues
                0x0000c3c0       0xb0 CMakeFiles/FreeRTOS-LPC2000.elf.dir/FreeRTOS/serialISR.c.obj
                0x0000c3c0                vSerialISRCreateQueues

.text.vUART_ISR_Wrapper
                0x0000c470       0xb4
 .text.vUART_ISR_Wrapper
                0x0000c470       0xb4 CMakeFiles/FreeRTOS-LPC2000.elf.dir/FreeRTOS/serialISR.c.obj
                0x0000c470                vUART_ISR_Wrapper

.text.vUART_ISR_Handler
                0x0000c524      0x144
 .text.vUART_ISR_Handler
                0x0000c524      0x144 CMakeFiles/FreeRTOS-LPC2000.elf.dir/FreeRTOS/serialISR.c.obj
                0x0000c524                vUART_ISR_Handler

.text.prvCreateTask
                0x0000c668       0xdc
 .text.prvCreateTask
                0x0000c668       0xdc CMakeFiles/FreeRTOS-LPC2000.elf.dir/FreeRTOS/tasks.c.obj

.text.xTaskCreate
                0x0000c744       0x80
 .text.xTaskCreate
                0x0000c744       0x80 CMakeFiles/FreeRTOS-LPC2000.elf.dir/FreeRTOS/tasks.c.obj
                0x0000c744                xTaskCreate

.text.prvInitialiseNewTask
                0x0000c7c4      0x190
 .text.prvInitialiseNewTask
                0x0000c7c4      0x190 CMakeFiles/FreeRTOS-LPC2000.elf.dir/FreeRTOS/tasks.c.obj

.text.prvAddNewTaskToReadyList
                0x0000c954      0x1e4
 .text.prvAddNewTaskToReadyList
                0x0000c954      0x1e4 CMakeFiles/FreeRTOS-LPC2000.elf.dir/FreeRTOS/tasks.c.obj

.text.vTaskDelay
                0x0000cb38       0x5c
 .text.vTaskDelay
                0x0000cb38       0x5c CMakeFiles/FreeRTOS-LPC2000.elf.dir/FreeRTOS/tasks.c.obj
                0x0000cb38                vTaskDelay

.text.prvCreateIdleTasks
                0x0000cb94      0x118
 .text.prvCreateIdleTasks
                0x0000cb94      0x118 CMakeFiles/FreeRTOS-LPC2000.elf.dir/FreeRTOS/tasks.c.obj

.text.vTaskStartScheduler
                0x0000ccac       0x84
 .text.vTaskStartScheduler
                0x0000ccac       0x84 CMakeFiles/FreeRTOS-LPC2000.elf.dir/FreeRTOS/tasks.c.obj
                0x0000ccac                vTaskStartScheduler

.text.vTaskSuspendAll
                0x0000cd30       0x30
 .text.vTaskSuspendAll
                0x0000cd30       0x30 CMakeFiles/FreeRTOS-LPC2000.elf.dir/FreeRTOS/tasks.c.obj
                0x0000cd30                vTaskSuspendAll

.text.xTaskResumeAll
                0x0000cd60      0x35c
 .text.xTaskResumeAll
                0x0000cd60      0x35c CMakeFiles/FreeRTOS-LPC2000.elf.dir/FreeRTOS/tasks.c.obj
                0x0000cd60                xTaskResumeAll

.text.uxTaskGetNumberOfTasks
                0x0000d0bc       0x24
 .text.uxTaskGetNumberOfTasks
                0x0000d0bc       0x24 CMakeFiles/FreeRTOS-LPC2000.elf.dir/FreeRTOS/tasks.c.obj
                0x0000d0bc                uxTaskGetNumberOfTasks

.text.xTaskIncrementTick
                0x0000d0e0      0x364
 .text.xTaskIncrementTick
                0x0000d0e0      0x364 CMakeFiles/FreeRTOS-LPC2000.elf.dir/FreeRTOS/tasks.c.obj
                0x0000d0e0                xTaskIncrementTick

.text.vTaskSwitchContext
                0x0000d444      0x168
 .text.vTaskSwitchContext
                0x0000d444      0x168 CMakeFiles/FreeRTOS-LPC2000.elf.dir/FreeRTOS/tasks.c.obj
                0x0000d444                vTaskSwitchContext

.text.vTaskPlaceOnEventList
                0x0000d5ac       0x4c
 .text.vTaskPlaceOnEventList
                0x0000d5ac       0x4c CMakeFiles/FreeRTOS-LPC2000.elf.dir/FreeRTOS/tasks.c.obj
                0x0000d5ac                vTaskPlaceOnEventList

.text.xTaskRemoveFromEventList
                0x0000d5f8      0x308
 .text.xTaskRemoveFromEventList
                0x0000d5f8      0x308 CMakeFiles/FreeRTOS-LPC2000.elf.dir/FreeRTOS/tasks.c.obj
                0x0000d5f8                xTaskRemoveFromEventList

.text.vTaskInternalSetTimeOutState
                0x0000d900       0x48
 .text.vTaskInternalSetTimeOutState
                0x0000d900       0x48 CMakeFiles/FreeRTOS-LPC2000.elf.dir/FreeRTOS/tasks.c.obj
                0x0000d900                vTaskInternalSetTimeOutState

.text.xTaskCheckForTimeOut
                0x0000d948      0x10c
 .text.xTaskCheckForTimeOut
                0x0000d948      0x10c CMakeFiles/FreeRTOS-LPC2000.elf.dir/FreeRTOS/tasks.c.obj
                0x0000d948                xTaskCheckForTimeOut

.text.vTaskMissedYield
                0x0000da54       0x28
 .text.vTaskMissedYield
                0x0000da54       0x28 CMakeFiles/FreeRTOS-LPC2000.elf.dir/FreeRTOS/tasks.c.obj
                0x0000da54                vTaskMissedYield

.text.prvIdleTask
                0x0000da7c       0x1c
 .text.prvIdleTask
                0x0000da7c       0x1c CMakeFiles/FreeRTOS-LPC2000.elf.dir/FreeRTOS/tasks.c.obj

.text.prvInitialiseTaskLists
                0x0000da98       0xb8
 .text.prvInitialiseTaskLists
                0x0000da98       0xb8 CMakeFiles/FreeRTOS-LPC2000.elf.dir/FreeRTOS/tasks.c.obj

.text.prvCheckTasksWaitingTermination
                0x0000db50       0x18
 .text.prvCheckTasksWaitingTermination
                0x0000db50       0x18 CMakeFiles/FreeRTOS-LPC2000.elf.dir/FreeRTOS/tasks.c.obj

.text.prvResetNextTaskUnblockTime
                0x0000db68       0x5c
 .text.prvResetNextTaskUnblockTime
                0x0000db68       0x5c CMakeFiles/FreeRTOS-LPC2000.elf.dir/FreeRTOS/tasks.c.obj

.text.prvAddCurrentTaskToDelayedList
                0x0000dbc4      0x198
 .text.prvAddCurrentTaskToDelayedList
                0x0000dbc4      0x198 CMakeFiles/FreeRTOS-LPC2000.elf.dir/FreeRTOS/tasks.c.obj

.text.LOG_init  0x0000dd5c       0x24
 .text.LOG_init
                0x0000dd5c       0x24 CMakeFiles/FreeRTOS-LPC2000.elf.dir/log/log.c.obj
                0x0000dd5c                LOG_init

.text.LOG_SERIAL
                0x0000dd80       0x98
 .text.LOG_SERIAL
                0x0000dd80       0x98 CMakeFiles/FreeRTOS-LPC2000.elf.dir/log/log.c.obj
                0x0000dd80                LOG_SERIAL

.text.vApplicationStackOverflowHook
                0x0000de18       0x34
 .text.vApplicationStackOverflowHook
                0x0000de18       0x34 CMakeFiles/FreeRTOS-LPC2000.elf.dir/src/main.c.obj
                0x0000de18                vApplicationStackOverflowHook

.text.vApplicationMallocFailedHook
                0x0000de4c       0x8c
 .text.vApplicationMallocFailedHook
                0x0000de4c       0x8c CMakeFiles/FreeRTOS-LPC2000.elf.dir/src/main.c.obj
                0x0000de4c                vApplicationMallocFailedHook

.text.TaskTest1
                0x0000ded8       0x6c
 .text.TaskTest1
                0x0000ded8       0x6c CMakeFiles/FreeRTOS-LPC2000.elf.dir/src/main.c.obj
                0x0000ded8                TaskTest1

.text.set_pll   0x0000df44       0xac
 .text.set_pll  0x0000df44       0xac CMakeFiles/FreeRTOS-LPC2000.elf.dir/src/main.c.obj
                0x0000df44                set_pll

.text.pollingWrite
                0x0000dff0      0x210
 .text.pollingWrite
                0x0000dff0      0x210 CMakeFiles/FreeRTOS-LPC2000.elf.dir/src/main.c.obj
                0x0000dff0                pollingWrite

.text.pollingRead
                0x0000e200      0x344
 .text.pollingRead
                0x0000e200      0x344 CMakeFiles/FreeRTOS-LPC2000.elf.dir/src/main.c.obj
                0x0000e200                pollingRead

.text.processMeasurements
                0x0000e548      0x6d8
 .text.processMeasurements
                0x0000e548      0x6d8 CMakeFiles/FreeRTOS-LPC2000.elf.dir/src/main.c.obj
                0x0000e548                processMeasurements

.text.printResults
                0x0000ec20      0x2c8
 .text.printResults
                0x0000ec20      0x2c8 CMakeFiles/FreeRTOS-LPC2000.elf.dir/src/main.c.obj
                0x0000ec20                printResults

.text.MPUTask   0x0000eee8      0x130
 .text.MPUTask  0x0000eee8      0x130 CMakeFiles/FreeRTOS-LPC2000.elf.dir/src/main.c.obj
                0x0000eee8                MPUTask

.text.GetMeasurement
                0x0000f018       0x50
 .text.GetMeasurement
                0x0000f018       0x50 CMakeFiles/FreeRTOS-LPC2000.elf.dir/src/main.c.obj
                0x0000f018                GetMeasurement

.text.userTask  0x0000f068       0x40
 .text.userTask
                0x0000f068       0x40 CMakeFiles/FreeRTOS-LPC2000.elf.dir/src/main.c.obj
                0x0000f068                userTask

.text.MPUTaskWrapper
                0x0000f0a8       0x20
 .text.MPUTaskWrapper
                0x0000f0a8       0x20 CMakeFiles/FreeRTOS-LPC2000.elf.dir/src/main.c.obj
                0x0000f0a8                MPUTaskWrapper

.text.userTaskWrapper
                0x0000f0c8       0x20
 .text.userTaskWrapper
                0x0000f0c8       0x20 CMakeFiles/FreeRTOS-LPC2000.elf.dir/src/main.c.obj
                0x0000f0c8                userTaskWrapper

.text.main      0x0000f0e8      0x1a8
 .text.main     0x0000f0e8      0x1a8 CMakeFiles/FreeRTOS-LPC2000.elf.dir/src/main.c.obj
                0x0000f0e8                main

.rel.dyn        0x0000f290        0x0
 .rel.iplt      0x0000f290        0x0 CMakeFiles/FreeRTOS-LPC2000.elf.dir/FreeRTOS/heap_2.c.obj
                0x0000f290                        . = ALIGN (0x4)

.ctors          0x0000f290        0x0
                0x0000f290                        PROVIDE (__ctors_start__ = .)
 *(SORT_BY_NAME(.ctors.*))
 *(.ctors)
                0x0000f290                        PROVIDE (__ctors_end__ = .)

.dtors          0x0000f290        0x0
                [!provide]                        PROVIDE (__dtors_start__ = .)
 *(SORT_BY_NAME(.dtors.*))
 *(.dtors)
                [!provide]                        PROVIDE (__dtors_end__ = .)
                0x0000f290                        . = ALIGN (0x4)
                0x0000f290                        _etext = .
                [!provide]                        PROVIDE (etext = .)

.data           0x40000000      0x6bc load address 0x0000f290
                0x40000000                        _data = .
 *(.data)
 .data          0x40000000      0x128 /usr/lib/gcc/arm-none-eabi/13.2.1/../../../arm-none-eabi/lib/libg.a(libc_a-impure.o)
                0x40000000                _impure_ptr
                0x40000008                _impure_data
 .data          0x40000128      0x410 /usr/lib/gcc/arm-none-eabi/13.2.1/../../../arm-none-eabi/lib/libg.a(libc_a-mallocr.o)
                0x40000128                __malloc_av_
                0x40000530                __malloc_sbrk_base
                0x40000534                __malloc_trim_threshold
 .data          0x40000538        0xc /usr/lib/gcc/arm-none-eabi/13.2.1/../../../arm-none-eabi/lib/libg.a(libc_a-findfp.o)
                0x40000538                __sglue
 .data          0x40000544      0x16c /usr/lib/gcc/arm-none-eabi/13.2.1/../../../arm-none-eabi/lib/libg.a(libc_a-locale.o)
                0x40000544                __global_locale
 .data          0x400006b0        0xc /usr/lib/gcc/arm-none-eabi/13.2.1/../../../arm-none-eabi/lib/librdimon.a(arm_librdimon_a-syscalls.o)
                0x400006b0                __heap_limit

.data.xFreeBytesRemaining
                0x400006bc        0x4 load address 0x0000f94c
 .data.xFreeBytesRemaining
                0x400006bc        0x4 CMakeFiles/FreeRTOS-LPC2000.elf.dir/FreeRTOS/heap_2.c.obj

.igot.plt       0x400006c0        0x0 load address 0x0000f950
 .igot.plt      0x400006c0        0x0 CMakeFiles/FreeRTOS-LPC2000.elf.dir/FreeRTOS/heap_2.c.obj

.data.ulCriticalNesting
                0x400006c0        0x4 load address 0x0000f950
 .data.ulCriticalNesting
                0x400006c0        0x4 CMakeFiles/FreeRTOS-LPC2000.elf.dir/FreeRTOS/portISR.c.obj
                0x400006c0                ulCriticalNesting

.data.lenWrite  0x400006c4        0x1 load address 0x0000f954
 .data.lenWrite
                0x400006c4        0x1 CMakeFiles/FreeRTOS-LPC2000.elf.dir/src/main.c.obj
                0x400006c4                lenWrite

.data.lenRead   0x400006c5        0x1 load address 0x0000f955
 .data.lenRead  0x400006c5        0x1 CMakeFiles/FreeRTOS-LPC2000.elf.dir/src/main.c.obj
                0x400006c5                lenRead

.data.regDat    0x400006c8       0x1c load address 0x0000f958
 .data.regDat   0x400006c8       0x1c CMakeFiles/FreeRTOS-LPC2000.elf.dir/src/main.c.obj
                0x400006c8                regDat
                0x400006e4                        . = ALIGN (0x4)
                0x400006e4                        _edata = .
                [!provide]                        PROVIDE (edata = .)

.bss            0x400006e4      0x224 load address 0x0000f974
                0x400006e4                        __bss_start = .
                0x400006e4                        __bss_start__ = .
 *(.bss)
 .bss           0x400006e4       0x34 /usr/lib/gcc/arm-none-eabi/13.2.1/../../../arm-none-eabi/lib/libg.a(libc_a-mallocr.o)
                0x400006e4                __malloc_top_pad
                0x400006e8                __malloc_current_mallinfo
                0x40000710                __malloc_max_sbrked_mem
                0x40000714                __malloc_max_total_mem
 .bss           0x40000718      0x13c /usr/lib/gcc/arm-none-eabi/13.2.1/../../../arm-none-eabi/lib/libg.a(libc_a-findfp.o)
                0x40000718                __sf
                0x40000850                __stdio_exit_handler
 .bss           0x40000854        0x4 /usr/lib/gcc/arm-none-eabi/13.2.1/../../../arm-none-eabi/lib/libg.a(libc_a-reent.o)
                0x40000854                errno
 .bss           0x40000858       0xb0 /usr/lib/gcc/arm-none-eabi/13.2.1/../../../arm-none-eabi/lib/librdimon.a(arm_librdimon_a-syscalls.o)
 *(COMMON)
                0x40000908                        . = ALIGN (0x4)

.bss.ucHeap     0x40000908     0x1800 load address 0x0000fb98
 .bss.ucHeap    0x40000908     0x1800 CMakeFiles/FreeRTOS-LPC2000.elf.dir/FreeRTOS/heap_2.c.obj

.bss.xStart     0x40002108        0x8 load address 0x00011398
 .bss.xStart    0x40002108        0x8 CMakeFiles/FreeRTOS-LPC2000.elf.dir/FreeRTOS/heap_2.c.obj

.bss.xEnd       0x40002110        0x8 load address 0x000113a0
 .bss.xEnd      0x40002110        0x8 CMakeFiles/FreeRTOS-LPC2000.elf.dir/FreeRTOS/heap_2.c.obj

.bss.xHeapHasBeenInitialised
                0x40002118        0x4 load address 0x000113a8
 .bss.xHeapHasBeenInitialised
                0x40002118        0x4 CMakeFiles/FreeRTOS-LPC2000.elf.dir/FreeRTOS/heap_2.c.obj

.bss.xRxedChars
                0x4000211c        0x8 load address 0x000113ac
 .bss.xRxedChars
                0x4000211c        0x4 CMakeFiles/FreeRTOS-LPC2000.elf.dir/FreeRTOS/serial.c.obj
 .bss.xRxedChars
                0x40002120        0x4 CMakeFiles/FreeRTOS-LPC2000.elf.dir/FreeRTOS/serialISR.c.obj

.bss.xCharsForTx
                0x40002124        0x8 load address 0x000113b4
 .bss.xCharsForTx
                0x40002124        0x4 CMakeFiles/FreeRTOS-LPC2000.elf.dir/FreeRTOS/serial.c.obj
 .bss.xCharsForTx
                0x40002128        0x4 CMakeFiles/FreeRTOS-LPC2000.elf.dir/FreeRTOS/serialISR.c.obj

.bss.plTHREEmpty
                0x4000212c        0x4 load address 0x000113bc
 .bss.plTHREEmpty
                0x4000212c        0x4 CMakeFiles/FreeRTOS-LPC2000.elf.dir/FreeRTOS/serial.c.obj

.bss.lTHREEmpty
                0x40002130        0x4 load address 0x000113c0
 .bss.lTHREEmpty
                0x40002130        0x4 CMakeFiles/FreeRTOS-LPC2000.elf.dir/FreeRTOS/serialISR.c.obj

.bss.pxCurrentTCB
                0x40002134        0x4 load address 0x000113c4
 .bss.pxCurrentTCB
                0x40002134        0x4 CMakeFiles/FreeRTOS-LPC2000.elf.dir/FreeRTOS/tasks.c.obj
                0x40002134                pxCurrentTCB

.bss.pxReadyTasksLists
                0x40002138       0x50 load address 0x000113c8
 .bss.pxReadyTasksLists
                0x40002138       0x50 CMakeFiles/FreeRTOS-LPC2000.elf.dir/FreeRTOS/tasks.c.obj

.bss.xDelayedTaskList1
                0x40002188       0x14 load address 0x00011418
 .bss.xDelayedTaskList1
                0x40002188       0x14 CMakeFiles/FreeRTOS-LPC2000.elf.dir/FreeRTOS/tasks.c.obj

.bss.xDelayedTaskList2
                0x4000219c       0x14 load address 0x0001142c
 .bss.xDelayedTaskList2
                0x4000219c       0x14 CMakeFiles/FreeRTOS-LPC2000.elf.dir/FreeRTOS/tasks.c.obj

.bss.pxDelayedTaskList
                0x400021b0        0x4 load address 0x00011440
 .bss.pxDelayedTaskList
                0x400021b0        0x4 CMakeFiles/FreeRTOS-LPC2000.elf.dir/FreeRTOS/tasks.c.obj

.bss.pxOverflowDelayedTaskList
                0x400021b4        0x4 load address 0x00011444
 .bss.pxOverflowDelayedTaskList
                0x400021b4        0x4 CMakeFiles/FreeRTOS-LPC2000.elf.dir/FreeRTOS/tasks.c.obj

.bss.xPendingReadyList
                0x400021b8       0x14 load address 0x00011448
 .bss.xPendingReadyList
                0x400021b8       0x14 CMakeFiles/FreeRTOS-LPC2000.elf.dir/FreeRTOS/tasks.c.obj

.bss.xSuspendedTaskList
                0x400021cc       0x14 load address 0x0001145c
 .bss.xSuspendedTaskList
                0x400021cc       0x14 CMakeFiles/FreeRTOS-LPC2000.elf.dir/FreeRTOS/tasks.c.obj

.bss.uxCurrentNumberOfTasks
                0x400021e0        0x4 load address 0x00011470
 .bss.uxCurrentNumberOfTasks
                0x400021e0        0x4 CMakeFiles/FreeRTOS-LPC2000.elf.dir/FreeRTOS/tasks.c.obj

.bss.xTickCount
                0x400021e4        0x4 load address 0x00011474
 .bss.xTickCount
                0x400021e4        0x4 CMakeFiles/FreeRTOS-LPC2000.elf.dir/FreeRTOS/tasks.c.obj

.bss.uxTopReadyPriority
                0x400021e8        0x4 load address 0x00011478
 .bss.uxTopReadyPriority
                0x400021e8        0x4 CMakeFiles/FreeRTOS-LPC2000.elf.dir/FreeRTOS/tasks.c.obj

.bss.xSchedulerRunning
                0x400021ec        0x4 load address 0x0001147c
 .bss.xSchedulerRunning
                0x400021ec        0x4 CMakeFiles/FreeRTOS-LPC2000.elf.dir/FreeRTOS/tasks.c.obj

.bss.xPendedTicks
                0x400021f0        0x4 load address 0x00011480
 .bss.xPendedTicks
                0x400021f0        0x4 CMakeFiles/FreeRTOS-LPC2000.elf.dir/FreeRTOS/tasks.c.obj

.bss.xYieldPendings
                0x400021f4        0x4 load address 0x00011484
 .bss.xYieldPendings
                0x400021f4        0x4 CMakeFiles/FreeRTOS-LPC2000.elf.dir/FreeRTOS/tasks.c.obj

.bss.xNumOfOverflows
                0x400021f8        0x4 load address 0x00011488
 .bss.xNumOfOverflows
                0x400021f8        0x4 CMakeFiles/FreeRTOS-LPC2000.elf.dir/FreeRTOS/tasks.c.obj

.bss.uxTaskNumber
                0x400021fc        0x4 load address 0x0001148c
 .bss.uxTaskNumber
                0x400021fc        0x4 CMakeFiles/FreeRTOS-LPC2000.elf.dir/FreeRTOS/tasks.c.obj

.bss.xNextTaskUnblockTime
                0x40002200        0x4 load address 0x00011490
 .bss.xNextTaskUnblockTime
                0x40002200        0x4 CMakeFiles/FreeRTOS-LPC2000.elf.dir/FreeRTOS/tasks.c.obj

.bss.xIdleTaskHandles
                0x40002204        0x4 load address 0x00011494
 .bss.xIdleTaskHandles
                0x40002204        0x4 CMakeFiles/FreeRTOS-LPC2000.elf.dir/FreeRTOS/tasks.c.obj

.bss.uxSchedulerSuspended
                0x40002208        0x4 load address 0x00011498
 .bss.uxSchedulerSuspended
                0x40002208        0x4 CMakeFiles/FreeRTOS-LPC2000.elf.dir/FreeRTOS/tasks.c.obj

.bss.buf.1      0x4000220c      0x400 load address 0x0001149c
 .bss.buf.1     0x4000220c      0x400 CMakeFiles/FreeRTOS-LPC2000.elf.dir/log/log.c.obj

.bss.len.0      0x4000260c        0x4 load address 0x0001189c
 .bss.len.0     0x4000260c        0x4 CMakeFiles/FreeRTOS-LPC2000.elf.dir/log/log.c.obj

.bss.doneInit   0x40002610        0x1 load address 0x000118a0
 .bss.doneInit  0x40002610        0x1 CMakeFiles/FreeRTOS-LPC2000.elf.dir/src/main.c.obj
                0x40002610                doneInit

.bss.cntWrite   0x40002611        0x1 load address 0x000118a1
 .bss.cntWrite  0x40002611        0x1 CMakeFiles/FreeRTOS-LPC2000.elf.dir/src/main.c.obj
                0x40002611                cntWrite

.bss.cntRead    0x40002612        0x1 load address 0x000118a2
 .bss.cntRead   0x40002612        0x1 CMakeFiles/FreeRTOS-LPC2000.elf.dir/src/main.c.obj
                0x40002612                cntRead

.bss.cntIndex   0x40002613        0x1 load address 0x000118a3
 .bss.cntIndex  0x40002613        0x1 CMakeFiles/FreeRTOS-LPC2000.elf.dir/src/main.c.obj
                0x40002613                cntIndex

.bss.cntOperation
                0x40002614        0x1 load address 0x000118a4
 .bss.cntOperation
                0x40002614        0x1 CMakeFiles/FreeRTOS-LPC2000.elf.dir/src/main.c.obj
                0x40002614                cntOperation

.bss.measurements
                0x40002618        0xe load address 0x000118a8
 .bss.measurements
                0x40002618        0xe CMakeFiles/FreeRTOS-LPC2000.elf.dir/src/main.c.obj
                0x40002618                measurements

.bss.failedBefore
                0x40002626        0x1 load address 0x000118b6
 .bss.failedBefore
                0x40002626        0x1 CMakeFiles/FreeRTOS-LPC2000.elf.dir/src/main.c.obj
                0x40002626                failedBefore

.bss.numberOfFails
                0x40002627        0x1 load address 0x000118b7
 .bss.numberOfFails
                0x40002627        0x1 CMakeFiles/FreeRTOS-LPC2000.elf.dir/src/main.c.obj
                0x40002627                numberOfFails

.bss.privateMeasurementVar
                0x40002628       0x3c load address 0x000118b8
 .bss.privateMeasurementVar
                0x40002628       0x3c CMakeFiles/FreeRTOS-LPC2000.elf.dir/src/main.c.obj
                0x40002628                privateMeasurementVar

.bss.n.0        0x40002664        0x4 load address 0x000118f4
 .bss.n.0       0x40002664        0x4 CMakeFiles/FreeRTOS-LPC2000.elf.dir/src/main.c.obj
                0x40002668                        . = ALIGN (0x4)
                0x40002668                        __bss_end__ = .
                [!provide]                        PROVIDE (__bss_end = .)

.stack          0x40002668      0x898 load address 0x000118f8
                0x40002700                        . = ALIGN (0x100)
 *fill*         0x40002668       0x98 
                0x40002f00                        . = (. + STACK_SIZE)
 *fill*         0x40002700      0x800 
                0x40002f00                        PROVIDE (_stack = .)

.sysmem
                0x40002f00                        _end = .
                0x40002f00                        PROVIDE (end = .)

.stab
 *(.stab)

.stabstr
 *(.stabstr)

.stab.excl
 *(.stab.excl)

.stab.exclstr
 *(.stab.exclstr)

.stab.index
 *(.stab.index)

.stab.indexstr
 *(.stab.indexstr)

.comment        0x00000000       0x26
 *(.comment)
 .comment       0x00000000       0x26 CMakeFiles/FreeRTOS-LPC2000.elf.dir/FreeRTOS/heap_2.c.obj
                                 0x27 (size before relaxing)
 .comment       0x00000026       0x27 CMakeFiles/FreeRTOS-LPC2000.elf.dir/FreeRTOS/list.c.obj
 .comment       0x00000026       0x27 CMakeFiles/FreeRTOS-LPC2000.elf.dir/FreeRTOS/port.c.obj
 .comment       0x00000026       0x27 CMakeFiles/FreeRTOS-LPC2000.elf.dir/FreeRTOS/portISR.c.obj
 .comment       0x00000026       0x27 CMakeFiles/FreeRTOS-LPC2000.elf.dir/FreeRTOS/queue.c.obj
 .comment       0x00000026       0x27 CMakeFiles/FreeRTOS-LPC2000.elf.dir/FreeRTOS/serial.c.obj
 .comment       0x00000026       0x27 CMakeFiles/FreeRTOS-LPC2000.elf.dir/FreeRTOS/serialISR.c.obj
 .comment       0x00000026       0x27 CMakeFiles/FreeRTOS-LPC2000.elf.dir/FreeRTOS/tasks.c.obj
 .comment       0x00000026       0x27 CMakeFiles/FreeRTOS-LPC2000.elf.dir/log/log.c.obj
 .comment       0x00000026       0x27 CMakeFiles/FreeRTOS-LPC2000.elf.dir/src/main.c.obj
 .comment       0x00000026       0x27 /usr/lib/gcc/arm-none-eabi/13.2.1/../../../arm-none-eabi/lib/libg.a(libc_a-memset.o)
 .comment       0x00000026       0x27 /usr/lib/gcc/arm-none-eabi/13.2.1/../../../arm-none-eabi/lib/libg.a(libc_a-vsnprintf.o)
 .comment       0x00000026       0x27 /usr/lib/gcc/arm-none-eabi/13.2.1/../../../arm-none-eabi/lib/libg.a(libc_a-svfprintf.o)
 .comment       0x00000026       0x27 /usr/lib/gcc/arm-none-eabi/13.2.1/../../../arm-none-eabi/lib/libg.a(libc_a-impure.o)
 .comment       0x00000026       0x27 /usr/lib/gcc/arm-none-eabi/13.2.1/../../../arm-none-eabi/lib/libg.a(libc_a-mallocr.o)
 .comment       0x00000026       0x27 /usr/lib/gcc/arm-none-eabi/13.2.1/../../../arm-none-eabi/lib/libg.a(libc_a-memcpy-stub.o)
 .comment       0x00000026       0x27 /usr/lib/gcc/arm-none-eabi/13.2.1/../../../arm-none-eabi/lib/libg.a(libc_a-dtoa.o)
 .comment       0x00000026       0x27 /usr/lib/gcc/arm-none-eabi/13.2.1/../../../arm-none-eabi/lib/libg.a(libc_a-freer.o)
 .comment       0x00000026       0x27 /usr/lib/gcc/arm-none-eabi/13.2.1/../../../arm-none-eabi/lib/libg.a(libc_a-sysconf.o)
 .comment       0x00000026       0x27 /usr/lib/gcc/arm-none-eabi/13.2.1/../../../arm-none-eabi/lib/libg.a(libc_a-mlock.o)
 .comment       0x00000026       0x27 /usr/lib/gcc/arm-none-eabi/13.2.1/../../../arm-none-eabi/lib/libg.a(libc_a-findfp.o)
 .comment       0x00000026       0x27 /usr/lib/gcc/arm-none-eabi/13.2.1/../../../arm-none-eabi/lib/libg.a(libc_a-ssprint_r.o)
 .comment       0x00000026       0x27 /usr/lib/gcc/arm-none-eabi/13.2.1/../../../arm-none-eabi/lib/libg.a(libc_a-strlen-stub.o)
 .comment       0x00000026       0x27 /usr/lib/gcc/arm-none-eabi/13.2.1/../../../arm-none-eabi/lib/libg.a(libc_a-sbrkr.o)
 .comment       0x00000026       0x27 /usr/lib/gcc/arm-none-eabi/13.2.1/../../../arm-none-eabi/lib/libg.a(libc_a-assert.o)
 .comment       0x00000026       0x27 /usr/lib/gcc/arm-none-eabi/13.2.1/../../../arm-none-eabi/lib/libg.a(libc_a-mprec.o)
 .comment       0x00000026       0x27 /usr/lib/gcc/arm-none-eabi/13.2.1/../../../arm-none-eabi/lib/libg.a(libc_a-memchr-stub.o)
 .comment       0x00000026       0x27 /usr/lib/gcc/arm-none-eabi/13.2.1/../../../arm-none-eabi/lib/libg.a(libc_a-fwalk.o)
 .comment       0x00000026       0x27 /usr/lib/gcc/arm-none-eabi/13.2.1/../../../arm-none-eabi/lib/libg.a(libc_a-localeconv.o)
 .comment       0x00000026       0x27 /usr/lib/gcc/arm-none-eabi/13.2.1/../../../arm-none-eabi/lib/libg.a(libc_a-locale.o)
 .comment       0x00000026       0x27 /usr/lib/gcc/arm-none-eabi/13.2.1/../../../arm-none-eabi/lib/libg.a(libc_a-mbtowc_r.o)
 .comment       0x00000026       0x27 /usr/lib/gcc/arm-none-eabi/13.2.1/../../../arm-none-eabi/lib/libg.a(libc_a-errno.o)
 .comment       0x00000026       0x27 /usr/lib/gcc/arm-none-eabi/13.2.1/../../../arm-none-eabi/lib/libg.a(libc_a-callocr.o)
 .comment       0x00000026       0x27 /usr/lib/gcc/arm-none-eabi/13.2.1/../../../arm-none-eabi/lib/libg.a(libc_a-ssputs_r.o)
 .comment       0x00000026       0x27 /usr/lib/gcc/arm-none-eabi/13.2.1/../../../arm-none-eabi/lib/libg.a(libc_a-fiprintf.o)
 .comment       0x00000026       0x27 /usr/lib/gcc/arm-none-eabi/13.2.1/../../../arm-none-eabi/lib/libg.a(libc_a-fclose.o)
 .comment       0x00000026       0x27 /usr/lib/gcc/arm-none-eabi/13.2.1/../../../arm-none-eabi/lib/libg.a(libc_a-wctomb_r.o)
 .comment       0x00000026       0x27 /usr/lib/gcc/arm-none-eabi/13.2.1/../../../arm-none-eabi/lib/libg.a(libc_a-stdio.o)
 .comment       0x00000026       0x27 /usr/lib/gcc/arm-none-eabi/13.2.1/../../../arm-none-eabi/lib/libg.a(libc_a-reent.o)
 .comment       0x00000026       0x27 /usr/lib/gcc/arm-none-eabi/13.2.1/../../../arm-none-eabi/lib/libg.a(libc_a-reallocr.o)
 .comment       0x00000026       0x27 /usr/lib/gcc/arm-none-eabi/13.2.1/../../../arm-none-eabi/lib/libg.a(libc_a-writer.o)
 .comment       0x00000026       0x27 /usr/lib/gcc/arm-none-eabi/13.2.1/../../../arm-none-eabi/lib/libg.a(libc_a-ctype_.o)
 .comment       0x00000026       0x27 /usr/lib/gcc/arm-none-eabi/13.2.1/../../../arm-none-eabi/lib/libg.a(libc_a-closer.o)
 .comment       0x00000026       0x27 /usr/lib/gcc/arm-none-eabi/13.2.1/../../../arm-none-eabi/lib/libg.a(libc_a-fflush.o)
 .comment       0x00000026       0x27 /usr/lib/gcc/arm-none-eabi/13.2.1/../../../arm-none-eabi/lib/libg.a(libc_a-memmove.o)
 .comment       0x00000026       0x27 /usr/lib/gcc/arm-none-eabi/13.2.1/../../../arm-none-eabi/lib/libg.a(libc_a-vfiprintf.o)
 .comment       0x00000026       0x27 /usr/lib/gcc/arm-none-eabi/13.2.1/../../../arm-none-eabi/lib/libg.a(libc_a-readr.o)
 .comment       0x00000026       0x27 /usr/lib/gcc/arm-none-eabi/13.2.1/../../../arm-none-eabi/lib/libg.a(libc_a-wsetup.o)
 .comment       0x00000026       0x27 /usr/lib/gcc/arm-none-eabi/13.2.1/../../../arm-none-eabi/lib/libg.a(libc_a-lseekr.o)
 .comment       0x00000026       0x27 /usr/lib/gcc/arm-none-eabi/13.2.1/../../../arm-none-eabi/lib/libg.a(libc_a-sprint_r.o)
 .comment       0x00000026       0x27 /usr/lib/gcc/arm-none-eabi/13.2.1/../../../arm-none-eabi/lib/libg.a(libc_a-makebuf.o)
 .comment       0x00000026       0x27 /usr/lib/gcc/arm-none-eabi/13.2.1/../../../arm-none-eabi/lib/libg.a(libc_a-fstatr.o)
 .comment       0x00000026       0x27 /usr/lib/gcc/arm-none-eabi/13.2.1/../../../arm-none-eabi/lib/libg.a(libc_a-isattyr.o)
 .comment       0x00000026       0x27 /usr/lib/gcc/arm-none-eabi/13.2.1/../../../arm-none-eabi/lib/libg.a(libc_a-fvwrite.o)
 .comment       0x00000026       0x27 /usr/lib/gcc/arm-none-eabi/13.2.1/../../../arm-none-eabi/lib/librdimon.a(arm_librdimon_a-syscalls.o)

.ARM.attributes
                0x00000000       0x26
 .ARM.attributes
                0x00000000       0x1c /usr/lib/gcc/arm-none-eabi/13.2.1/crti.o
 .ARM.attributes
                0x0000001c       0x2a CMakeFiles/FreeRTOS-LPC2000.elf.dir/FreeRTOS/heap_2.c.obj
 .ARM.attributes
                0x00000046       0x2a CMakeFiles/FreeRTOS-LPC2000.elf.dir/FreeRTOS/list.c.obj
 .ARM.attributes
                0x00000070       0x2a CMakeFiles/FreeRTOS-LPC2000.elf.dir/FreeRTOS/port.c.obj
 .ARM.attributes
                0x0000009a       0x2a CMakeFiles/FreeRTOS-LPC2000.elf.dir/FreeRTOS/portISR.c.obj
 .ARM.attributes
                0x000000c4       0x2a CMakeFiles/FreeRTOS-LPC2000.elf.dir/FreeRTOS/queue.c.obj
 .ARM.attributes
                0x000000ee       0x2a CMakeFiles/FreeRTOS-LPC2000.elf.dir/FreeRTOS/serial.c.obj
 .ARM.attributes
                0x00000118       0x2a CMakeFiles/FreeRTOS-LPC2000.elf.dir/FreeRTOS/serialISR.c.obj
 .ARM.attributes
                0x00000142       0x2a CMakeFiles/FreeRTOS-LPC2000.elf.dir/FreeRTOS/tasks.c.obj
 .ARM.attributes
                0x0000016c       0x2a CMakeFiles/FreeRTOS-LPC2000.elf.dir/log/log.c.obj
 .ARM.attributes
                0x00000196       0x2a CMakeFiles/FreeRTOS-LPC2000.elf.dir/src/main.c.obj
 .ARM.attributes
                0x000001c0       0x1a CMakeFiles/FreeRTOS-LPC2000.elf.dir/startup/crt0.S.obj
 .ARM.attributes
                0x000001da       0x1c /usr/lib/gcc/arm-none-eabi/13.2.1/libgcc.a(_udivsi3.o)
 .ARM.attributes
                0x000001f6       0x1c /usr/lib/gcc/arm-none-eabi/13.2.1/libgcc.a(_dvmd_tls.o)
 .ARM.attributes
                0x00000212       0x1c /usr/lib/gcc/arm-none-eabi/13.2.1/libgcc.a(_arm_addsubdf3.o)
 .ARM.attributes
                0x0000022e       0x1c /usr/lib/gcc/arm-none-eabi/13.2.1/libgcc.a(_arm_muldivdf3.o)
 .ARM.attributes
                0x0000024a       0x1c /usr/lib/gcc/arm-none-eabi/13.2.1/libgcc.a(_arm_cmpdf2.o)
 .ARM.attributes
                0x00000266       0x1c /usr/lib/gcc/arm-none-eabi/13.2.1/libgcc.a(_arm_fixdfsi.o)
 .ARM.attributes
                0x00000282       0x1c /usr/lib/gcc/arm-none-eabi/13.2.1/libgcc.a(_arm_truncdfsf2.o)
 .ARM.attributes
                0x0000029e       0x2a /usr/lib/gcc/arm-none-eabi/13.2.1/../../../arm-none-eabi/lib/libg.a(libc_a-memset.o)
 .ARM.attributes
                0x000002c8       0x2a /usr/lib/gcc/arm-none-eabi/13.2.1/../../../arm-none-eabi/lib/libg.a(libc_a-vsnprintf.o)
 .ARM.attributes
                0x000002f2       0x2a /usr/lib/gcc/arm-none-eabi/13.2.1/../../../arm-none-eabi/lib/libg.a(libc_a-svfprintf.o)
 .ARM.attributes
                0x0000031c       0x2a /usr/lib/gcc/arm-none-eabi/13.2.1/../../../arm-none-eabi/lib/libg.a(libc_a-impure.o)
 .ARM.attributes
                0x00000346       0x2a /usr/lib/gcc/arm-none-eabi/13.2.1/../../../arm-none-eabi/lib/libg.a(libc_a-mallocr.o)
 .ARM.attributes
                0x00000370       0x2a /usr/lib/gcc/arm-none-eabi/13.2.1/../../../arm-none-eabi/lib/libg.a(libc_a-memcpy-stub.o)
 .ARM.attributes
                0x0000039a       0x2a /usr/lib/gcc/arm-none-eabi/13.2.1/../../../arm-none-eabi/lib/libg.a(libc_a-dtoa.o)
 .ARM.attributes
                0x000003c4       0x2a /usr/lib/gcc/arm-none-eabi/13.2.1/../../../arm-none-eabi/lib/libg.a(libc_a-freer.o)
 .ARM.attributes
                0x000003ee       0x2a /usr/lib/gcc/arm-none-eabi/13.2.1/../../../arm-none-eabi/lib/libg.a(libc_a-sysconf.o)
 .ARM.attributes
                0x00000418       0x2a /usr/lib/gcc/arm-none-eabi/13.2.1/../../../arm-none-eabi/lib/libg.a(libc_a-mlock.o)
 .ARM.attributes
                0x00000442       0x2a /usr/lib/gcc/arm-none-eabi/13.2.1/../../../arm-none-eabi/lib/libg.a(libc_a-findfp.o)
 .ARM.attributes
                0x0000046c       0x2a /usr/lib/gcc/arm-none-eabi/13.2.1/../../../arm-none-eabi/lib/libg.a(libc_a-ssprint_r.o)
 .ARM.attributes
                0x00000496       0x2a /usr/lib/gcc/arm-none-eabi/13.2.1/../../../arm-none-eabi/lib/libg.a(libc_a-strlen-stub.o)
 .ARM.attributes
                0x000004c0       0x2a /usr/lib/gcc/arm-none-eabi/13.2.1/../../../arm-none-eabi/lib/libg.a(libc_a-sbrkr.o)
 .ARM.attributes
                0x000004ea       0x2a /usr/lib/gcc/arm-none-eabi/13.2.1/../../../arm-none-eabi/lib/libg.a(libc_a-assert.o)
 .ARM.attributes
                0x00000514       0x2a /usr/lib/gcc/arm-none-eabi/13.2.1/../../../arm-none-eabi/lib/libg.a(libc_a-mprec.o)
 .ARM.attributes
                0x0000053e       0x2a /usr/lib/gcc/arm-none-eabi/13.2.1/../../../arm-none-eabi/lib/libg.a(libc_a-memchr-stub.o)
 .ARM.attributes
                0x00000568       0x2a /usr/lib/gcc/arm-none-eabi/13.2.1/../../../arm-none-eabi/lib/libg.a(libc_a-fwalk.o)
 .ARM.attributes
                0x00000592       0x2a /usr/lib/gcc/arm-none-eabi/13.2.1/../../../arm-none-eabi/lib/libg.a(libc_a-localeconv.o)
 .ARM.attributes
                0x000005bc       0x2a /usr/lib/gcc/arm-none-eabi/13.2.1/../../../arm-none-eabi/lib/libg.a(libc_a-locale.o)
 .ARM.attributes
                0x000005e6       0x2a /usr/lib/gcc/arm-none-eabi/13.2.1/../../../arm-none-eabi/lib/libg.a(libc_a-mbtowc_r.o)
 .ARM.attributes
                0x00000610       0x2a /usr/lib/gcc/arm-none-eabi/13.2.1/../../../arm-none-eabi/lib/libg.a(libc_a-errno.o)
 .ARM.attributes
                0x0000063a       0x2a /usr/lib/gcc/arm-none-eabi/13.2.1/../../../arm-none-eabi/lib/libg.a(libc_a-callocr.o)
 .ARM.attributes
                0x00000664       0x2a /usr/lib/gcc/arm-none-eabi/13.2.1/../../../arm-none-eabi/lib/libg.a(libc_a-ssputs_r.o)
 .ARM.attributes
                0x0000068e       0x2a /usr/lib/gcc/arm-none-eabi/13.2.1/../../../arm-none-eabi/lib/libg.a(libc_a-fiprintf.o)
 .ARM.attributes
                0x000006b8       0x2a /usr/lib/gcc/arm-none-eabi/13.2.1/../../../arm-none-eabi/lib/libg.a(libc_a-fclose.o)
 .ARM.attributes
                0x000006e2       0x2a /usr/lib/gcc/arm-none-eabi/13.2.1/../../../arm-none-eabi/lib/libg.a(libc_a-wctomb_r.o)
 .ARM.attributes
                0x0000070c       0x2a /usr/lib/gcc/arm-none-eabi/13.2.1/../../../arm-none-eabi/lib/libg.a(libc_a-stdio.o)
 .ARM.attributes
                0x00000736       0x2a /usr/lib/gcc/arm-none-eabi/13.2.1/../../../arm-none-eabi/lib/libg.a(libc_a-reent.o)
 .ARM.attributes
                0x00000760       0x2a /usr/lib/gcc/arm-none-eabi/13.2.1/../../../arm-none-eabi/lib/libg.a(libc_a-reallocr.o)
 .ARM.attributes
                0x0000078a       0x2a /usr/lib/gcc/arm-none-eabi/13.2.1/../../../arm-none-eabi/lib/libg.a(libc_a-writer.o)
 .ARM.attributes
                0x000007b4       0x2a /usr/lib/gcc/arm-none-eabi/13.2.1/../../../arm-none-eabi/lib/libg.a(libc_a-ctype_.o)
 .ARM.attributes
                0x000007de       0x2a /usr/lib/gcc/arm-none-eabi/13.2.1/../../../arm-none-eabi/lib/libg.a(libc_a-closer.o)
 .ARM.attributes
                0x00000808       0x2a /usr/lib/gcc/arm-none-eabi/13.2.1/../../../arm-none-eabi/lib/libg.a(libc_a-fflush.o)
 .ARM.attributes
                0x00000832       0x2a /usr/lib/gcc/arm-none-eabi/13.2.1/../../../arm-none-eabi/lib/libg.a(libc_a-memmove.o)
 .ARM.attributes
                0x0000085c       0x2a /usr/lib/gcc/arm-none-eabi/13.2.1/../../../arm-none-eabi/lib/libg.a(libc_a-vfiprintf.o)
 .ARM.attributes
                0x00000886       0x2a /usr/lib/gcc/arm-none-eabi/13.2.1/../../../arm-none-eabi/lib/libg.a(libc_a-readr.o)
 .ARM.attributes
                0x000008b0       0x2a /usr/lib/gcc/arm-none-eabi/13.2.1/../../../arm-none-eabi/lib/libg.a(libc_a-wsetup.o)
 .ARM.attributes
                0x000008da       0x2a /usr/lib/gcc/arm-none-eabi/13.2.1/../../../arm-none-eabi/lib/libg.a(libc_a-lseekr.o)
 .ARM.attributes
                0x00000904       0x2a /usr/lib/gcc/arm-none-eabi/13.2.1/../../../arm-none-eabi/lib/libg.a(libc_a-sprint_r.o)
 .ARM.attributes
                0x0000092e       0x2a /usr/lib/gcc/arm-none-eabi/13.2.1/../../../arm-none-eabi/lib/libg.a(libc_a-makebuf.o)
 .ARM.attributes
                0x00000958       0x2a /usr/lib/gcc/arm-none-eabi/13.2.1/../../../arm-none-eabi/lib/libg.a(libc_a-fstatr.o)
 .ARM.attributes
                0x00000982       0x2a /usr/lib/gcc/arm-none-eabi/13.2.1/../../../arm-none-eabi/lib/libg.a(libc_a-isattyr.o)
 .ARM.attributes
                0x000009ac       0x2a /usr/lib/gcc/arm-none-eabi/13.2.1/../../../arm-none-eabi/lib/libg.a(libc_a-fvwrite.o)
 .ARM.attributes
                0x000009d6       0x1c /usr/lib/gcc/arm-none-eabi/13.2.1/libgcc.a(_divsi3.o)
 .ARM.attributes
                0x000009f2       0x1c /usr/lib/gcc/arm-none-eabi/13.2.1/libgcc.a(_arm_unorddf2.o)
 .ARM.attributes
                0x00000a0e       0x2a /usr/lib/gcc/arm-none-eabi/13.2.1/../../../arm-none-eabi/lib/librdimon.a(arm_librdimon_a-syscalls.o)

.debug
 *(.debug)

.line
 *(.line)

.debug_srcinfo
 *(.debug_srcinfo)

.debug_sfnames
 *(.debug_sfnames)

.debug_aranges  0x00000000      0xb90
 *(.debug_aranges)
 .debug_aranges
                0x00000000       0x50 CMakeFiles/FreeRTOS-LPC2000.elf.dir/FreeRTOS/heap_2.c.obj
 .debug_aranges
                0x00000050       0x40 CMakeFiles/FreeRTOS-LPC2000.elf.dir/FreeRTOS/list.c.obj
 .debug_aranges
                0x00000090       0x38 CMakeFiles/FreeRTOS-LPC2000.elf.dir/FreeRTOS/port.c.obj
 .debug_aranges
                0x000000c8       0x40 CMakeFiles/FreeRTOS-LPC2000.elf.dir/FreeRTOS/portISR.c.obj
 .debug_aranges
                0x00000108       0xd8 CMakeFiles/FreeRTOS-LPC2000.elf.dir/FreeRTOS/queue.c.obj
 .debug_aranges
                0x000001e0       0x40 CMakeFiles/FreeRTOS-LPC2000.elf.dir/FreeRTOS/serial.c.obj
 .debug_aranges
                0x00000220       0x30 CMakeFiles/FreeRTOS-LPC2000.elf.dir/FreeRTOS/serialISR.c.obj
 .debug_aranges
                0x00000250      0x1b0 CMakeFiles/FreeRTOS-LPC2000.elf.dir/FreeRTOS/tasks.c.obj
 .debug_aranges
                0x00000400       0x28 CMakeFiles/FreeRTOS-LPC2000.elf.dir/log/log.c.obj
 .debug_aranges
                0x00000428       0x98 CMakeFiles/FreeRTOS-LPC2000.elf.dir/src/main.c.obj
 .debug_aranges
                0x000004c0       0x20 CMakeFiles/FreeRTOS-LPC2000.elf.dir/startup/crt0.S.obj
 .debug_aranges
                0x000004e0       0x20 /usr/lib/gcc/arm-none-eabi/13.2.1/libgcc.a(_udivsi3.o)
 .debug_aranges
                0x00000500       0x20 /usr/lib/gcc/arm-none-eabi/13.2.1/libgcc.a(_dvmd_tls.o)
 .debug_aranges
                0x00000520       0x20 /usr/lib/gcc/arm-none-eabi/13.2.1/libgcc.a(_arm_addsubdf3.o)
 .debug_aranges
                0x00000540       0x20 /usr/lib/gcc/arm-none-eabi/13.2.1/libgcc.a(_arm_muldivdf3.o)
 .debug_aranges
                0x00000560       0x20 /usr/lib/gcc/arm-none-eabi/13.2.1/libgcc.a(_arm_cmpdf2.o)
 .debug_aranges
                0x00000580       0x20 /usr/lib/gcc/arm-none-eabi/13.2.1/libgcc.a(_arm_fixdfsi.o)
 .debug_aranges
                0x000005a0       0x20 /usr/lib/gcc/arm-none-eabi/13.2.1/libgcc.a(_arm_truncdfsf2.o)
 .debug_aranges
                0x000005c0       0x20 /usr/lib/gcc/arm-none-eabi/13.2.1/../../../arm-none-eabi/lib/libg.a(libc_a-memset.o)
 .debug_aranges
                0x000005e0       0x20 /usr/lib/gcc/arm-none-eabi/13.2.1/../../../arm-none-eabi/lib/libg.a(libc_a-vsnprintf.o)
 .debug_aranges
                0x00000600       0x20 /usr/lib/gcc/arm-none-eabi/13.2.1/../../../arm-none-eabi/lib/libg.a(libc_a-svfprintf.o)
 .debug_aranges
                0x00000620       0x18 /usr/lib/gcc/arm-none-eabi/13.2.1/../../../arm-none-eabi/lib/libg.a(libc_a-impure.o)
 .debug_aranges
                0x00000638       0x20 /usr/lib/gcc/arm-none-eabi/13.2.1/../../../arm-none-eabi/lib/libg.a(libc_a-mallocr.o)
 .debug_aranges
                0x00000658       0x20 /usr/lib/gcc/arm-none-eabi/13.2.1/../../../arm-none-eabi/lib/libg.a(libc_a-memcpy-stub.o)
 .debug_aranges
                0x00000678       0x20 /usr/lib/gcc/arm-none-eabi/13.2.1/../../../arm-none-eabi/lib/libg.a(libc_a-dtoa.o)
 .debug_aranges
                0x00000698       0x20 /usr/lib/gcc/arm-none-eabi/13.2.1/../../../arm-none-eabi/lib/libg.a(libc_a-freer.o)
 .debug_aranges
                0x000006b8       0x20 /usr/lib/gcc/arm-none-eabi/13.2.1/../../../arm-none-eabi/lib/libg.a(libc_a-sysconf.o)
 .debug_aranges
                0x000006d8       0x20 /usr/lib/gcc/arm-none-eabi/13.2.1/../../../arm-none-eabi/lib/libg.a(libc_a-mlock.o)
 .debug_aranges
                0x000006f8       0x20 /usr/lib/gcc/arm-none-eabi/13.2.1/../../../arm-none-eabi/lib/libg.a(libc_a-findfp.o)
 .debug_aranges
                0x00000718       0x20 /usr/lib/gcc/arm-none-eabi/13.2.1/../../../arm-none-eabi/lib/libg.a(libc_a-ssprint_r.o)
 .debug_aranges
                0x00000738       0x20 /usr/lib/gcc/arm-none-eabi/13.2.1/../../../arm-none-eabi/lib/libg.a(libc_a-strlen-stub.o)
 .debug_aranges
                0x00000758       0x20 /usr/lib/gcc/arm-none-eabi/13.2.1/../../../arm-none-eabi/lib/libg.a(libc_a-sbrkr.o)
 .debug_aranges
                0x00000778       0x20 /usr/lib/gcc/arm-none-eabi/13.2.1/../../../arm-none-eabi/lib/libg.a(libc_a-assert.o)
 .debug_aranges
                0x00000798       0x20 /usr/lib/gcc/arm-none-eabi/13.2.1/../../../arm-none-eabi/lib/libg.a(libc_a-mprec.o)
 .debug_aranges
                0x000007b8       0x20 /usr/lib/gcc/arm-none-eabi/13.2.1/../../../arm-none-eabi/lib/libg.a(libc_a-memchr-stub.o)
 .debug_aranges
                0x000007d8       0x20 /usr/lib/gcc/arm-none-eabi/13.2.1/../../../arm-none-eabi/lib/libg.a(libc_a-fwalk.o)
 .debug_aranges
                0x000007f8       0x20 /usr/lib/gcc/arm-none-eabi/13.2.1/../../../arm-none-eabi/lib/libg.a(libc_a-localeconv.o)
 .debug_aranges
                0x00000818       0x20 /usr/lib/gcc/arm-none-eabi/13.2.1/../../../arm-none-eabi/lib/libg.a(libc_a-locale.o)
 .debug_aranges
                0x00000838       0x20 /usr/lib/gcc/arm-none-eabi/13.2.1/../../../arm-none-eabi/lib/libg.a(libc_a-mbtowc_r.o)
 .debug_aranges
                0x00000858       0x20 /usr/lib/gcc/arm-none-eabi/13.2.1/../../../arm-none-eabi/lib/libg.a(libc_a-errno.o)
 .debug_aranges
                0x00000878       0x20 /usr/lib/gcc/arm-none-eabi/13.2.1/../../../arm-none-eabi/lib/libg.a(libc_a-callocr.o)
 .debug_aranges
                0x00000898       0x20 /usr/lib/gcc/arm-none-eabi/13.2.1/../../../arm-none-eabi/lib/libg.a(libc_a-ssputs_r.o)
 .debug_aranges
                0x000008b8       0x20 /usr/lib/gcc/arm-none-eabi/13.2.1/../../../arm-none-eabi/lib/libg.a(libc_a-fiprintf.o)
 .debug_aranges
                0x000008d8       0x20 /usr/lib/gcc/arm-none-eabi/13.2.1/../../../arm-none-eabi/lib/libg.a(libc_a-fclose.o)
 .debug_aranges
                0x000008f8       0x20 /usr/lib/gcc/arm-none-eabi/13.2.1/../../../arm-none-eabi/lib/libg.a(libc_a-wctomb_r.o)
 .debug_aranges
                0x00000918       0x20 /usr/lib/gcc/arm-none-eabi/13.2.1/../../../arm-none-eabi/lib/libg.a(libc_a-stdio.o)
 .debug_aranges
                0x00000938       0x20 /usr/lib/gcc/arm-none-eabi/13.2.1/../../../arm-none-eabi/lib/libg.a(libc_a-reent.o)
 .debug_aranges
                0x00000958       0x20 /usr/lib/gcc/arm-none-eabi/13.2.1/../../../arm-none-eabi/lib/libg.a(libc_a-reallocr.o)
 .debug_aranges
                0x00000978       0x20 /usr/lib/gcc/arm-none-eabi/13.2.1/../../../arm-none-eabi/lib/libg.a(libc_a-writer.o)
 .debug_aranges
                0x00000998       0x18 /usr/lib/gcc/arm-none-eabi/13.2.1/../../../arm-none-eabi/lib/libg.a(libc_a-ctype_.o)
 .debug_aranges
                0x000009b0       0x20 /usr/lib/gcc/arm-none-eabi/13.2.1/../../../arm-none-eabi/lib/libg.a(libc_a-closer.o)
 .debug_aranges
                0x000009d0       0x20 /usr/lib/gcc/arm-none-eabi/13.2.1/../../../arm-none-eabi/lib/libg.a(libc_a-fflush.o)
 .debug_aranges
                0x000009f0       0x20 /usr/lib/gcc/arm-none-eabi/13.2.1/../../../arm-none-eabi/lib/libg.a(libc_a-memmove.o)
 .debug_aranges
                0x00000a10       0x20 /usr/lib/gcc/arm-none-eabi/13.2.1/../../../arm-none-eabi/lib/libg.a(libc_a-vfiprintf.o)
 .debug_aranges
                0x00000a30       0x20 /usr/lib/gcc/arm-none-eabi/13.2.1/../../../arm-none-eabi/lib/libg.a(libc_a-readr.o)
 .debug_aranges
                0x00000a50       0x20 /usr/lib/gcc/arm-none-eabi/13.2.1/../../../arm-none-eabi/lib/libg.a(libc_a-wsetup.o)
 .debug_aranges
                0x00000a70       0x20 /usr/lib/gcc/arm-none-eabi/13.2.1/../../../arm-none-eabi/lib/libg.a(libc_a-lseekr.o)
 .debug_aranges
                0x00000a90       0x20 /usr/lib/gcc/arm-none-eabi/13.2.1/../../../arm-none-eabi/lib/libg.a(libc_a-sprint_r.o)
 .debug_aranges
                0x00000ab0       0x20 /usr/lib/gcc/arm-none-eabi/13.2.1/../../../arm-none-eabi/lib/libg.a(libc_a-makebuf.o)
 .debug_aranges
                0x00000ad0       0x20 /usr/lib/gcc/arm-none-eabi/13.2.1/../../../arm-none-eabi/lib/libg.a(libc_a-fstatr.o)
 .debug_aranges
                0x00000af0       0x20 /usr/lib/gcc/arm-none-eabi/13.2.1/../../../arm-none-eabi/lib/libg.a(libc_a-isattyr.o)
 .debug_aranges
                0x00000b10       0x20 /usr/lib/gcc/arm-none-eabi/13.2.1/../../../arm-none-eabi/lib/libg.a(libc_a-fvwrite.o)
 .debug_aranges
                0x00000b30       0x20 /usr/lib/gcc/arm-none-eabi/13.2.1/libgcc.a(_divsi3.o)
 .debug_aranges
                0x00000b50       0x20 /usr/lib/gcc/arm-none-eabi/13.2.1/libgcc.a(_arm_unorddf2.o)
 .debug_aranges
                0x00000b70       0x20 /usr/lib/gcc/arm-none-eabi/13.2.1/../../../arm-none-eabi/lib/librdimon.a(arm_librdimon_a-syscalls.o)

.debug_pubnames
 *(.debug_pubnames)

.debug_info     0x00000000    0x20bee
 *(.debug_info .gnu.linkonce.wi.*)
 .debug_info    0x00000000      0x362 CMakeFiles/FreeRTOS-LPC2000.elf.dir/FreeRTOS/heap_2.c.obj
 .debug_info    0x00000362      0x29e CMakeFiles/FreeRTOS-LPC2000.elf.dir/FreeRTOS/list.c.obj
 .debug_info    0x00000600      0x19b CMakeFiles/FreeRTOS-LPC2000.elf.dir/FreeRTOS/port.c.obj
 .debug_info    0x0000079b      0x1ac CMakeFiles/FreeRTOS-LPC2000.elf.dir/FreeRTOS/portISR.c.obj
 .debug_info    0x00000947      0xe12 CMakeFiles/FreeRTOS-LPC2000.elf.dir/FreeRTOS/queue.c.obj
 .debug_info    0x00001759      0x320 CMakeFiles/FreeRTOS-LPC2000.elf.dir/FreeRTOS/serial.c.obj
 .debug_info    0x00001a79      0x28a CMakeFiles/FreeRTOS-LPC2000.elf.dir/FreeRTOS/serialISR.c.obj
 .debug_info    0x00001d03     0x1940 CMakeFiles/FreeRTOS-LPC2000.elf.dir/FreeRTOS/tasks.c.obj
 .debug_info    0x00003643      0x1bc CMakeFiles/FreeRTOS-LPC2000.elf.dir/log/log.c.obj
 .debug_info    0x000037ff      0x6f1 CMakeFiles/FreeRTOS-LPC2000.elf.dir/src/main.c.obj
 .debug_info    0x00003ef0       0x25 CMakeFiles/FreeRTOS-LPC2000.elf.dir/startup/crt0.S.obj
 .debug_info    0x00003f15       0x3e /usr/lib/gcc/arm-none-eabi/13.2.1/libgcc.a(_udivsi3.o)
 .debug_info    0x00003f53       0x3c /usr/lib/gcc/arm-none-eabi/13.2.1/libgcc.a(_dvmd_tls.o)
 .debug_info    0x00003f8f       0xd3 /usr/lib/gcc/arm-none-eabi/13.2.1/libgcc.a(_arm_addsubdf3.o)
 .debug_info    0x00004062       0x57 /usr/lib/gcc/arm-none-eabi/13.2.1/libgcc.a(_arm_muldivdf3.o)
 .debug_info    0x000040b9       0xe2 /usr/lib/gcc/arm-none-eabi/13.2.1/libgcc.a(_arm_cmpdf2.o)
 .debug_info    0x0000419b       0x3c /usr/lib/gcc/arm-none-eabi/13.2.1/libgcc.a(_arm_fixdfsi.o)
 .debug_info    0x000041d7       0x3f /usr/lib/gcc/arm-none-eabi/13.2.1/libgcc.a(_arm_truncdfsf2.o)
 .debug_info    0x00004216      0x135 /usr/lib/gcc/arm-none-eabi/13.2.1/../../../arm-none-eabi/lib/libg.a(libc_a-memset.o)
 .debug_info    0x0000434b      0x9a0 /usr/lib/gcc/arm-none-eabi/13.2.1/../../../arm-none-eabi/lib/libg.a(libc_a-vsnprintf.o)
 .debug_info    0x00004ceb     0x178d /usr/lib/gcc/arm-none-eabi/13.2.1/../../../arm-none-eabi/lib/libg.a(libc_a-svfprintf.o)
 .debug_info    0x00006478      0x729 /usr/lib/gcc/arm-none-eabi/13.2.1/../../../arm-none-eabi/lib/libg.a(libc_a-impure.o)
 .debug_info    0x00006ba1      0xcdd /usr/lib/gcc/arm-none-eabi/13.2.1/../../../arm-none-eabi/lib/libg.a(libc_a-mallocr.o)
 .debug_info    0x0000787e      0x152 /usr/lib/gcc/arm-none-eabi/13.2.1/../../../arm-none-eabi/lib/libg.a(libc_a-memcpy-stub.o)
 .debug_info    0x000079d0     0x18a6 /usr/lib/gcc/arm-none-eabi/13.2.1/../../../arm-none-eabi/lib/libg.a(libc_a-dtoa.o)
 .debug_info    0x00009276      0xb49 /usr/lib/gcc/arm-none-eabi/13.2.1/../../../arm-none-eabi/lib/libg.a(libc_a-freer.o)
 .debug_info    0x00009dbf       0xc1 /usr/lib/gcc/arm-none-eabi/13.2.1/../../../arm-none-eabi/lib/libg.a(libc_a-sysconf.o)
 .debug_info    0x00009e80      0x73a /usr/lib/gcc/arm-none-eabi/13.2.1/../../../arm-none-eabi/lib/libg.a(libc_a-mlock.o)
 .debug_info    0x0000a5ba      0xea7 /usr/lib/gcc/arm-none-eabi/13.2.1/../../../arm-none-eabi/lib/libg.a(libc_a-findfp.o)
 .debug_info    0x0000b461      0x840 /usr/lib/gcc/arm-none-eabi/13.2.1/../../../arm-none-eabi/lib/libg.a(libc_a-ssprint_r.o)
 .debug_info    0x0000bca1       0xbd /usr/lib/gcc/arm-none-eabi/13.2.1/../../../arm-none-eabi/lib/libg.a(libc_a-strlen-stub.o)
 .debug_info    0x0000bd5e      0x796 /usr/lib/gcc/arm-none-eabi/13.2.1/../../../arm-none-eabi/lib/libg.a(libc_a-sbrkr.o)
 .debug_info    0x0000c4f4      0x8d1 /usr/lib/gcc/arm-none-eabi/13.2.1/../../../arm-none-eabi/lib/libg.a(libc_a-assert.o)
 .debug_info    0x0000cdc5     0x1e22 /usr/lib/gcc/arm-none-eabi/13.2.1/../../../arm-none-eabi/lib/libg.a(libc_a-mprec.o)
 .debug_info    0x0000ebe7      0x14a /usr/lib/gcc/arm-none-eabi/13.2.1/../../../arm-none-eabi/lib/libg.a(libc_a-memchr-stub.o)
 .debug_info    0x0000ed31      0x7e4 /usr/lib/gcc/arm-none-eabi/13.2.1/../../../arm-none-eabi/lib/libg.a(libc_a-fwalk.o)
 .debug_info    0x0000f515      0xa2c /usr/lib/gcc/arm-none-eabi/13.2.1/../../../arm-none-eabi/lib/libg.a(libc_a-localeconv.o)
 .debug_info    0x0000ff41      0xbd7 /usr/lib/gcc/arm-none-eabi/13.2.1/../../../arm-none-eabi/lib/libg.a(libc_a-locale.o)
 .debug_info    0x00010b18      0xac4 /usr/lib/gcc/arm-none-eabi/13.2.1/../../../arm-none-eabi/lib/libg.a(libc_a-mbtowc_r.o)
 .debug_info    0x000115dc      0x70f /usr/lib/gcc/arm-none-eabi/13.2.1/../../../arm-none-eabi/lib/libg.a(libc_a-errno.o)
 .debug_info    0x00011ceb      0x8d9 /usr/lib/gcc/arm-none-eabi/13.2.1/../../../arm-none-eabi/lib/libg.a(libc_a-callocr.o)
 .debug_info    0x000125c4      0x8c8 /usr/lib/gcc/arm-none-eabi/13.2.1/../../../arm-none-eabi/lib/libg.a(libc_a-ssputs_r.o)
 .debug_info    0x00012e8c      0x872 /usr/lib/gcc/arm-none-eabi/13.2.1/../../../arm-none-eabi/lib/libg.a(libc_a-fiprintf.o)
 .debug_info    0x000136fe      0x8e6 /usr/lib/gcc/arm-none-eabi/13.2.1/../../../arm-none-eabi/lib/libg.a(libc_a-fclose.o)
 .debug_info    0x00013fe4      0xa8e /usr/lib/gcc/arm-none-eabi/13.2.1/../../../arm-none-eabi/lib/libg.a(libc_a-wctomb_r.o)
 .debug_info    0x00014a72      0xa90 /usr/lib/gcc/arm-none-eabi/13.2.1/../../../arm-none-eabi/lib/libg.a(libc_a-stdio.o)
 .debug_info    0x00015502      0x831 /usr/lib/gcc/arm-none-eabi/13.2.1/../../../arm-none-eabi/lib/libg.a(libc_a-reent.o)
 .debug_info    0x00015d33      0xbc2 /usr/lib/gcc/arm-none-eabi/13.2.1/../../../arm-none-eabi/lib/libg.a(libc_a-reallocr.o)
 .debug_info    0x000168f5      0x7d9 /usr/lib/gcc/arm-none-eabi/13.2.1/../../../arm-none-eabi/lib/libg.a(libc_a-writer.o)
 .debug_info    0x000170ce       0xb9 /usr/lib/gcc/arm-none-eabi/13.2.1/../../../arm-none-eabi/lib/libg.a(libc_a-ctype_.o)
 .debug_info    0x00017187      0x770 /usr/lib/gcc/arm-none-eabi/13.2.1/../../../arm-none-eabi/lib/libg.a(libc_a-closer.o)
 .debug_info    0x000178f7      0xa48 /usr/lib/gcc/arm-none-eabi/13.2.1/../../../arm-none-eabi/lib/libg.a(libc_a-fflush.o)
 .debug_info    0x0001833f      0x148 /usr/lib/gcc/arm-none-eabi/13.2.1/../../../arm-none-eabi/lib/libg.a(libc_a-memmove.o)
 .debug_info    0x00018487     0x1210 /usr/lib/gcc/arm-none-eabi/13.2.1/../../../arm-none-eabi/lib/libg.a(libc_a-vfiprintf.o)
 .debug_info    0x00019697      0x7d3 /usr/lib/gcc/arm-none-eabi/13.2.1/../../../arm-none-eabi/lib/libg.a(libc_a-readr.o)
 .debug_info    0x00019e6a      0x7cf /usr/lib/gcc/arm-none-eabi/13.2.1/../../../arm-none-eabi/lib/libg.a(libc_a-wsetup.o)
 .debug_info    0x0001a639      0x7bc /usr/lib/gcc/arm-none-eabi/13.2.1/../../../arm-none-eabi/lib/libg.a(libc_a-lseekr.o)
 .debug_info    0x0001adf5      0x813 /usr/lib/gcc/arm-none-eabi/13.2.1/../../../arm-none-eabi/lib/libg.a(libc_a-sprint_r.o)
 .debug_info    0x0001b608      0xbe7 /usr/lib/gcc/arm-none-eabi/13.2.1/../../../arm-none-eabi/lib/libg.a(libc_a-makebuf.o)
 .debug_info    0x0001c1ef      0x995 /usr/lib/gcc/arm-none-eabi/13.2.1/../../../arm-none-eabi/lib/libg.a(libc_a-fstatr.o)
 .debug_info    0x0001cb84      0x770 /usr/lib/gcc/arm-none-eabi/13.2.1/../../../arm-none-eabi/lib/libg.a(libc_a-isattyr.o)
 .debug_info    0x0001d2f4      0xb37 /usr/lib/gcc/arm-none-eabi/13.2.1/../../../arm-none-eabi/lib/libg.a(libc_a-fvwrite.o)
 .debug_info    0x0001de2b       0x3e /usr/lib/gcc/arm-none-eabi/13.2.1/libgcc.a(_divsi3.o)
 .debug_info    0x0001de69       0x3c /usr/lib/gcc/arm-none-eabi/13.2.1/libgcc.a(_arm_unorddf2.o)
 .debug_info    0x0001dea5     0x2d49 /usr/lib/gcc/arm-none-eabi/13.2.1/../../../arm-none-eabi/lib/librdimon.a(arm_librdimon_a-syscalls.o)

.debug_abbrev   0x00000000     0x7838
 *(.debug_abbrev)
 .debug_abbrev  0x00000000      0x1f7 CMakeFiles/FreeRTOS-LPC2000.elf.dir/FreeRTOS/heap_2.c.obj
 .debug_abbrev  0x000001f7       0xee CMakeFiles/FreeRTOS-LPC2000.elf.dir/FreeRTOS/list.c.obj
 .debug_abbrev  0x000002e5       0xfc CMakeFiles/FreeRTOS-LPC2000.elf.dir/FreeRTOS/port.c.obj
 .debug_abbrev  0x000003e1       0xde CMakeFiles/FreeRTOS-LPC2000.elf.dir/FreeRTOS/portISR.c.obj
 .debug_abbrev  0x000004bf      0x23f CMakeFiles/FreeRTOS-LPC2000.elf.dir/FreeRTOS/queue.c.obj
 .debug_abbrev  0x000006fe      0x144 CMakeFiles/FreeRTOS-LPC2000.elf.dir/FreeRTOS/serial.c.obj
 .debug_abbrev  0x00000842      0x124 CMakeFiles/FreeRTOS-LPC2000.elf.dir/FreeRTOS/serialISR.c.obj
 .debug_abbrev  0x00000966      0x317 CMakeFiles/FreeRTOS-LPC2000.elf.dir/FreeRTOS/tasks.c.obj
 .debug_abbrev  0x00000c7d      0x127 CMakeFiles/FreeRTOS-LPC2000.elf.dir/log/log.c.obj
 .debug_abbrev  0x00000da4      0x2b0 CMakeFiles/FreeRTOS-LPC2000.elf.dir/src/main.c.obj
 .debug_abbrev  0x00001054       0x14 CMakeFiles/FreeRTOS-LPC2000.elf.dir/startup/crt0.S.obj
 .debug_abbrev  0x00001068       0x28 /usr/lib/gcc/arm-none-eabi/13.2.1/libgcc.a(_udivsi3.o)
 .debug_abbrev  0x00001090       0x26 /usr/lib/gcc/arm-none-eabi/13.2.1/libgcc.a(_dvmd_tls.o)
 .debug_abbrev  0x000010b6       0x28 /usr/lib/gcc/arm-none-eabi/13.2.1/libgcc.a(_arm_addsubdf3.o)
 .debug_abbrev  0x000010de       0x28 /usr/lib/gcc/arm-none-eabi/13.2.1/libgcc.a(_arm_muldivdf3.o)
 .debug_abbrev  0x00001106       0x28 /usr/lib/gcc/arm-none-eabi/13.2.1/libgcc.a(_arm_cmpdf2.o)
 .debug_abbrev  0x0000112e       0x28 /usr/lib/gcc/arm-none-eabi/13.2.1/libgcc.a(_arm_fixdfsi.o)
 .debug_abbrev  0x00001156       0x28 /usr/lib/gcc/arm-none-eabi/13.2.1/libgcc.a(_arm_truncdfsf2.o)
 .debug_abbrev  0x0000117e       0xb7 /usr/lib/gcc/arm-none-eabi/13.2.1/../../../arm-none-eabi/lib/libg.a(libc_a-memset.o)
 .debug_abbrev  0x00001235      0x2bd /usr/lib/gcc/arm-none-eabi/13.2.1/../../../arm-none-eabi/lib/libg.a(libc_a-vsnprintf.o)
 .debug_abbrev  0x000014f2      0x402 /usr/lib/gcc/arm-none-eabi/13.2.1/../../../arm-none-eabi/lib/libg.a(libc_a-svfprintf.o)
 .debug_abbrev  0x000018f4      0x185 /usr/lib/gcc/arm-none-eabi/13.2.1/../../../arm-none-eabi/lib/libg.a(libc_a-impure.o)
 .debug_abbrev  0x00001a79      0x2d7 /usr/lib/gcc/arm-none-eabi/13.2.1/../../../arm-none-eabi/lib/libg.a(libc_a-mallocr.o)
 .debug_abbrev  0x00001d50       0xca /usr/lib/gcc/arm-none-eabi/13.2.1/../../../arm-none-eabi/lib/libg.a(libc_a-memcpy-stub.o)
 .debug_abbrev  0x00001e1a      0x388 /usr/lib/gcc/arm-none-eabi/13.2.1/../../../arm-none-eabi/lib/libg.a(libc_a-dtoa.o)
 .debug_abbrev  0x000021a2      0x289 /usr/lib/gcc/arm-none-eabi/13.2.1/../../../arm-none-eabi/lib/libg.a(libc_a-freer.o)
 .debug_abbrev  0x0000242b       0x80 /usr/lib/gcc/arm-none-eabi/13.2.1/../../../arm-none-eabi/lib/libg.a(libc_a-sysconf.o)
 .debug_abbrev  0x000024ab      0x1ce /usr/lib/gcc/arm-none-eabi/13.2.1/../../../arm-none-eabi/lib/libg.a(libc_a-mlock.o)
 .debug_abbrev  0x00002679      0x43a /usr/lib/gcc/arm-none-eabi/13.2.1/../../../arm-none-eabi/lib/libg.a(libc_a-findfp.o)
 .debug_abbrev  0x00002ab3      0x1e0 /usr/lib/gcc/arm-none-eabi/13.2.1/../../../arm-none-eabi/lib/libg.a(libc_a-ssprint_r.o)
 .debug_abbrev  0x00002c93       0x78 /usr/lib/gcc/arm-none-eabi/13.2.1/../../../arm-none-eabi/lib/libg.a(libc_a-strlen-stub.o)
 .debug_abbrev  0x00002d0b      0x216 /usr/lib/gcc/arm-none-eabi/13.2.1/../../../arm-none-eabi/lib/libg.a(libc_a-sbrkr.o)
 .debug_abbrev  0x00002f21      0x226 /usr/lib/gcc/arm-none-eabi/13.2.1/../../../arm-none-eabi/lib/libg.a(libc_a-assert.o)
 .debug_abbrev  0x00003147      0x4fa /usr/lib/gcc/arm-none-eabi/13.2.1/../../../arm-none-eabi/lib/libg.a(libc_a-mprec.o)
 .debug_abbrev  0x00003641       0xc7 /usr/lib/gcc/arm-none-eabi/13.2.1/../../../arm-none-eabi/lib/libg.a(libc_a-memchr-stub.o)
 .debug_abbrev  0x00003708      0x1d9 /usr/lib/gcc/arm-none-eabi/13.2.1/../../../arm-none-eabi/lib/libg.a(libc_a-fwalk.o)
 .debug_abbrev  0x000038e1      0x26a /usr/lib/gcc/arm-none-eabi/13.2.1/../../../arm-none-eabi/lib/libg.a(libc_a-localeconv.o)
 .debug_abbrev  0x00003b4b      0x2d9 /usr/lib/gcc/arm-none-eabi/13.2.1/../../../arm-none-eabi/lib/libg.a(libc_a-locale.o)
 .debug_abbrev  0x00003e24      0x241 /usr/lib/gcc/arm-none-eabi/13.2.1/../../../arm-none-eabi/lib/libg.a(libc_a-mbtowc_r.o)
 .debug_abbrev  0x00004065      0x19a /usr/lib/gcc/arm-none-eabi/13.2.1/../../../arm-none-eabi/lib/libg.a(libc_a-errno.o)
 .debug_abbrev  0x000041ff      0x25b /usr/lib/gcc/arm-none-eabi/13.2.1/../../../arm-none-eabi/lib/libg.a(libc_a-callocr.o)
 .debug_abbrev  0x0000445a      0x25a /usr/lib/gcc/arm-none-eabi/13.2.1/../../../arm-none-eabi/lib/libg.a(libc_a-ssputs_r.o)
 .debug_abbrev  0x000046b4      0x252 /usr/lib/gcc/arm-none-eabi/13.2.1/../../../arm-none-eabi/lib/libg.a(libc_a-fiprintf.o)
 .debug_abbrev  0x00004906      0x2ed /usr/lib/gcc/arm-none-eabi/13.2.1/../../../arm-none-eabi/lib/libg.a(libc_a-fclose.o)
 .debug_abbrev  0x00004bf3      0x23d /usr/lib/gcc/arm-none-eabi/13.2.1/../../../arm-none-eabi/lib/libg.a(libc_a-wctomb_r.o)
 .debug_abbrev  0x00004e30      0x242 /usr/lib/gcc/arm-none-eabi/13.2.1/../../../arm-none-eabi/lib/libg.a(libc_a-stdio.o)
 .debug_abbrev  0x00005072      0x22a /usr/lib/gcc/arm-none-eabi/13.2.1/../../../arm-none-eabi/lib/libg.a(libc_a-reent.o)
 .debug_abbrev  0x0000529c      0x295 /usr/lib/gcc/arm-none-eabi/13.2.1/../../../arm-none-eabi/lib/libg.a(libc_a-reallocr.o)
 .debug_abbrev  0x00005531      0x1f1 /usr/lib/gcc/arm-none-eabi/13.2.1/../../../arm-none-eabi/lib/libg.a(libc_a-writer.o)
 .debug_abbrev  0x00005722       0x62 /usr/lib/gcc/arm-none-eabi/13.2.1/../../../arm-none-eabi/lib/libg.a(libc_a-ctype_.o)
 .debug_abbrev  0x00005784      0x1ec /usr/lib/gcc/arm-none-eabi/13.2.1/../../../arm-none-eabi/lib/libg.a(libc_a-closer.o)
 .debug_abbrev  0x00005970      0x339 /usr/lib/gcc/arm-none-eabi/13.2.1/../../../arm-none-eabi/lib/libg.a(libc_a-fflush.o)
 .debug_abbrev  0x00005ca9       0xc3 /usr/lib/gcc/arm-none-eabi/13.2.1/../../../arm-none-eabi/lib/libg.a(libc_a-memmove.o)
 .debug_abbrev  0x00005d6c      0x3f1 /usr/lib/gcc/arm-none-eabi/13.2.1/../../../arm-none-eabi/lib/libg.a(libc_a-vfiprintf.o)
 .debug_abbrev  0x0000615d      0x1ec /usr/lib/gcc/arm-none-eabi/13.2.1/../../../arm-none-eabi/lib/libg.a(libc_a-readr.o)
 .debug_abbrev  0x00006349      0x21e /usr/lib/gcc/arm-none-eabi/13.2.1/../../../arm-none-eabi/lib/libg.a(libc_a-wsetup.o)
 .debug_abbrev  0x00006567      0x200 /usr/lib/gcc/arm-none-eabi/13.2.1/../../../arm-none-eabi/lib/libg.a(libc_a-lseekr.o)
 .debug_abbrev  0x00006767      0x1dd /usr/lib/gcc/arm-none-eabi/13.2.1/../../../arm-none-eabi/lib/libg.a(libc_a-sprint_r.o)
 .debug_abbrev  0x00006944      0x2d9 /usr/lib/gcc/arm-none-eabi/13.2.1/../../../arm-none-eabi/lib/libg.a(libc_a-makebuf.o)
 .debug_abbrev  0x00006c1d      0x1ff /usr/lib/gcc/arm-none-eabi/13.2.1/../../../arm-none-eabi/lib/libg.a(libc_a-fstatr.o)
 .debug_abbrev  0x00006e1c      0x1ec /usr/lib/gcc/arm-none-eabi/13.2.1/../../../arm-none-eabi/lib/libg.a(libc_a-isattyr.o)
 .debug_abbrev  0x00007008      0x276 /usr/lib/gcc/arm-none-eabi/13.2.1/../../../arm-none-eabi/lib/libg.a(libc_a-fvwrite.o)
 .debug_abbrev  0x0000727e       0x28 /usr/lib/gcc/arm-none-eabi/13.2.1/libgcc.a(_divsi3.o)
 .debug_abbrev  0x000072a6       0x28 /usr/lib/gcc/arm-none-eabi/13.2.1/libgcc.a(_arm_unorddf2.o)
 .debug_abbrev  0x000072ce      0x56a /usr/lib/gcc/arm-none-eabi/13.2.1/../../../arm-none-eabi/lib/librdimon.a(arm_librdimon_a-syscalls.o)

.debug_line     0x00000000    0x1121a
 *(.debug_line)
 .debug_line    0x00000000      0x50d CMakeFiles/FreeRTOS-LPC2000.elf.dir/FreeRTOS/heap_2.c.obj
 .debug_line    0x0000050d      0x40a CMakeFiles/FreeRTOS-LPC2000.elf.dir/FreeRTOS/list.c.obj
 .debug_line    0x00000917      0x40c CMakeFiles/FreeRTOS-LPC2000.elf.dir/FreeRTOS/port.c.obj
 .debug_line    0x00000d23      0x279 CMakeFiles/FreeRTOS-LPC2000.elf.dir/FreeRTOS/portISR.c.obj
 .debug_line    0x00000f9c      0xb02 CMakeFiles/FreeRTOS-LPC2000.elf.dir/FreeRTOS/queue.c.obj
 .debug_line    0x00001a9e      0x43b CMakeFiles/FreeRTOS-LPC2000.elf.dir/FreeRTOS/serial.c.obj
 .debug_line    0x00001ed9      0x3bf CMakeFiles/FreeRTOS-LPC2000.elf.dir/FreeRTOS/serialISR.c.obj
 .debug_line    0x00002298     0x1203 CMakeFiles/FreeRTOS-LPC2000.elf.dir/FreeRTOS/tasks.c.obj
 .debug_line    0x0000349b      0x386 CMakeFiles/FreeRTOS-LPC2000.elf.dir/log/log.c.obj
 .debug_line    0x00003821      0x920 CMakeFiles/FreeRTOS-LPC2000.elf.dir/src/main.c.obj
 .debug_line    0x00004141       0xa3 CMakeFiles/FreeRTOS-LPC2000.elf.dir/startup/crt0.S.obj
 .debug_line    0x000041e4       0x67 /usr/lib/gcc/arm-none-eabi/13.2.1/libgcc.a(_udivsi3.o)
 .debug_line    0x0000424b       0x4a /usr/lib/gcc/arm-none-eabi/13.2.1/libgcc.a(_dvmd_tls.o)
 .debug_line    0x00004295      0x158 /usr/lib/gcc/arm-none-eabi/13.2.1/libgcc.a(_arm_addsubdf3.o)
 .debug_line    0x000043ed      0x167 /usr/lib/gcc/arm-none-eabi/13.2.1/libgcc.a(_arm_muldivdf3.o)
 .debug_line    0x00004554       0x9a /usr/lib/gcc/arm-none-eabi/13.2.1/libgcc.a(_arm_cmpdf2.o)
 .debug_line    0x000045ee       0x60 /usr/lib/gcc/arm-none-eabi/13.2.1/libgcc.a(_arm_fixdfsi.o)
 .debug_line    0x0000464e       0x71 /usr/lib/gcc/arm-none-eabi/13.2.1/libgcc.a(_arm_truncdfsf2.o)
 .debug_line    0x000046bf      0x1b9 /usr/lib/gcc/arm-none-eabi/13.2.1/../../../arm-none-eabi/lib/libg.a(libc_a-memset.o)
 .debug_line    0x00004878      0x314 /usr/lib/gcc/arm-none-eabi/13.2.1/../../../arm-none-eabi/lib/libg.a(libc_a-vsnprintf.o)
 .debug_line    0x00004b8c     0x1a80 /usr/lib/gcc/arm-none-eabi/13.2.1/../../../arm-none-eabi/lib/libg.a(libc_a-svfprintf.o)
 .debug_line    0x0000660c       0xde /usr/lib/gcc/arm-none-eabi/13.2.1/../../../arm-none-eabi/lib/libg.a(libc_a-impure.o)
 .debug_line    0x000066ea      0x8aa /usr/lib/gcc/arm-none-eabi/13.2.1/../../../arm-none-eabi/lib/libg.a(libc_a-mallocr.o)
 .debug_line    0x00006f94      0x1ed /usr/lib/gcc/arm-none-eabi/13.2.1/../../../arm-none-eabi/lib/libg.a(libc_a-memcpy-stub.o)
 .debug_line    0x00007181     0x13c6 /usr/lib/gcc/arm-none-eabi/13.2.1/../../../arm-none-eabi/lib/libg.a(libc_a-dtoa.o)
 .debug_line    0x00008547      0x545 /usr/lib/gcc/arm-none-eabi/13.2.1/../../../arm-none-eabi/lib/libg.a(libc_a-freer.o)
 .debug_line    0x00008a8c       0xea /usr/lib/gcc/arm-none-eabi/13.2.1/../../../arm-none-eabi/lib/libg.a(libc_a-sysconf.o)
 .debug_line    0x00008b76      0x14a /usr/lib/gcc/arm-none-eabi/13.2.1/../../../arm-none-eabi/lib/libg.a(libc_a-mlock.o)
 .debug_line    0x00008cc0      0x572 /usr/lib/gcc/arm-none-eabi/13.2.1/../../../arm-none-eabi/lib/libg.a(libc_a-findfp.o)
 .debug_line    0x00009232      0x1ea /usr/lib/gcc/arm-none-eabi/13.2.1/../../../arm-none-eabi/lib/libg.a(libc_a-ssprint_r.o)
 .debug_line    0x0000941c       0xeb /usr/lib/gcc/arm-none-eabi/13.2.1/../../../arm-none-eabi/lib/libg.a(libc_a-strlen-stub.o)
 .debug_line    0x00009507      0x18e /usr/lib/gcc/arm-none-eabi/13.2.1/../../../arm-none-eabi/lib/libg.a(libc_a-sbrkr.o)
 .debug_line    0x00009695      0x19f /usr/lib/gcc/arm-none-eabi/13.2.1/../../../arm-none-eabi/lib/libg.a(libc_a-assert.o)
 .debug_line    0x00009834     0x13e7 /usr/lib/gcc/arm-none-eabi/13.2.1/../../../arm-none-eabi/lib/libg.a(libc_a-mprec.o)
 .debug_line    0x0000ac1b      0x1cf /usr/lib/gcc/arm-none-eabi/13.2.1/../../../arm-none-eabi/lib/libg.a(libc_a-memchr-stub.o)
 .debug_line    0x0000adea      0x1c0 /usr/lib/gcc/arm-none-eabi/13.2.1/../../../arm-none-eabi/lib/libg.a(libc_a-fwalk.o)
 .debug_line    0x0000afaa      0x175 /usr/lib/gcc/arm-none-eabi/13.2.1/../../../arm-none-eabi/lib/libg.a(libc_a-localeconv.o)
 .debug_line    0x0000b11f      0x262 /usr/lib/gcc/arm-none-eabi/13.2.1/../../../arm-none-eabi/lib/libg.a(libc_a-locale.o)
 .debug_line    0x0000b381      0x1fd /usr/lib/gcc/arm-none-eabi/13.2.1/../../../arm-none-eabi/lib/libg.a(libc_a-mbtowc_r.o)
 .debug_line    0x0000b57e      0x103 /usr/lib/gcc/arm-none-eabi/13.2.1/../../../arm-none-eabi/lib/libg.a(libc_a-errno.o)
 .debug_line    0x0000b681      0x235 /usr/lib/gcc/arm-none-eabi/13.2.1/../../../arm-none-eabi/lib/libg.a(libc_a-callocr.o)
 .debug_line    0x0000b8b6      0x265 /usr/lib/gcc/arm-none-eabi/13.2.1/../../../arm-none-eabi/lib/libg.a(libc_a-ssputs_r.o)
 .debug_line    0x0000bb1b      0x19f /usr/lib/gcc/arm-none-eabi/13.2.1/../../../arm-none-eabi/lib/libg.a(libc_a-fiprintf.o)
 .debug_line    0x0000bcba      0x249 /usr/lib/gcc/arm-none-eabi/13.2.1/../../../arm-none-eabi/lib/libg.a(libc_a-fclose.o)
 .debug_line    0x0000bf03      0x202 /usr/lib/gcc/arm-none-eabi/13.2.1/../../../arm-none-eabi/lib/libg.a(libc_a-wctomb_r.o)
 .debug_line    0x0000c105      0x220 /usr/lib/gcc/arm-none-eabi/13.2.1/../../../arm-none-eabi/lib/libg.a(libc_a-stdio.o)
 .debug_line    0x0000c325      0x1ea /usr/lib/gcc/arm-none-eabi/13.2.1/../../../arm-none-eabi/lib/libg.a(libc_a-reent.o)
 .debug_line    0x0000c50f      0x62b /usr/lib/gcc/arm-none-eabi/13.2.1/../../../arm-none-eabi/lib/libg.a(libc_a-reallocr.o)
 .debug_line    0x0000cb3a      0x187 /usr/lib/gcc/arm-none-eabi/13.2.1/../../../arm-none-eabi/lib/libg.a(libc_a-writer.o)
 .debug_line    0x0000ccc1       0x8e /usr/lib/gcc/arm-none-eabi/13.2.1/../../../arm-none-eabi/lib/libg.a(libc_a-ctype_.o)
 .debug_line    0x0000cd4f      0x18a /usr/lib/gcc/arm-none-eabi/13.2.1/../../../arm-none-eabi/lib/libg.a(libc_a-closer.o)
 .debug_line    0x0000ced9      0x458 /usr/lib/gcc/arm-none-eabi/13.2.1/../../../arm-none-eabi/lib/libg.a(libc_a-fflush.o)
 .debug_line    0x0000d331      0x1fe /usr/lib/gcc/arm-none-eabi/13.2.1/../../../arm-none-eabi/lib/libg.a(libc_a-memmove.o)
 .debug_line    0x0000d52f     0x100b /usr/lib/gcc/arm-none-eabi/13.2.1/../../../arm-none-eabi/lib/libg.a(libc_a-vfiprintf.o)
 .debug_line    0x0000e53a      0x186 /usr/lib/gcc/arm-none-eabi/13.2.1/../../../arm-none-eabi/lib/libg.a(libc_a-readr.o)