Archive member included to satisfy reference by file (symbol)

/usr/lib/gcc/arm-none-eabi/13.2.1/libgcc.a(_arm_muldf3.o)
                              CMakeFiles/FreeRTOS-LPC2000.elf.dir/src/main.c.obj (__aeabi_dmul)
/usr/lib/gcc/arm-none-eabi/13.2.1/libgcc.a(_udivsi3.o)
                              CMakeFiles/FreeRTOS-LPC2000.elf.dir/FreeRTOS/heap_2.c.obj (__aeabi_uidiv)
/usr/lib/gcc/arm-none-eabi/13.2.1/libgcc.a(_dvmd_tls.o)
                              /usr/lib/gcc/arm-none-eabi/13.2.1/libgcc.a(_udivsi3.o) (__aeabi_idiv0)
/usr/lib/gcc/arm-none-eabi/13.2.1/libgcc.a(_arm_addsubdf3.o)
                              CMakeFiles/FreeRTOS-LPC2000.elf.dir/src/main.c.obj (__aeabi_dadd)
/usr/lib/gcc/arm-none-eabi/13.2.1/libgcc.a(_arm_muldivdf3.o)
                              CMakeFiles/FreeRTOS-LPC2000.elf.dir/src/main.c.obj (__aeabi_ddiv)
/usr/lib/gcc/arm-none-eabi/13.2.1/libgcc.a(_arm_cmpdf2.o)
                              CMakeFiles/FreeRTOS-LPC2000.elf.dir/src/main.c.obj (__aeabi_dcmplt)
/usr/lib/gcc/arm-none-eabi/13.2.1/libgcc.a(_arm_fixdfsi.o)
                              CMakeFiles/FreeRTOS-LPC2000.elf.dir/src/main.c.obj (__aeabi_d2iz)
/usr/lib/gcc/arm-none-eabi/13.2.1/libgcc.a(_arm_truncdfsf2.o)
                              CMakeFiles/FreeRTOS-LPC2000.elf.dir/src/main.c.obj (__aeabi_d2f)
/usr/lib/gcc/arm-none-eabi/13.2.1/../../../arm-none-eabi/lib/libg.a(libc_a-rand.o)
                              CMakeFiles/FreeRTOS-LPC2000.elf.dir/src/main.c.obj (srand)
/usr/lib/gcc/arm-none-eabi/13.2.1/../../../arm-none-eabi/lib/libg.a(libc_a-memset.o)
                              /usr/lib/gcc/arm-none-eabi/13.2.1/../../../arm-none-eabi/lib/rdimon-crt0.o (memset)
/usr/lib/gcc/arm-none-eabi/13.2.1/../../../arm-none-eabi/lib/libg.a(libc_a-vsnprintf.o)
                              CMakeFiles/FreeRTOS-LPC2000.elf.dir/log/log.c.obj (vsnprintf)
/usr/lib/gcc/arm-none-eabi/13.2.1/../../../arm-none-eabi/lib/libg.a(libc_a-svfprintf.o)
                              /usr/lib/gcc/arm-none-eabi/13.2.1/../../../arm-none-eabi/lib/libg.a(libc_a-vsnprintf.o) (_svfprintf_r)
/usr/lib/gcc/arm-none-eabi/13.2.1/../../../arm-none-eabi/lib/libg.a(libc_a-impure.o)
                              /usr/lib/gcc/arm-none-eabi/13.2.1/../../../arm-none-eabi/lib/libg.a(libc_a-rand.o) (_impure_ptr)
/usr/lib/gcc/arm-none-eabi/13.2.1/../../../arm-none-eabi/lib/libg.a(libc_a-mallocr.o)
                              /usr/lib/gcc/arm-none-eabi/13.2.1/../../../arm-none-eabi/lib/libg.a(libc_a-svfprintf.o) (_malloc_r)
/usr/lib/gcc/arm-none-eabi/13.2.1/../../../arm-none-eabi/lib/libg.a(libc_a-memcpy-stub.o)
                              CMakeFiles/FreeRTOS-LPC2000.elf.dir/FreeRTOS/queue.c.obj (memcpy)
/usr/lib/gcc/arm-none-eabi/13.2.1/../../../arm-none-eabi/lib/libg.a(libc_a-dtoa.o)
                              /usr/lib/gcc/arm-none-eabi/13.2.1/../../../arm-none-eabi/lib/libg.a(libc_a-svfprintf.o) (_dtoa_r)
/usr/lib/gcc/arm-none-eabi/13.2.1/../../../arm-none-eabi/lib/libg.a(libc_a-freer.o)
                              /usr/lib/gcc/arm-none-eabi/13.2.1/../../../arm-none-eabi/lib/libg.a(libc_a-mallocr.o) (_free_r)
/usr/lib/gcc/arm-none-eabi/13.2.1/../../../arm-none-eabi/lib/libg.a(libc_a-sysconf.o)
                              /usr/lib/gcc/arm-none-eabi/13.2.1/../../../arm-none-eabi/lib/libg.a(libc_a-mallocr.o) (sysconf)
/usr/lib/gcc/arm-none-eabi/13.2.1/../../../arm-none-eabi/lib/libg.a(libc_a-init.o)
                              /usr/lib/gcc/arm-none-eabi/13.2.1/../../../arm-none-eabi/lib/rdimon-crt0.o (__libc_init_array)
/usr/lib/gcc/arm-none-eabi/13.2.1/../../../arm-none-eabi/lib/libg.a(libc_a-mlock.o)
                              /usr/lib/gcc/arm-none-eabi/13.2.1/../../../arm-none-eabi/lib/libg.a(libc_a-mallocr.o) (__malloc_lock)
/usr/lib/gcc/arm-none-eabi/13.2.1/../../../arm-none-eabi/lib/libg.a(libc_a-findfp.o)
                              /usr/lib/gcc/arm-none-eabi/13.2.1/../../../arm-none-eabi/lib/libg.a(libc_a-impure.o) (__sf)
/usr/lib/gcc/arm-none-eabi/13.2.1/../../../arm-none-eabi/lib/libg.a(libc_a-atexit.o)
                              /usr/lib/gcc/arm-none-eabi/13.2.1/../../../arm-none-eabi/lib/rdimon-crt0.o (atexit)
/usr/lib/gcc/arm-none-eabi/13.2.1/../../../arm-none-eabi/lib/libg.a(libc_a-ssprint_r.o)
                              /usr/lib/gcc/arm-none-eabi/13.2.1/../../../arm-none-eabi/lib/libg.a(libc_a-svfprintf.o) (__ssprint_r)
/usr/lib/gcc/arm-none-eabi/13.2.1/../../../arm-none-eabi/lib/libg.a(libc_a-strlen-stub.o)
                              /usr/lib/gcc/arm-none-eabi/13.2.1/../../../arm-none-eabi/lib/libg.a(libc_a-svfprintf.o) (strlen)
/usr/lib/gcc/arm-none-eabi/13.2.1/../../../arm-none-eabi/lib/libg.a(libc_a-sbrkr.o)
                              /usr/lib/gcc/arm-none-eabi/13.2.1/../../../arm-none-eabi/lib/libg.a(libc_a-mallocr.o) (_sbrk_r)
/usr/lib/gcc/arm-none-eabi/13.2.1/../../../arm-none-eabi/lib/libg.a(libc_a-fini.o)
[...]
Memory Configuration

Name             Origin             Length             Attributes
ROM              0x00000000         0x00040000         xr
RAM              0x40000000         0x00004000         rw
*default*        0x00000000         0xffffffff

Linker script and memory map

LOAD /usr/lib/gcc/arm-none-eabi/13.2.1/crti.o
LOAD /usr/lib/gcc/arm-none-eabi/13.2.1/crtbegin.o
LOAD /usr/lib/gcc/arm-none-eabi/13.2.1/../../../arm-none-eabi/lib/rdimon-crt0.o
LOAD CMakeFiles/FreeRTOS-LPC2000.elf.dir/FreeRTOS/croutine.c.obj
LOAD CMakeFiles/FreeRTOS-LPC2000.elf.dir/FreeRTOS/event_groups.c.obj
LOAD CMakeFiles/FreeRTOS-LPC2000.elf.dir/FreeRTOS/heap_2.c.obj
LOAD CMakeFiles/FreeRTOS-LPC2000.elf.dir/FreeRTOS/list.c.obj
LOAD CMakeFiles/FreeRTOS-LPC2000.elf.dir/FreeRTOS/port.c.obj
LOAD CMakeFiles/FreeRTOS-LPC2000.elf.dir/FreeRTOS/portISR.c.obj
LOAD CMakeFiles/FreeRTOS-LPC2000.elf.dir/FreeRTOS/queue.c.obj
LOAD CMakeFiles/FreeRTOS-LPC2000.elf.dir/FreeRTOS/serial.c.obj
LOAD CMakeFiles/FreeRTOS-LPC2000.elf.dir/FreeRTOS/serialISR.c.obj
LOAD CMakeFiles/FreeRTOS-LPC2000.elf.dir/FreeRTOS/stream_buffer.c.obj
LOAD CMakeFiles/FreeRTOS-LPC2000.elf.dir/FreeRTOS/tasks.c.obj
LOAD CMakeFiles/FreeRTOS-LPC2000.elf.dir/FreeRTOS/timers.c.obj
LOAD CMakeFiles/FreeRTOS-LPC2000.elf.dir/log/log.c.obj
LOAD CMakeFiles/FreeRTOS-LPC2000.elf.dir/src/main.c.obj
LOAD CMakeFiles/FreeRTOS-LPC2000.elf.dir/startup/crt0.S.obj
START GROUP
LOAD /usr/lib/gcc/arm-none-eabi/13.2.1/libgcc.a
LOAD /usr/lib/gcc/arm-none-eabi/13.2.1/../../../arm-none-eabi/lib/libg.a
LOAD /usr/lib/gcc/arm-none-eabi/13.2.1/../../../arm-none-eabi/lib/libc.a
END GROUP
START GROUP
LOAD /usr/lib/gcc/arm-none-eabi/13.2.1/libgcc.a
LOAD /usr/lib/gcc/arm-none-eabi/13.2.1/../../../arm-none-eabi/lib/libc.a
LOAD /usr/lib/gcc/arm-none-eabi/13.2.1/../../../arm-none-eabi/lib/librdimon.a
END GROUP
LOAD /usr/lib/gcc/arm-none-eabi/13.2.1/crtend.o
LOAD /usr/lib/gcc/arm-none-eabi/13.2.1/crtn.o
                0x00000800                        STACK_SIZE = 0x800

.text           0x00000000     0xa8f4
 *crt0.o(.text)
 *(.text)
 .text          0x00000000      0x140 CMakeFiles/FreeRTOS-LPC2000.elf.dir/startup/crt0.S.obj
                0x00000000                _boot
                0x00000050                start
                0x00000118                reset
                0x00000118                abort
                0x00000118                _reset
                0x00000118                exit
 .text          0x00000140      0x114 /usr/lib/gcc/arm-none-eabi/13.2.1/libgcc.a(_udivsi3.o)
                0x00000140                __udivsi3
                0x00000140                __aeabi_uidiv
                0x00000234                __aeabi_uidivmod
 .text          0x00000254        0x4 /usr/lib/gcc/arm-none-eabi/13.2.1/libgcc.a(_dvmd_tls.o)
                0x00000254                __aeabi_ldiv0
                0x00000254                __aeabi_idiv0
 .text          0x00000258      0x424 /usr/lib/gcc/arm-none-eabi/13.2.1/libgcc.a(_arm_addsubdf3.o)
                0x00000258                __aeabi_drsub
                0x00000260                __aeabi_dsub
                0x00000260                __subdf3
                0x00000264                __adddf3
                0x00000264                __aeabi_dadd
                0x00000574                __aeabi_ui2d
                0x00000574                __floatunsidf
                0x00000598                __floatsidf
                0x00000598                __aeabi_i2d
                0x000005c0                __extendsfdf2
                0x000005c0                __aeabi_f2d
                0x00000608                __aeabi_ul2d
                0x00000608                __floatundidf
                0x0000061c                __floatdidf
                0x0000061c                __aeabi_l2d
 .text          0x0000067c      0x49c /usr/lib/gcc/arm-none-eabi/13.2.1/libgcc.a(_arm_muldivdf3.o)
                0x0000067c                __aeabi_dmul
                0x0000067c                __muldf3
                0x0000090c                __aeabi_ddiv
                0x0000090c                __divdf3
 .text          0x00000b18      0x144 /usr/lib/gcc/arm-none-eabi/13.2.1/libgcc.a(_arm_cmpdf2.o)
                0x00000b18                __gtdf2
                0x00000b18                __gedf2
                0x00000b20                __ltdf2
                0x00000b20                __ledf2
                0x00000b28                __cmpdf2
                0x00000b28                __eqdf2
                0x00000b28                __nedf2
                0x00000bb0                __aeabi_cdrcmple
                0x00000bcc                __aeabi_cdcmple
                0x00000bcc                __aeabi_cdcmpeq
                0x00000be4                __aeabi_dcmpeq
                0x00000bfc                __aeabi_dcmplt
                0x00000c14                __aeabi_dcmple
                0x00000c2c                __aeabi_dcmpge
                0x00000c44                __aeabi_dcmpgt
 .text          0x00000c5c       0x5c /usr/lib/gcc/arm-none-eabi/13.2.1/libgcc.a(_arm_fixdfsi.o)
                0x00000c5c                __fixdfsi
                0x00000c5c                __aeabi_d2iz
 .text          0x00000cb8       0xa0 /usr/lib/gcc/arm-none-eabi/13.2.1/libgcc.a(_arm_truncdfsf2.o)
                0x00000cb8                __aeabi_d2f
                0x00000cb8                __truncdfsf2
 .text          0x00000d58       0x6c /usr/lib/gcc/arm-none-eabi/13.2.1/../../../arm-none-eabi/lib/libg.a(libc_a-rand.o)
                0x00000d58                srand
                0x00000d74                rand
 .text          0x00000dc4       0xfc /usr/lib/gcc/arm-none-eabi/13.2.1/../../../arm-none-eabi/lib/libg.a(libc_a-memset.o)
                0x00000dc4                memset
 .text          0x00000ec0      0x16c /usr/lib/gcc/arm-none-eabi/13.2.1/../../../arm-none-eabi/lib/libg.a(libc_a-vsnprintf.o)
                0x00000ec0                vsnprintf
                0x00000f78                _vsnprintf_r
 .text          0x0000102c     0x1e90 /usr/lib/gcc/arm-none-eabi/13.2.1/../../../arm-none-eabi/lib/libg.a(libc_a-svfprintf.o)
                0x0000102c                _svfprintf_r
 .text          0x00002ebc      0x784 /usr/lib/gcc/arm-none-eabi/13.2.1/../../../arm-none-eabi/lib/libg.a(libc_a-mallocr.o)
                0x00002ebc                _malloc_r
 .text          0x00003640      0x114 /usr/lib/gcc/arm-none-eabi/13.2.1/../../../arm-none-eabi/lib/libg.a(libc_a-memcpy-stub.o)
                0x00003640                memcpy
 *fill*         0x00003754        0x4 
 .text          0x00003758     0x18a4 /usr/lib/gcc/arm-none-eabi/13.2.1/../../../arm-none-eabi/lib/libg.a(libc_a-dtoa.o)
                0x00003930                _dtoa_r
 .text          0x00004ffc      0x3fc /usr/lib/gcc/arm-none-eabi/13.2.1/../../../arm-none-eabi/lib/libg.a(libc_a-freer.o)
                0x00004ffc                _malloc_trim_r
                0x00005110                _free_r
 .text          0x000053f8       0x30 /usr/lib/gcc/arm-none-eabi/13.2.1/../../../arm-none-eabi/lib/libg.a(libc_a-sysconf.o)
                0x000053f8                sysconf
 .text          0x00005428        0x8 /usr/lib/gcc/arm-none-eabi/13.2.1/../../../arm-none-eabi/lib/libg.a(libc_a-mlock.o)
                0x00005428                __malloc_lock
                0x0000542c                __malloc_unlock
 .text          0x00005430      0x348 /usr/lib/gcc/arm-none-eabi/13.2.1/../../../arm-none-eabi/lib/libg.a(libc_a-findfp.o)
                0x000055e8                __sfp
                0x000056f8                __sinit
                0x00005728                __sfp_lock_acquire
                0x0000572c                __sfp_lock_release
                0x00005730                __fp_lock_all
                0x00005754                __fp_unlock_all
 .text          0x00005778       0xa8 /usr/lib/gcc/arm-none-eabi/13.2.1/../../../arm-none-eabi/lib/libg.a(libc_a-ssprint_r.o)
                0x00005778                __ssprint_r
 .text          0x00005820       0x60 /usr/lib/gcc/arm-none-eabi/13.2.1/../../../arm-none-eabi/lib/libg.a(libc_a-strlen-stub.o)
                0x00005820                strlen
 .text          0x00005880       0x44 /usr/lib/gcc/arm-none-eabi/13.2.1/../../../arm-none-eabi/lib/libg.a(libc_a-sbrkr.o)
                0x00005880                _sbrk_r
 .text          0x000058c4       0x68 /usr/lib/gcc/arm-none-eabi/13.2.1/../../../arm-none-eabi/lib/libg.a(libc_a-assert.o)
                0x000058c4                __assert_func
                0x0000591c                __assert
 .text          0x0000592c      0xfa0 /usr/lib/gcc/arm-none-eabi/13.2.1/../../../arm-none-eabi/lib/libg.a(libc_a-mprec.o)
                0x0000592c                _Balloc
                0x000059b8                _Bfree
                0x000059d4                __multadd
                0x00005ad4                __s2b
                0x00005be8                __hi0bits
                0x00005c48                __lo0bits
                0x00005ce8                __i2b
                0x00005d94                __multiply
                0x00005fac                __pow5mult
                0x000060d8                __lshift
                0x0000621c                __mcmp
                0x00006270                __mdiff
                0x00006484                __ulp
                0x000064e8                __b2d
                0x000065d8                __d2b
                0x00006700                __ratio
                0x00006784                _mprec_log10
                0x000067e4                __copybits
                0x00006870                __any_on
 .text          0x000068cc       0xf0 /usr/lib/gcc/arm-none-eabi/13.2.1/../../../arm-none-eabi/lib/libg.a(libc_a-memchr-stub.o)
                0x000068cc                memchr
 .text          0x000069bc       0x78 /usr/lib/gcc/arm-none-eabi/13.2.1/../../../arm-none-eabi/lib/libg.a(libc_a-fwalk.o)
                0x000069bc                _fwalk_sglue
 .text          0x00006a34       0x20 /usr/lib/gcc/arm-none-eabi/13.2.1/../../../arm-none-eabi/lib/libg.a(libc_a-localeconv.o)
                0x00006a34                __localeconv_l
                0x00006a3c                _localeconv_r
                0x00006a48                localeconv
 .text          0x00006a54       0x60 /usr/lib/gcc/arm-none-eabi/13.2.1/../../../arm-none-eabi/lib/libg.a(libc_a-mbtowc_r.o)
                0x00006a54                _mbtowc_r
                0x00006a70                __ascii_mbtowc
 .text          0x00006ab4       0x10 /usr/lib/gcc/arm-none-eabi/13.2.1/../../../arm-none-eabi/lib/libg.a(libc_a-errno.o)
                0x00006ab4                __errno
 .text          0x00006ac4       0xd0 /usr/lib/gcc/arm-none-eabi/13.2.1/../../../arm-none-eabi/lib/libg.a(libc_a-callocr.o)
                0x00006ac4                _calloc_r
 .text          0x00006b94      0x12c /usr/lib/gcc/arm-none-eabi/13.2.1/../../../arm-none-eabi/lib/libg.a(libc_a-ssputs_r.o)
                0x00006b94                __ssputs_r
 .text          0x00006cc0       0x68 /usr/lib/gcc/arm-none-eabi/13.2.1/../../../arm-none-eabi/lib/libg.a(libc_a-fiprintf.o)
                0x00006cc0                _fiprintf_r
                0x00006cec                fiprintf
 .text          0x00006d28      0x108 /usr/lib/gcc/arm-none-eabi/13.2.1/../../../arm-none-eabi/lib/libg.a(libc_a-fclose.o)
                0x00006d28                _fclose_r
                0x00006e1c                fclose
 .text          0x00006e30       0x4c /usr/lib/gcc/arm-none-eabi/13.2.1/../../../arm-none-eabi/lib/libg.a(libc_a-wctomb_r.o)
                0x00006e30                _wctomb_r
                0x00006e4c                __ascii_wctomb
 .text          0x00006e7c       0xdc /usr/lib/gcc/arm-none-eabi/13.2.1/../../../arm-none-eabi/lib/libg.a(libc_a-stdio.o)
                0x00006e7c                __sread
                0x00006eb0                __seofread
                0x00006eb8                __swrite
                0x00006f14                __sseek
                0x00006f44                __sclose
 .text          0x00006f58      0x4b8 /usr/lib/gcc/arm-none-eabi/13.2.1/../../../arm-none-eabi/lib/libg.a(libc_a-reallocr.o)
                0x00006f58                _realloc_r
 .text          0x00007410       0x48 /usr/lib/gcc/arm-none-eabi/13.2.1/../../../arm-none-eabi/lib/libg.a(libc_a-writer.o)
                0x00007410                _write_r
 .text          0x00007458       0x3c /usr/lib/gcc/arm-none-eabi/13.2.1/../../../arm-none-eabi/lib/libg.a(libc_a-closer.o)
                0x00007458                _close_r
 .text          0x00007494      0x2e8 /usr/lib/gcc/arm-none-eabi/13.2.1/../../../arm-none-eabi/lib/libg.a(libc_a-fflush.o)
                0x00007494                __sflush_r
                0x000076a4                _fflush_r
                0x000076f8                fflush
 .text          0x0000777c      0x154 /usr/lib/gcc/arm-none-eabi/13.2.1/../../../arm-none-eabi/lib/libg.a(libc_a-memmove.o)
                0x0000777c                memmove
 .text          0x000078d0     0x10d8 /usr/lib/gcc/arm-none-eabi/13.2.1/../../../arm-none-eabi/lib/libg.a(libc_a-vfiprintf.o)
                0x000078d0                _vfiprintf_r
                0x000088cc                vfiprintf
 .text          0x000089a8       0x48 /usr/lib/gcc/arm-none-eabi/13.2.1/../../../arm-none-eabi/lib/libg.a(libc_a-readr.o)
                0x000089a8                _read_r
 .text          0x000089f0      0x150 /usr/lib/gcc/arm-none-eabi/13.2.1/../../../arm-none-eabi/lib/libg.a(libc_a-wsetup.o)
                0x000089f0                __swsetup_r
 .text          0x00008b40       0x48 /usr/lib/gcc/arm-none-eabi/13.2.1/../../../arm-none-eabi/lib/libg.a(libc_a-lseekr.o)
                0x00008b40                _lseek_r
 .text          0x00008b88       0x34 /usr/lib/gcc/arm-none-eabi/13.2.1/../../../arm-none-eabi/lib/libg.a(libc_a-sprint_r.o)
                0x00008b88                __sprint_r
 .text          0x00008bbc      0x1b8 /usr/lib/gcc/arm-none-eabi/13.2.1/../../../arm-none-eabi/lib/libg.a(libc_a-makebuf.o)
                0x00008bbc                __smakebuf_r
                0x00008cf4                __swhatbuf_r
 .text          0x00008d74       0x40 /usr/lib/gcc/arm-none-eabi/13.2.1/../../../arm-none-eabi/lib/libg.a(libc_a-fstatr.o)
                0x00008d74                _fstat_r
 .text          0x00008db4       0x3c /usr/lib/gcc/arm-none-eabi/13.2.1/../../../arm-none-eabi/lib/libg.a(libc_a-isattyr.o)
                0x00008db4                _isatty_r
 .text          0x00008df0      0x4c8 /usr/lib/gcc/arm-none-eabi/13.2.1/../../../arm-none-eabi/lib/libg.a(libc_a-fvwrite.o)
                0x00008df0                __sfvwrite_r
 .text          0x000092b8      0x148 /usr/lib/gcc/arm-none-eabi/13.2.1/libgcc.a(_divsi3.o)
                0x000092b8                __aeabi_idiv
                0x000092b8                __divsi3
                0x000093e0                __aeabi_idivmod
 .text          0x00009400       0x38 /usr/lib/gcc/arm-none-eabi/13.2.1/libgcc.a(_arm_unorddf2.o)
                0x00009400                __aeabi_dcmpun
                0x00009400                __unorddf2
 .text          0x00009438     0x106c /usr/lib/gcc/arm-none-eabi/13.2.1/../../../arm-none-eabi/lib/librdimon.a(arm_librdimon_a-syscalls.o)
                0x00009438                _swiread
                0x000094a8                _read
                0x0000959c                _swilseek
                0x000096e4                _lseek
                0x000096e8                _swiwrite
                0x00009758                _write
                0x00009884                _swiclose
                0x000098f4                _close
                0x000099f0                _getpid
                0x000099f8                _sbrk
                0x00009a7c                _swistat
                0x00009b58                _fstat
                0x00009b84                _stat
                0x00009bec                _swiopen
                0x00009d20                _open
                0x00009d3c                _get_semihosting_exts
                0x00009ef0                _has_ext_exit_extended
                0x00009f50                _has_ext_stdout_stderr
                0x00009fb4                initialise_monitor_handles
                0x0000a160                _link
                0x0000a180                _unlink
                0x0000a1fc                _gettimeofday
                0x0000a24c                _clock
                0x0000a274                _times
                0x0000a2b0                _isatty
                0x0000a368                _system
                0x0000a40c                _rename
 *(.rodata)
 .rodata        0x0000a4a4        0x5 CMakeFiles/FreeRTOS-LPC2000.elf.dir/FreeRTOS/tasks.c.obj
 *fill*         0x0000a4a9        0x3 
 .rodata        0x0000a4ac       0xba CMakeFiles/FreeRTOS-LPC2000.elf.dir/src/main.c.obj
 *fill*         0x0000a566        0x2 
 .rodata        0x0000a568       0x20 /usr/lib/gcc/arm-none-eabi/13.2.1/../../../arm-none-eabi/lib/libg.a(libc_a-svfprintf.o)
 .rodata        0x0000a588      0x128 /usr/lib/gcc/arm-none-eabi/13.2.1/../../../arm-none-eabi/lib/libg.a(libc_a-mprec.o)
                0x0000a598                __mprec_tens
                0x0000a660                __mprec_tinytens
                0x0000a688                __mprec_bigtens
 .rodata        0x0000a6b0      0x101 /usr/lib/gcc/arm-none-eabi/13.2.1/../../../arm-none-eabi/lib/libg.a(libc_a-ctype_.o)
                0x0000a6b0                _ctype_
 *fill*         0x0000a7b1        0x3 
 .rodata        0x0000a7b4       0x20 /usr/lib/gcc/arm-none-eabi/13.2.1/../../../arm-none-eabi/lib/libg.a(libc_a-vfiprintf.o)
 *(.rodata*)
 .rodata.uxTopUsedPriority
                0x0000a7d4        0x4 CMakeFiles/FreeRTOS-LPC2000.elf.dir/FreeRTOS/tasks.c.obj
 .rodata.str1.4
                0x0000a7d8      0x11c /usr/lib/gcc/arm-none-eabi/13.2.1/../../../arm-none-eabi/lib/libg.a(libc_a-svfprintf.o)
                                 0x42 (size before relaxing)
 .rodata.str1.4
                0x0000a8f4       0x4b /usr/lib/gcc/arm-none-eabi/13.2.1/../../../arm-none-eabi/lib/libg.a(libc_a-dtoa.o)
 .rodata.str1.4
                0x0000a8f4       0x43 /usr/lib/gcc/arm-none-eabi/13.2.1/../../../arm-none-eabi/lib/libg.a(libc_a-assert.o)
 .rodata.str1.4
                0x0000a8f4       0x38 /usr/lib/gcc/arm-none-eabi/13.2.1/../../../arm-none-eabi/lib/libg.a(libc_a-mprec.o)
 .rodata.str1.4
                0x0000a8f4       0x12 /usr/lib/gcc/arm-none-eabi/13.2.1/../../../arm-none-eabi/lib/libg.a(libc_a-locale.o)
 .rodata.str1.4
                0x0000a8f4       0x2f /usr/lib/gcc/arm-none-eabi/13.2.1/../../../arm-none-eabi/lib/libg.a(libc_a-vfiprintf.o)
 .rodata.str1.4
                0x0000a8f4       0x1c /usr/lib/gcc/arm-none-eabi/13.2.1/../../../arm-none-eabi/lib/librdimon.a(arm_librdimon_a-syscalls.o)
 *(.glue_7)
 .glue_7        0x0000a8f4        0x0 linker stubs
 *(.glue_7t)
 .glue_7t       0x0000a8f4        0x0 linker stubs

.vfp11_veneer   0x0000a8f4        0x0
 .vfp11_veneer  0x0000a8f4        0x0 linker stubs

.v4_bx          0x0000a8f4        0x0
 .v4_bx         0x0000a8f4        0x0 linker stubs

.init           0x0000a8f4        0xc
 .init          0x0000a8f4        0xc /usr/lib/gcc/arm-none-eabi/13.2.1/crti.o
                0x0000a8f4                _init

.fini           0x0000a900        0xc
 .fini          0x0000a900        0xc /usr/lib/gcc/arm-none-eabi/13.2.1/crti.o
                0x0000a900                _fini

.text.pvPortMalloc
                0x0000a90c      0x298
 .text.pvPortMalloc
                0x0000a90c      0x298 CMakeFiles/FreeRTOS-LPC2000.elf.dir/FreeRTOS/heap_2.c.obj
                0x0000a90c                pvPortMalloc

.text.vPortFree
                0x0000aba4      0x108
 .text.vPortFree
                0x0000aba4      0x108 CMakeFiles/FreeRTOS-LPC2000.elf.dir/FreeRTOS/heap_2.c.obj
                0x0000aba4                vPortFree

.text.prvHeapInit
                0x0000acac       0x88
 .text.prvHeapInit
                0x0000acac       0x88 CMakeFiles/FreeRTOS-LPC2000.elf.dir/FreeRTOS/heap_2.c.obj

.iplt           0x0000ad34        0x0
 .iplt          0x0000ad34        0x0 CMakeFiles/FreeRTOS-LPC2000.elf.dir/FreeRTOS/heap_2.c.obj

.text.vListInitialise
                0x0000ad34       0x68
 .text.vListInitialise
                0x0000ad34       0x68 CMakeFiles/FreeRTOS-LPC2000.elf.dir/FreeRTOS/list.c.obj
                0x0000ad34                vListInitialise

.text.vListInitialiseItem
                0x0000ad9c       0x2c
 .text.vListInitialiseItem
                0x0000ad9c       0x2c CMakeFiles/FreeRTOS-LPC2000.elf.dir/FreeRTOS/list.c.obj
                0x0000ad9c                vListInitialiseItem

.text.vListInsert
                0x0000adc8       0xd8
 .text.vListInsert
                0x0000adc8       0xd8 CMakeFiles/FreeRTOS-LPC2000.elf.dir/FreeRTOS/list.c.obj
                0x0000adc8                vListInsert

.text.uxListRemove
                0x0000aea0       0xa0
 .text.uxListRemove
                0x0000aea0       0xa0 CMakeFiles/FreeRTOS-LPC2000.elf.dir/FreeRTOS/list.c.obj
                0x0000aea0                uxListRemove

.text.pxPortInitialiseStack
                0x0000af40      0x240
 .text.pxPortInitialiseStack
                0x0000af40      0x240 CMakeFiles/FreeRTOS-LPC2000.elf.dir/FreeRTOS/port.c.obj
                0x0000af40                pxPortInitialiseStack

.text.xPortStartScheduler
                0x0000b180       0x24
 .text.xPortStartScheduler
                0x0000b180       0x24 CMakeFiles/FreeRTOS-LPC2000.elf.dir/FreeRTOS/port.c.obj
                0x0000b180                xPortStartScheduler

.text.prvSetupTimerInterrupt
                0x0000b1a4       0xbc
 .text.prvSetupTimerInterrupt
                0x0000b1a4       0xbc CMakeFiles/FreeRTOS-LPC2000.elf.dir/FreeRTOS/port.c.obj

.text.vPortISRStartFirstTask
                0x0000b260       0x68
 .text.vPortISRStartFirstTask
                0x0000b260       0x68 CMakeFiles/FreeRTOS-LPC2000.elf.dir/FreeRTOS/portISR.c.obj
                0x0000b260                vPortISRStartFirstTask

.text.vPortYieldProcessor
                0x0000b2c8       0xb8
 .text.vPortYieldProcessor
                0x0000b2c8       0xb8 CMakeFiles/FreeRTOS-LPC2000.elf.dir/FreeRTOS/portISR.c.obj
                0x0000b2c8                vPortYieldProcessor

.text.vTickISR  0x0000b380       0xe0
 .text.vTickISR
                0x0000b380       0xe0 CMakeFiles/FreeRTOS-LPC2000.elf.dir/FreeRTOS/portISR.c.obj
                0x0000b380                vTickISR

.text.vPortEnterCritical
                0x0000b460       0x44
 .text.vPortEnterCritical
                0x0000b460       0x44 CMakeFiles/FreeRTOS-LPC2000.elf.dir/FreeRTOS/portISR.c.obj
                0x0000b460                vPortEnterCritical

.text.vPortExitCritical
                0x0000b4a4       0x64
 .text.vPortExitCritical
                0x0000b4a4       0x64 CMakeFiles/FreeRTOS-LPC2000.elf.dir/FreeRTOS/portISR.c.obj
                0x0000b4a4                vPortExitCritical

.text.xQueueGenericReset
                0x0000b508      0x180
 .text.xQueueGenericReset
                0x0000b508      0x180 CMakeFiles/FreeRTOS-LPC2000.elf.dir/FreeRTOS/queue.c.obj
                0x0000b508                xQueueGenericReset

.text.xQueueGenericCreate
                0x0000b688       0xe4
 .text.xQueueGenericCreate
                0x0000b688       0xe4 CMakeFiles/FreeRTOS-LPC2000.elf.dir/FreeRTOS/queue.c.obj
                0x0000b688                xQueueGenericCreate

.text.prvInitialiseNewQueue
                0x0000b76c       0x78
 .text.prvInitialiseNewQueue
                0x0000b76c       0x78 CMakeFiles/FreeRTOS-LPC2000.elf.dir/FreeRTOS/queue.c.obj

.text.xQueueGenericSend
                0x0000b7e4      0x1e4
 .text.xQueueGenericSend
                0x0000b7e4      0x1e4 CMakeFiles/FreeRTOS-LPC2000.elf.dir/FreeRTOS/queue.c.obj
                0x0000b7e4                xQueueGenericSend

.text.xQueueGenericSendFromISR
                0x0000b9c8      0x128
 .text.xQueueGenericSendFromISR
                0x0000b9c8      0x128 CMakeFiles/FreeRTOS-LPC2000.elf.dir/FreeRTOS/queue.c.obj
                0x0000b9c8                xQueueGenericSendFromISR

.text.xQueueReceive
                0x0000baf0      0x1dc
 .text.xQueueReceive
                0x0000baf0      0x1dc CMakeFiles/FreeRTOS-LPC2000.elf.dir/FreeRTOS/queue.c.obj
                0x0000baf0                xQueueReceive

.text.xQueueReceiveFromISR
                0x0000bccc      0x118
 .text.xQueueReceiveFromISR
                0x0000bccc      0x118 CMakeFiles/FreeRTOS-LPC2000.elf.dir/FreeRTOS/queue.c.obj
                0x0000bccc                xQueueReceiveFromISR

.text.prvCopyDataToQueue
                0x0000bde4      0x168
 .text.prvCopyDataToQueue
                0x0000bde4      0x168 CMakeFiles/FreeRTOS-LPC2000.elf.dir/FreeRTOS/queue.c.obj

.text.prvCopyDataFromQueue
                0x0000bf4c       0x94
 .text.prvCopyDataFromQueue
                0x0000bf4c       0x94 CMakeFiles/FreeRTOS-LPC2000.elf.dir/FreeRTOS/queue.c.obj

.text.prvUnlockQueue
                0x0000bfe0      0x110
 .text.prvUnlockQueue
                0x0000bfe0      0x110 CMakeFiles/FreeRTOS-LPC2000.elf.dir/FreeRTOS/queue.c.obj

.text.prvIsQueueEmpty
                0x0000c0f0       0x50
 .text.prvIsQueueEmpty
                0x0000c0f0       0x50 CMakeFiles/FreeRTOS-LPC2000.elf.dir/FreeRTOS/queue.c.obj

.text.prvIsQueueFull
                0x0000c140       0x58
 .text.prvIsQueueFull
                0x0000c140       0x58 CMakeFiles/FreeRTOS-LPC2000.elf.dir/FreeRTOS/queue.c.obj

.text.xSerialPortInitMinimal
                0x0000c198      0x194
 .text.xSerialPortInitMinimal
                0x0000c198      0x194 CMakeFiles/FreeRTOS-LPC2000.elf.dir/FreeRTOS/serial.c.obj
                0x0000c198                xSerialPortInitMinimal

.text.vSerialPutString
                0x0000c32c       0x70
 .text.vSerialPutString
                0x0000c32c       0x70 CMakeFiles/FreeRTOS-LPC2000.elf.dir/FreeRTOS/serial.c.obj
                0x0000c32c                vSerialPutString

.text.xSerialPutChar
                0x0000c39c       0xf8
 .text.xSerialPutChar
                0x0000c39c       0xf8 CMakeFiles/FreeRTOS-LPC2000.elf.dir/FreeRTOS/serial.c.obj
                0x0000c39c                xSerialPutChar

.text.vSerialISRCreateQueues
                0x0000c494       0xb0
 .text.vSerialISRCreateQueues
                0x0000c494       0xb0 CMakeFiles/FreeRTOS-LPC2000.elf.dir/FreeRTOS/serialISR.c.obj
                0x0000c494                vSerialISRCreateQueues

.text.vUART_ISR_Wrapper
                0x0000c544       0xb4
 .text.vUART_ISR_Wrapper
                0x0000c544       0xb4 CMakeFiles/FreeRTOS-LPC2000.elf.dir/FreeRTOS/serialISR.c.obj
                0x0000c544                vUART_ISR_Wrapper

.text.vUART_ISR_Handler
                0x0000c5f8      0x144
 .text.vUART_ISR_Handler
                0x0000c5f8      0x144 CMakeFiles/FreeRTOS-LPC2000.elf.dir/FreeRTOS/serialISR.c.obj
                0x0000c5f8                vUART_ISR_Handler

.text.prvCreateTask
                0x0000c73c       0xdc
 .text.prvCreateTask
                0x0000c73c       0xdc CMakeFiles/FreeRTOS-LPC2000.elf.dir/FreeRTOS/tasks.c.obj

.text.xTaskCreate
                0x0000c818       0x80
 .text.xTaskCreate
                0x0000c818       0x80 CMakeFiles/FreeRTOS-LPC2000.elf.dir/FreeRTOS/tasks.c.obj
                0x0000c818                xTaskCreate

.text.prvInitialiseNewTask
                0x0000c898      0x190
 .text.prvInitialiseNewTask
                0x0000c898      0x190 CMakeFiles/FreeRTOS-LPC2000.elf.dir/FreeRTOS/tasks.c.obj

.text.prvAddNewTaskToReadyList
                0x0000ca28      0x20c
 .text.prvAddNewTaskToReadyList
                0x0000ca28      0x20c CMakeFiles/FreeRTOS-LPC2000.elf.dir/FreeRTOS/tasks.c.obj

.text.vTaskDelay
                0x0000cc34       0x5c
 .text.vTaskDelay
                0x0000cc34       0x5c CMakeFiles/FreeRTOS-LPC2000.elf.dir/FreeRTOS/tasks.c.obj
                0x0000cc34                vTaskDelay

.text.prvCreateIdleTasks
                0x0000cc90      0x118
 .text.prvCreateIdleTasks
                0x0000cc90      0x118 CMakeFiles/FreeRTOS-LPC2000.elf.dir/FreeRTOS/tasks.c.obj

.text.vTaskStartScheduler
                0x0000cda8       0x84
 .text.vTaskStartScheduler
                0x0000cda8       0x84 CMakeFiles/FreeRTOS-LPC2000.elf.dir/FreeRTOS/tasks.c.obj
                0x0000cda8                vTaskStartScheduler

.text.vTaskSuspendAll
                0x0000ce2c       0x30
 .text.vTaskSuspendAll
                0x0000ce2c       0x30 CMakeFiles/FreeRTOS-LPC2000.elf.dir/FreeRTOS/tasks.c.obj
                0x0000ce2c                vTaskSuspendAll

.text.xTaskResumeAll
                0x0000ce5c      0x378
 .text.xTaskResumeAll
                0x0000ce5c      0x378 CMakeFiles/FreeRTOS-LPC2000.elf.dir/FreeRTOS/tasks.c.obj
                0x0000ce5c                xTaskResumeAll

.text.uxTaskGetNumberOfTasks
                0x0000d1d4       0x24
 .text.uxTaskGetNumberOfTasks
                0x0000d1d4       0x24 CMakeFiles/FreeRTOS-LPC2000.elf.dir/FreeRTOS/tasks.c.obj
                0x0000d1d4                uxTaskGetNumberOfTasks

.text.xTaskIncrementTick
                0x0000d1f8      0x3e4
 .text.xTaskIncrementTick
                0x0000d1f8      0x3e4 CMakeFiles/FreeRTOS-LPC2000.elf.dir/FreeRTOS/tasks.c.obj
                0x0000d1f8                xTaskIncrementTick

.text.vTaskSwitchContext
                0x0000d5dc      0x168
 .text.vTaskSwitchContext
                0x0000d5dc      0x168 CMakeFiles/FreeRTOS-LPC2000.elf.dir/FreeRTOS/tasks.c.obj
                0x0000d5dc                vTaskSwitchContext

.text.vTaskPlaceOnEventList
                0x0000d744       0x4c
 .text.vTaskPlaceOnEventList
                0x0000d744       0x4c CMakeFiles/FreeRTOS-LPC2000.elf.dir/FreeRTOS/tasks.c.obj
                0x0000d744                vTaskPlaceOnEventList

.text.xTaskRemoveFromEventList
                0x0000d790      0x308
 .text.xTaskRemoveFromEventList
                0x0000d790      0x308 CMakeFiles/FreeRTOS-LPC2000.elf.dir/FreeRTOS/tasks.c.obj
                0x0000d790                xTaskRemoveFromEventList

.text.vTaskInternalSetTimeOutState
                0x0000da98       0x48
 .text.vTaskInternalSetTimeOutState
                0x0000da98       0x48 CMakeFiles/FreeRTOS-LPC2000.elf.dir/FreeRTOS/tasks.c.obj
                0x0000da98                vTaskInternalSetTimeOutState

.text.xTaskCheckForTimeOut
                0x0000dae0      0x10c
 .text.xTaskCheckForTimeOut
                0x0000dae0      0x10c CMakeFiles/FreeRTOS-LPC2000.elf.dir/FreeRTOS/tasks.c.obj
                0x0000dae0                xTaskCheckForTimeOut

.text.vTaskMissedYield
                0x0000dbec       0x28
 .text.vTaskMissedYield
                0x0000dbec       0x28 CMakeFiles/FreeRTOS-LPC2000.elf.dir/FreeRTOS/tasks.c.obj
                0x0000dbec                vTaskMissedYield

.text.prvIdleTask
                0x0000dc14       0x30
 .text.prvIdleTask
                0x0000dc14       0x30 CMakeFiles/FreeRTOS-LPC2000.elf.dir/FreeRTOS/tasks.c.obj

.text.prvInitialiseTaskLists
                0x0000dc44       0xb8
 .text.prvInitialiseTaskLists
                0x0000dc44       0xb8 CMakeFiles/FreeRTOS-LPC2000.elf.dir/FreeRTOS/tasks.c.obj

.text.prvCheckTasksWaitingTermination
                0x0000dcfc       0x18
 .text.prvCheckTasksWaitingTermination
                0x0000dcfc       0x18 CMakeFiles/FreeRTOS-LPC2000.elf.dir/FreeRTOS/tasks.c.obj

.text.prvResetNextTaskUnblockTime
                0x0000dd14       0x5c
 .text.prvResetNextTaskUnblockTime
                0x0000dd14       0x5c CMakeFiles/FreeRTOS-LPC2000.elf.dir/FreeRTOS/tasks.c.obj

.text.prvAddCurrentTaskToDelayedList
                0x0000dd70      0x198
 .text.prvAddCurrentTaskToDelayedList
                0x0000dd70      0x198 CMakeFiles/FreeRTOS-LPC2000.elf.dir/FreeRTOS/tasks.c.obj

.text.LOG_init  0x0000df08       0x24
 .text.LOG_init
                0x0000df08       0x24 CMakeFiles/FreeRTOS-LPC2000.elf.dir/log/log.c.obj
                0x0000df08                LOG_init

.text.LOG_SERIAL
                0x0000df2c       0x98
 .text.LOG_SERIAL
                0x0000df2c       0x98 CMakeFiles/FreeRTOS-LPC2000.elf.dir/log/log.c.obj
                0x0000df2c                LOG_SERIAL

.text.vApplicationStackOverflowHook
                0x0000dfc4       0x34
 .text.vApplicationStackOverflowHook
                0x0000dfc4       0x34 CMakeFiles/FreeRTOS-LPC2000.elf.dir/src/main.c.obj
                0x0000dfc4                vApplicationStackOverflowHook

.text.vApplicationMallocFailedHook
                0x0000dff8       0x8c
 .text.vApplicationMallocFailedHook
                0x0000dff8       0x8c CMakeFiles/FreeRTOS-LPC2000.elf.dir/src/main.c.obj
                0x0000dff8                vApplicationMallocFailedHook

.text.TaskTest1
                0x0000e084       0x6c
 .text.TaskTest1
                0x0000e084       0x6c CMakeFiles/FreeRTOS-LPC2000.elf.dir/src/main.c.obj
                0x0000e084                TaskTest1

.text.set_pll   0x0000e0f0       0xac
 .text.set_pll  0x0000e0f0       0xac CMakeFiles/FreeRTOS-LPC2000.elf.dir/src/main.c.obj
                0x0000e0f0                set_pll

.text.writeAddress
                0x0000e19c      0x230
 .text.writeAddress
                0x0000e19c      0x230 CMakeFiles/FreeRTOS-LPC2000.elf.dir/src/main.c.obj
                0x0000e19c                writeAddress

.text.readAddress
                0x0000e3cc      0x364
 .text.readAddress
                0x0000e3cc      0x364 CMakeFiles/FreeRTOS-LPC2000.elf.dir/src/main.c.obj
                0x0000e3cc                readAddress

.text.I2CTask   0x0000e730       0xf0
 .text.I2CTask  0x0000e730       0xf0 CMakeFiles/FreeRTOS-LPC2000.elf.dir/src/main.c.obj
                0x0000e730                I2CTask

.text.I2CTaskWrapper
                0x0000e820       0x40
 .text.I2CTaskWrapper
                0x0000e820       0x40 CMakeFiles/FreeRTOS-LPC2000.elf.dir/src/main.c.obj
                0x0000e820                I2CTaskWrapper

.text.processMeasurements
                0x0000e860      0x6d8
 .text.processMeasurements
                0x0000e860      0x6d8 CMakeFiles/FreeRTOS-LPC2000.elf.dir/src/main.c.obj
                0x0000e860                processMeasurements

.text.MPUTask   0x0000ef38      0x214
 .text.MPUTask  0x0000ef38      0x214 CMakeFiles/FreeRTOS-LPC2000.elf.dir/src/main.c.obj
                0x0000ef38                MPUTask

.text.GetMeasurement
                0x0000f14c       0x50
 .text.GetMeasurement
                0x0000f14c       0x50 CMakeFiles/FreeRTOS-LPC2000.elf.dir/src/main.c.obj
                0x0000f14c                GetMeasurement

.text.userTask  0x0000f19c       0x28
 .text.userTask
                0x0000f19c       0x28 CMakeFiles/FreeRTOS-LPC2000.elf.dir/src/main.c.obj
                0x0000f19c                userTask

.text.dummyTask1
                0x0000f1c4       0x88
 .text.dummyTask1
                0x0000f1c4       0x88 CMakeFiles/FreeRTOS-LPC2000.elf.dir/src/main.c.obj
                0x0000f1c4                dummyTask1

.text.dummyTask1Wrapper
                0x0000f24c       0x20
 .text.dummyTask1Wrapper
                0x0000f24c       0x20 CMakeFiles/FreeRTOS-LPC2000.elf.dir/src/main.c.obj
                0x0000f24c                dummyTask1Wrapper

.text.dummyTask2
                0x0000f26c       0x88
 .text.dummyTask2
                0x0000f26c       0x88 CMakeFiles/FreeRTOS-LPC2000.elf.dir/src/main.c.obj
                0x0000f26c                dummyTask2

.text.dummyTask2Wrapper
                0x0000f2f4       0x20
 .text.dummyTask2Wrapper
                0x0000f2f4       0x20 CMakeFiles/FreeRTOS-LPC2000.elf.dir/src/main.c.obj
                0x0000f2f4                dummyTask2Wrapper

.text.MPUTaskWrapper
                0x0000f314       0x40
 .text.MPUTaskWrapper
                0x0000f314       0x40 CMakeFiles/FreeRTOS-LPC2000.elf.dir/src/main.c.obj
                0x0000f314                MPUTaskWrapper

.text.userTaskWrapper
                0x0000f354       0x20
 .text.userTaskWrapper
                0x0000f354       0x20 CMakeFiles/FreeRTOS-LPC2000.elf.dir/src/main.c.obj
                0x0000f354                userTaskWrapper

.text.delay_seconds
                0x0000f374       0x78
 .text.delay_seconds
                0x0000f374       0x78 CMakeFiles/FreeRTOS-LPC2000.elf.dir/src/main.c.obj
                0x0000f374                delay_seconds

.text.main      0x0000f3ec      0x264
 .text.main     0x0000f3ec      0x264 CMakeFiles/FreeRTOS-LPC2000.elf.dir/src/main.c.obj
                0x0000f3ec                main

.rel.dyn        0x0000f650        0x0
 .rel.iplt      0x0000f650        0x0 CMakeFiles/FreeRTOS-LPC2000.elf.dir/FreeRTOS/heap_2.c.obj
                0x0000f650                        . = ALIGN (0x4)

.ctors          0x0000f650        0x0
                0x0000f650                        PROVIDE (__ctors_start__ = .)
 *(SORT_BY_NAME(.ctors.*))
 *(.ctors)
                0x0000f650                        PROVIDE (__ctors_end__ = .)

.dtors          0x0000f650        0x0
                [!provide]                        PROVIDE (__dtors_start__ = .)
 *(SORT_BY_NAME(.dtors.*))
 *(.dtors)
                [!provide]                        PROVIDE (__dtors_end__ = .)
                0x0000f650                        . = ALIGN (0x4)
                0x0000f650                        _etext = .
                [!provide]                        PROVIDE (etext = .)

.data           0x40000000      0x6bc load address 0x0000f650
                0x40000000                        _data = .
 *(.data)
 .data          0x40000000      0x128 /usr/lib/gcc/arm-none-eabi/13.2.1/../../../arm-none-eabi/lib/libg.a(libc_a-impure.o)
                0x40000000                _impure_ptr
                0x40000008                _impure_data
 .data          0x40000128      0x410 /usr/lib/gcc/arm-none-eabi/13.2.1/../../../arm-none-eabi/lib/libg.a(libc_a-mallocr.o)
                0x40000128                __malloc_av_
                0x40000530                __malloc_sbrk_base
                0x40000534                __malloc_trim_threshold
 .data          0x40000538        0xc /usr/lib/gcc/arm-none-eabi/13.2.1/../../../arm-none-eabi/lib/libg.a(libc_a-findfp.o)
                0x40000538                __sglue
 .data          0x40000544      0x16c /usr/lib/gcc/arm-none-eabi/13.2.1/../../../arm-none-eabi/lib/libg.a(libc_a-locale.o)
                0x40000544                __global_locale
 .data          0x400006b0        0xc /usr/lib/gcc/arm-none-eabi/13.2.1/../../../arm-none-eabi/lib/librdimon.a(arm_librdimon_a-syscalls.o)
                0x400006b0                __heap_limit

.data.xFreeBytesRemaining
                0x400006bc        0x4 load address 0x0000fd0c
 .data.xFreeBytesRemaining
                0x400006bc        0x4 CMakeFiles/FreeRTOS-LPC2000.elf.dir/FreeRTOS/heap_2.c.obj

.igot.plt       0x400006c0        0x0 load address 0x0000fd10
 .igot.plt      0x400006c0        0x0 CMakeFiles/FreeRTOS-LPC2000.elf.dir/FreeRTOS/heap_2.c.obj

.data.ulCriticalNesting
                0x400006c0        0x4 load address 0x0000fd10
 .data.ulCriticalNesting
                0x400006c0        0x4 CMakeFiles/FreeRTOS-LPC2000.elf.dir/FreeRTOS/portISR.c.obj
                0x400006c0                ulCriticalNesting

.data.lenWrite  0x400006c4        0x1 load address 0x0000fd14
 .data.lenWrite
                0x400006c4        0x1 CMakeFiles/FreeRTOS-LPC2000.elf.dir/src/main.c.obj
                0x400006c4                lenWrite

.data.lenRead   0x400006c5        0x1 load address 0x0000fd15
 .data.lenRead  0x400006c5        0x1 CMakeFiles/FreeRTOS-LPC2000.elf.dir/src/main.c.obj
                0x400006c5                lenRead

.data.regDat    0x400006c8       0x1c load address 0x0000fd18
 .data.regDat   0x400006c8       0x1c CMakeFiles/FreeRTOS-LPC2000.elf.dir/src/main.c.obj
                0x400006c8                regDat
                0x400006e4                        . = ALIGN (0x4)
                0x400006e4                        _edata = .
                [!provide]                        PROVIDE (edata = .)

.bss            0x400006e4      0x224 load address 0x0000fd34
                0x400006e4                        __bss_start = .
                0x400006e4                        __bss_start__ = .
 *(.bss)
 .bss           0x400006e4       0x34 /usr/lib/gcc/arm-none-eabi/13.2.1/../../../arm-none-eabi/lib/libg.a(libc_a-mallocr.o)
                0x400006e4                __malloc_top_pad
                0x400006e8                __malloc_current_mallinfo
                0x40000710                __malloc_max_sbrked_mem
                0x40000714                __malloc_max_total_mem
 .bss           0x40000718      0x13c /usr/lib/gcc/arm-none-eabi/13.2.1/../../../arm-none-eabi/lib/libg.a(libc_a-findfp.o)
                0x40000718                __sf
                0x40000850                __stdio_exit_handler
 .bss           0x40000854        0x4 /usr/lib/gcc/arm-none-eabi/13.2.1/../../../arm-none-eabi/lib/libg.a(libc_a-reent.o)
                0x40000854                errno
 .bss           0x40000858       0xb0 /usr/lib/gcc/arm-none-eabi/13.2.1/../../../arm-none-eabi/lib/librdimon.a(arm_librdimon_a-syscalls.o)
 *(COMMON)
                0x40000908                        . = ALIGN (0x4)

.bss.ucHeap     0x40000908     0x1800 load address 0x0000ff58
 .bss.ucHeap    0x40000908     0x1800 CMakeFiles/FreeRTOS-LPC2000.elf.dir/FreeRTOS/heap_2.c.obj

.bss.xStart     0x40002108        0x8 load address 0x00011758
 .bss.xStart    0x40002108        0x8 CMakeFiles/FreeRTOS-LPC2000.elf.dir/FreeRTOS/heap_2.c.obj

.bss.xEnd       0x40002110        0x8 load address 0x00011760
 .bss.xEnd      0x40002110        0x8 CMakeFiles/FreeRTOS-LPC2000.elf.dir/FreeRTOS/heap_2.c.obj

.bss.xHeapHasBeenInitialised
                0x40002118        0x4 load address 0x00011768
 .bss.xHeapHasBeenInitialised
                0x40002118        0x4 CMakeFiles/FreeRTOS-LPC2000.elf.dir/FreeRTOS/heap_2.c.obj

.bss.xRxedChars
                0x4000211c        0x8 load address 0x0001176c
 .bss.xRxedChars
                0x4000211c        0x4 CMakeFiles/FreeRTOS-LPC2000.elf.dir/FreeRTOS/serial.c.obj
 .bss.xRxedChars
                0x40002120        0x4 CMakeFiles/FreeRTOS-LPC2000.elf.dir/FreeRTOS/serialISR.c.obj

.bss.xCharsForTx
                0x40002124        0x8 load address 0x00011774
 .bss.xCharsForTx
                0x40002124        0x4 CMakeFiles/FreeRTOS-LPC2000.elf.dir/FreeRTOS/serial.c.obj
 .bss.xCharsForTx
                0x40002128        0x4 CMakeFiles/FreeRTOS-LPC2000.elf.dir/FreeRTOS/serialISR.c.obj

.bss.plTHREEmpty
                0x4000212c        0x4 load address 0x0001177c
 .bss.plTHREEmpty
                0x4000212c        0x4 CMakeFiles/FreeRTOS-LPC2000.elf.dir/FreeRTOS/serial.c.obj

.bss.lTHREEmpty
                0x40002130        0x4 load address 0x00011780
 .bss.lTHREEmpty
                0x40002130        0x4 CMakeFiles/FreeRTOS-LPC2000.elf.dir/FreeRTOS/serialISR.c.obj

.bss.pxCurrentTCB
                0x40002134        0x4 load address 0x00011784
 .bss.pxCurrentTCB
                0x40002134        0x4 CMakeFiles/FreeRTOS-LPC2000.elf.dir/FreeRTOS/tasks.c.obj
                0x40002134                pxCurrentTCB

.bss.pxReadyTasksLists
                0x40002138       0xa0 load address 0x00011788
 .bss.pxReadyTasksLists
                0x40002138       0xa0 CMakeFiles/FreeRTOS-LPC2000.elf.dir/FreeRTOS/tasks.c.obj

.bss.xDelayedTaskList1
                0x400021d8       0x14 load address 0x00011828
 .bss.xDelayedTaskList1
                0x400021d8       0x14 CMakeFiles/FreeRTOS-LPC2000.elf.dir/FreeRTOS/tasks.c.obj

.bss.xDelayedTaskList2
                0x400021ec       0x14 load address 0x0001183c
 .bss.xDelayedTaskList2
                0x400021ec       0x14 CMakeFiles/FreeRTOS-LPC2000.elf.dir/FreeRTOS/tasks.c.obj

.bss.pxDelayedTaskList
                0x40002200        0x4 load address 0x00011850
 .bss.pxDelayedTaskList
                0x40002200        0x4 CMakeFiles/FreeRTOS-LPC2000.elf.dir/FreeRTOS/tasks.c.obj

.bss.pxOverflowDelayedTaskList
                0x40002204        0x4 load address 0x00011854
 .bss.pxOverflowDelayedTaskList
                0x40002204        0x4 CMakeFiles/FreeRTOS-LPC2000.elf.dir/FreeRTOS/tasks.c.obj

.bss.xPendingReadyList
                0x40002208       0x14 load address 0x00011858
 .bss.xPendingReadyList
                0x40002208       0x14 CMakeFiles/FreeRTOS-LPC2000.elf.dir/FreeRTOS/tasks.c.obj

.bss.xSuspendedTaskList
                0x4000221c       0x14 load address 0x0001186c
 .bss.xSuspendedTaskList
                0x4000221c       0x14 CMakeFiles/FreeRTOS-LPC2000.elf.dir/FreeRTOS/tasks.c.obj

.bss.uxCurrentNumberOfTasks
                0x40002230        0x4 load address 0x00011880
 .bss.uxCurrentNumberOfTasks
                0x40002230        0x4 CMakeFiles/FreeRTOS-LPC2000.elf.dir/FreeRTOS/tasks.c.obj

.bss.xTickCount
                0x40002234        0x4 load address 0x00011884
 .bss.xTickCount
                0x40002234        0x4 CMakeFiles/FreeRTOS-LPC2000.elf.dir/FreeRTOS/tasks.c.obj

.bss.uxTopReadyPriority
                0x40002238        0x4 load address 0x00011888
 .bss.uxTopReadyPriority
                0x40002238        0x4 CMakeFiles/FreeRTOS-LPC2000.elf.dir/FreeRTOS/tasks.c.obj

.bss.xSchedulerRunning
                0x4000223c        0x4 load address 0x0001188c
 .bss.xSchedulerRunning
                0x4000223c        0x4 CMakeFiles/FreeRTOS-LPC2000.elf.dir/FreeRTOS/tasks.c.obj

.bss.xPendedTicks
                0x40002240        0x4 load address 0x00011890
 .bss.xPendedTicks
                0x40002240        0x4 CMakeFiles/FreeRTOS-LPC2000.elf.dir/FreeRTOS/tasks.c.obj

.bss.xYieldPendings
                0x40002244        0x4 load address 0x00011894
 .bss.xYieldPendings
                0x40002244        0x4 CMakeFiles/FreeRTOS-LPC2000.elf.dir/FreeRTOS/tasks.c.obj

.bss.xNumOfOverflows
                0x40002248        0x4 load address 0x00011898
 .bss.xNumOfOverflows
                0x40002248        0x4 CMakeFiles/FreeRTOS-LPC2000.elf.dir/FreeRTOS/tasks.c.obj

.bss.uxTaskNumber
                0x4000224c        0x4 load address 0x0001189c
 .bss.uxTaskNumber
                0x4000224c        0x4 CMakeFiles/FreeRTOS-LPC2000.elf.dir/FreeRTOS/tasks.c.obj

.bss.xNextTaskUnblockTime
                0x40002250        0x4 load address 0x000118a0
 .bss.xNextTaskUnblockTime
                0x40002250        0x4 CMakeFiles/FreeRTOS-LPC2000.elf.dir/FreeRTOS/tasks.c.obj

.bss.xIdleTaskHandles
                0x40002254        0x4 load address 0x000118a4
 .bss.xIdleTaskHandles
                0x40002254        0x4 CMakeFiles/FreeRTOS-LPC2000.elf.dir/FreeRTOS/tasks.c.obj

.bss.uxSchedulerSuspended
                0x40002258        0x4 load address 0x000118a8
 .bss.uxSchedulerSuspended
                0x40002258        0x4 CMakeFiles/FreeRTOS-LPC2000.elf.dir/FreeRTOS/tasks.c.obj

.bss.buf.1      0x4000225c      0x400 load address 0x000118ac
 .bss.buf.1     0x4000225c      0x400 CMakeFiles/FreeRTOS-LPC2000.elf.dir/log/log.c.obj

.bss.len.0      0x4000265c        0x4 load address 0x00011cac
 .bss.len.0     0x4000265c        0x4 CMakeFiles/FreeRTOS-LPC2000.elf.dir/log/log.c.obj

.bss.doneInit   0x40002660        0x1 load address 0x00011cb0
 .bss.doneInit  0x40002660        0x1 CMakeFiles/FreeRTOS-LPC2000.elf.dir/src/main.c.obj
                0x40002660                doneInit

.bss.cntWrite   0x40002661        0x1 load address 0x00011cb1
 .bss.cntWrite  0x40002661        0x1 CMakeFiles/FreeRTOS-LPC2000.elf.dir/src/main.c.obj
                0x40002661                cntWrite

.bss.cntRead    0x40002662        0x1 load address 0x00011cb2
 .bss.cntRead   0x40002662        0x1 CMakeFiles/FreeRTOS-LPC2000.elf.dir/src/main.c.obj
                0x40002662                cntRead

.bss.cntIndex   0x40002663        0x1 load address 0x00011cb3
 .bss.cntIndex  0x40002663        0x1 CMakeFiles/FreeRTOS-LPC2000.elf.dir/src/main.c.obj
                0x40002663                cntIndex

.bss.cntOperation
                0x40002664        0x1 load address 0x00011cb4
 .bss.cntOperation
                0x40002664        0x1 CMakeFiles/FreeRTOS-LPC2000.elf.dir/src/main.c.obj
                0x40002664                cntOperation

.bss.measurements
                0x40002668        0xe load address 0x00011cb8
 .bss.measurements
                0x40002668        0xe CMakeFiles/FreeRTOS-LPC2000.elf.dir/src/main.c.obj
                0x40002668                measurements

.bss.failedBefore
                0x40002676        0x1 load address 0x00011cc6
 .bss.failedBefore
                0x40002676        0x1 CMakeFiles/FreeRTOS-LPC2000.elf.dir/src/main.c.obj
                0x40002676                failedBefore

.bss.numberOfFails
                0x40002677        0x1 load address 0x00011cc7
 .bss.numberOfFails
                0x40002677        0x1 CMakeFiles/FreeRTOS-LPC2000.elf.dir/src/main.c.obj
                0x40002677                numberOfFails

.bss.privateMeasurementVar
                0x40002678       0x3c load address 0x00011cc8
 .bss.privateMeasurementVar
                0x40002678       0x3c CMakeFiles/FreeRTOS-LPC2000.elf.dir/src/main.c.obj
                0x40002678                privateMeasurementVar

.bss.message    0x400026b4        0x5 load address 0x00011d04
 .bss.message   0x400026b4        0x5 CMakeFiles/FreeRTOS-LPC2000.elf.dir/src/main.c.obj
                0x400026b4                message

.bss.i2cState   0x400026b9        0x1 load address 0x00011d09
 .bss.i2cState  0x400026b9        0x1 CMakeFiles/FreeRTOS-LPC2000.elf.dir/src/main.c.obj
                0x400026b9                i2cState

.bss.mpuState   0x400026ba        0x1 load address 0x00011d0a
 .bss.mpuState  0x400026ba        0x1 CMakeFiles/FreeRTOS-LPC2000.elf.dir/src/main.c.obj
                0x400026ba                mpuState

.bss.n.0        0x400026bc        0x4 load address 0x00011d0c
 .bss.n.0       0x400026bc        0x4 CMakeFiles/FreeRTOS-LPC2000.elf.dir/src/main.c.obj
                0x400026c0                        . = ALIGN (0x4)
                0x400026c0                        __bss_end__ = .
                [!provide]                        PROVIDE (__bss_end = .)

.stack          0x400026c0      0x840 load address 0x00011d10
                0x40002700                        . = ALIGN (0x100)
 *fill*         0x400026c0       0x40 
                0x40002f00                        . = (. + STACK_SIZE)
 *fill*         0x40002700      0x800 
                0x40002f00                        PROVIDE (_stack = .)

.sysmem
                0x40002f00                        _end = .
                0x40002f00                        PROVIDE (end = .)

.stab
 *(.stab)

.stabstr
 *(.stabstr)

.stab.excl
 *(.stab.excl)

.stab.exclstr
 *(.stab.exclstr)

.stab.index
 *(.stab.index)

.stab.indexstr
 *(.stab.indexstr)

.comment        0x00000000       0x26
 *(.comment)
 .comment       0x00000000       0x26 CMakeFiles/FreeRTOS-LPC2000.elf.dir/FreeRTOS/heap_2.c.obj
                                 0x27 (size before relaxing)
 .comment       0x00000026       0x27 CMakeFiles/FreeRTOS-LPC2000.elf.dir/FreeRTOS/list.c.obj
 .comment       0x00000026       0x27 CMakeFiles/FreeRTOS-LPC2000.elf.dir/FreeRTOS/port.c.obj
 .comment       0x00000026       0x27 CMakeFiles/FreeRTOS-LPC2000.elf.dir/FreeRTOS/portISR.c.obj
 .comment       0x00000026       0x27 CMakeFiles/FreeRTOS-LPC2000.elf.dir/FreeRTOS/queue.c.obj
 .comment       0x00000026       0x27 CMakeFiles/FreeRTOS-LPC2000.elf.dir/FreeRTOS/serial.c.obj
 .comment       0x00000026       0x27 CMakeFiles/FreeRTOS-LPC2000.elf.dir/FreeRTOS/serialISR.c.obj
 .comment       0x00000026       0x27 CMakeFiles/FreeRTOS-LPC2000.elf.dir/FreeRTOS/tasks.c.obj
 .comment       0x00000026       0x27 CMakeFiles/FreeRTOS-LPC2000.elf.dir/log/log.c.obj
 .comment       0x00000026       0x27 CMakeFiles/FreeRTOS-LPC2000.elf.dir/src/main.c.obj
 .comment       0x00000026       0x27 /usr/lib/gcc/arm-none-eabi/13.2.1/../../../arm-none-eabi/lib/libg.a(libc_a-rand.o)
 .comment       0x00000026       0x27 /usr/lib/gcc/arm-none-eabi/13.2.1/../../../arm-none-eabi/lib/libg.a(libc_a-memset.o)
 .comment       0x00000026       0x27 /usr/lib/gcc/arm-none-eabi/13.2.1/../../../arm-none-eabi/lib/libg.a(libc_a-vsnprintf.o)
 .comment       0x00000026       0x27 /usr/lib/gcc/arm-none-eabi/13.2.1/../../../arm-none-eabi/lib/libg.a(libc_a-svfprintf.o)
 .comment       0x00000026       0x27 /usr/lib/gcc/arm-none-eabi/13.2.1/../../../arm-none-eabi/lib/libg.a(libc_a-impure.o)
 .comment       0x00000026       0x27 /usr/lib/gcc/arm-none-eabi/13.2.1/../../../arm-none-eabi/lib/libg.a(libc_a-mallocr.o)
 .comment       0x00000026       0x27 /usr/lib/gcc/arm-none-eabi/13.2.1/../../../arm-none-eabi/lib/libg.a(libc_a-memcpy-stub.o)
 .comment       0x00000026       0x27 /usr/lib/gcc/arm-none-eabi/13.2.1/../../../arm-none-eabi/lib/libg.a(libc_a-dtoa.o)
 .comment       0x00000026       0x27 /usr/lib/gcc/arm-none-eabi/13.2.1/../../../arm-none-eabi/lib/libg.a(libc_a-freer.o)
 .comment       0x00000026       0x27 /usr/lib/gcc/arm-none-eabi/13.2.1/../../../arm-none-eabi/lib/libg.a(libc_a-sysconf.o)
 .comment       0x00000026       0x27 /usr/lib/gcc/arm-none-eabi/13.2.1/../../../arm-none-eabi/lib/libg.a(libc_a-mlock.o)
 .comment       0x00000026       0x27 /usr/lib/gcc/arm-none-eabi/13.2.1/../../../arm-none-eabi/lib/libg.a(libc_a-findfp.o)
 .comment       0x00000026       0x27 /usr/lib/gcc/arm-none-eabi/13.2.1/../../../arm-none-eabi/lib/libg.a(libc_a-ssprint_r.o)
 .comment       0x00000026       0x27 /usr/lib/gcc/arm-none-eabi/13.2.1/../../../arm-none-eabi/lib/libg.a(libc_a-strlen-stub.o)
 .comment       0x00000026       0x27 /usr/lib/gcc/arm-none-eabi/13.2.1/../../../arm-none-eabi/lib/libg.a(libc_a-sbrkr.o)
 .comment       0x00000026       0x27 /usr/lib/gcc/arm-none-eabi/13.2.1/../../../arm-none-eabi/lib/libg.a(libc_a-assert.o)
 .comment       0x00000026       0x27 /usr/lib/gcc/arm-none-eabi/13.2.1/../../../arm-none-eabi/lib/libg.a(libc_a-mprec.o)
 .comment       0x00000026       0x27 /usr/lib/gcc/arm-none-eabi/13.2.1/../../../arm-none-eabi/lib/libg.a(libc_a-memchr-stub.o)
 .comment       0x00000026       0x27 /usr/lib/gcc/arm-none-eabi/13.2.1/../../../arm-none-eabi/lib/libg.a(libc_a-fwalk.o)
 .comment       0x00000026       0x27 /usr/lib/gcc/arm-none-eabi/13.2.1/../../../arm-none-eabi/lib/libg.a(libc_a-localeconv.o)
 .comment       0x00000026       0x27 /usr/lib/gcc/arm-none-eabi/13.2.1/../../../arm-none-eabi/lib/libg.a(libc_a-locale.o)
 .comment       0x00000026       0x27 /usr/lib/gcc/arm-none-eabi/13.2.1/../../../arm-none-eabi/lib/libg.a(libc_a-mbtowc_r.o)
 .comment       0x00000026       0x27 /usr/lib/gcc/arm-none-eabi/13.2.1/../../../arm-none-eabi/lib/libg.a(libc_a-errno.o)
 .comment       0x00000026       0x27 /usr/lib/gcc/arm-none-eabi/13.2.1/../../../arm-none-eabi/lib/libg.a(libc_a-callocr.o)
 .comment       0x00000026       0x27 /usr/lib/gcc/arm-none-eabi/13.2.1/../../../arm-none-eabi/lib/libg.a(libc_a-ssputs_r.o)
 .comment       0x00000026       0x27 /usr/lib/gcc/arm-none-eabi/13.2.1/../../../arm-none-eabi/lib/libg.a(libc_a-fiprintf.o)
 .comment       0x00000026       0x27 /usr/lib/gcc/arm-none-eabi/13.2.1/../../../arm-none-eabi/lib/libg.a(libc_a-fclose.o)
 .comment       0x00000026       0x27 /usr/lib/gcc/arm-none-eabi/13.2.1/../../../arm-none-eabi/lib/libg.a(libc_a-wctomb_r.o)
 .comment       0x00000026       0x27 /usr/lib/gcc/arm-none-eabi/13.2.1/../../../arm-none-eabi/lib/libg.a(libc_a-stdio.o)
 .comment       0x00000026       0x27 /usr/lib/gcc/arm-none-eabi/13.2.1/../../../arm-none-eabi/lib/libg.a(libc_a-reent.o)
 .comment       0x00000026       0x27 /usr/lib/gcc/arm-none-eabi/13.2.1/../../../arm-none-eabi/lib/libg.a(libc_a-reallocr.o)
 .comment       0x00000026       0x27 /usr/lib/gcc/arm-none-eabi/13.2.1/../../../arm-none-eabi/lib/libg.a(libc_a-writer.o)
 .comment       0x00000026       0x27 /usr/lib/gcc/arm-none-eabi/13.2.1/../../../arm-none-eabi/lib/libg.a(libc_a-ctype_.o)
 .comment       0x00000026       0x27 /usr/lib/gcc/arm-none-eabi/13.2.1/../../../arm-none-eabi/lib/libg.a(libc_a-closer.o)
 .comment       0x00000026       0x27 /usr/lib/gcc/arm-none-eabi/13.2.1/../../../arm-none-eabi/lib/libg.a(libc_a-fflush.o)
 .comment       0x00000026       0x27 /usr/lib/gcc/arm-none-eabi/13.2.1/../../../arm-none-eabi/lib/libg.a(libc_a-memmove.o)
 .comment       0x00000026       0x27 /usr/lib/gcc/arm-none-eabi/13.2.1/../../../arm-none-eabi/lib/libg.a(libc_a-vfiprintf.o)
 .comment       0x00000026       0x27 /usr/lib/gcc/arm-none-eabi/13.2.1/../../../arm-none-eabi/lib/libg.a(libc_a-readr.o)
 .comment       0x00000026       0x27 /usr/lib/gcc/arm-none-eabi/13.2.1/../../../arm-none-eabi/lib/libg.a(libc_a-wsetup.o)
 .comment       0x00000026       0x27 /usr/lib/gcc/arm-none-eabi/13.2.1/../../../arm-none-eabi/lib/libg.a(libc_a-lseekr.o)
 .comment       0x00000026       0x27 /usr/lib/gcc/arm-none-eabi/13.2.1/../../../arm-none-eabi/lib/libg.a(libc_a-sprint_r.o)
 .comment       0x00000026       0x27 /usr/lib/gcc/arm-none-eabi/13.2.1/../../../arm-none-eabi/lib/libg.a(libc_a-makebuf.o)
 .comment       0x00000026       0x27 /usr/lib/gcc/arm-none-eabi/13.2.1/../../../arm-none-eabi/lib/libg.a(libc_a-fstatr.o)
 .comment       0x00000026       0x27 /usr/lib/gcc/arm-none-eabi/13.2.1/../../../arm-none-eabi/lib/libg.a(libc_a-isattyr.o)
 .comment       0x00000026       0x27 /usr/lib/gcc/arm-none-eabi/13.2.1/../../../arm-none-eabi/lib/libg.a(libc_a-fvwrite.o)
 .comment       0x00000026       0x27 /usr/lib/gcc/arm-none-eabi/13.2.1/../../../arm-none-eabi/lib/librdimon.a(arm_librdimon_a-syscalls.o)

.ARM.attributes
                0x00000000       0x26
 .ARM.attributes
                0x00000000       0x1c /usr/lib/gcc/arm-none-eabi/13.2.1/crti.o
 .ARM.attributes
                0x0000001c       0x2a CMakeFiles/FreeRTOS-LPC2000.elf.dir/FreeRTOS/heap_2.c.obj
 .ARM.attributes
                0x00000046       0x2a CMakeFiles/FreeRTOS-LPC2000.elf.dir/FreeRTOS/list.c.obj
 .ARM.attributes
                0x00000070       0x2a CMakeFiles/FreeRTOS-LPC2000.elf.dir/FreeRTOS/port.c.obj
 .ARM.attributes
                0x0000009a       0x2a CMakeFiles/FreeRTOS-LPC2000.elf.dir/FreeRTOS/portISR.c.obj
 .ARM.attributes
                0x000000c4       0x2a CMakeFiles/FreeRTOS-LPC2000.elf.dir/FreeRTOS/queue.c.obj
 .ARM.attributes
                0x000000ee       0x2a CMakeFiles/FreeRTOS-LPC2000.elf.dir/FreeRTOS/serial.c.obj
 .ARM.attributes
                0x00000118       0x2a CMakeFiles/FreeRTOS-LPC2000.elf.dir/FreeRTOS/serialISR.c.obj
 .ARM.attributes
                0x00000142       0x2a CMakeFiles/FreeRTOS-LPC2000.elf.dir/FreeRTOS/tasks.c.obj
 .ARM.attributes
                0x0000016c       0x2a CMakeFiles/FreeRTOS-LPC2000.elf.dir/log/log.c.obj
 .ARM.attributes
                0x00000196       0x2a CMakeFiles/FreeRTOS-LPC2000.elf.dir/src/main.c.obj
 .ARM.attributes
                0x000001c0       0x1a CMakeFiles/FreeRTOS-LPC2000.elf.dir/startup/crt0.S.obj
 .ARM.attributes
                0x000001da       0x1c /usr/lib/gcc/arm-none-eabi/13.2.1/libgcc.a(_udivsi3.o)
 .ARM.attributes
                0x000001f6       0x1c /usr/lib/gcc/arm-none-eabi/13.2.1/libgcc.a(_dvmd_tls.o)
 .ARM.attributes
                0x00000212       0x1c /usr/lib/gcc/arm-none-eabi/13.2.1/libgcc.a(_arm_addsubdf3.o)
 .ARM.attributes
                0x0000022e       0x1c /usr/lib/gcc/arm-none-eabi/13.2.1/libgcc.a(_arm_muldivdf3.o)
 .ARM.attributes
                0x0000024a       0x1c /usr/lib/gcc/arm-none-eabi/13.2.1/libgcc.a(_arm_cmpdf2.o)
 .ARM.attributes
                0x00000266       0x1c /usr/lib/gcc/arm-none-eabi/13.2.1/libgcc.a(_arm_fixdfsi.o)
 .ARM.attributes
                0x00000282       0x1c /usr/lib/gcc/arm-none-eabi/13.2.1/libgcc.a(_arm_truncdfsf2.o)
 .ARM.attributes
                0x0000029e       0x2a /usr/lib/gcc/arm-none-eabi/13.2.1/../../../arm-none-eabi/lib/libg.a(libc_a-rand.o)
 .ARM.attributes
                0x000002c8       0x2a /usr/lib/gcc/arm-none-eabi/13.2.1/../../../arm-none-eabi/lib/libg.a(libc_a-memset.o)
 .ARM.attributes
                0x000002f2       0x2a /usr/lib/gcc/arm-none-eabi/13.2.1/../../../arm-none-eabi/lib/libg.a(libc_a-vsnprintf.o)
 .ARM.attributes
                0x0000031c       0x2a /usr/lib/gcc/arm-none-eabi/13.2.1/../../../arm-none-eabi/lib/libg.a(libc_a-svfprintf.o)
 .ARM.attributes
                0x00000346       0x2a /usr/lib/gcc/arm-none-eabi/13.2.1/../../../arm-none-eabi/lib/libg.a(libc_a-impure.o)
 .ARM.attributes
                0x00000370       0x2a /usr/lib/gcc/arm-none-eabi/13.2.1/../../../arm-none-eabi/lib/libg.a(libc_a-mallocr.o)
 .ARM.attributes
                0x0000039a       0x2a /usr/lib/gcc/arm-none-eabi/13.2.1/../../../arm-none-eabi/lib/libg.a(libc_a-memcpy-stub.o)
 .ARM.attributes
                0x000003c4       0x2a /usr/lib/gcc/arm-none-eabi/13.2.1/../../../arm-none-eabi/lib/libg.a(libc_a-dtoa.o)
 .ARM.attributes
                0x000003ee       0x2a /usr/lib/gcc/arm-none-eabi/13.2.1/../../../arm-none-eabi/lib/libg.a(libc_a-freer.o)
 .ARM.attributes
                0x00000418       0x2a /usr/lib/gcc/arm-none-eabi/13.2.1/../../../arm-none-eabi/lib/libg.a(libc_a-sysconf.o)
 .ARM.attributes
                0x00000442       0x2a /usr/lib/gcc/arm-none-eabi/13.2.1/../../../arm-none-eabi/lib/libg.a(libc_a-mlock.o)
 .ARM.attributes
                0x0000046c       0x2a /usr/lib/gcc/arm-none-eabi/13.2.1/../../../arm-none-eabi/lib/libg.a(libc_a-findfp.o)
 .ARM.attributes
                0x00000496       0x2a /usr/lib/gcc/arm-none-eabi/13.2.1/../../../arm-none-eabi/lib/libg.a(libc_a-ssprint_r.o)
 .ARM.attributes
                0x000004c0       0x2a /usr/lib/gcc/arm-none-eabi/13.2.1/../../../arm-none-eabi/lib/libg.a(libc_a-strlen-stub.o)
 .ARM.attributes
                0x000004ea       0x2a /usr/lib/gcc/arm-none-eabi/13.2.1/../../../arm-none-eabi/lib/libg.a(libc_a-sbrkr.o)
 .ARM.attributes
                0x00000514       0x2a /usr/lib/gcc/arm-none-eabi/13.2.1/../../../arm-none-eabi/lib/libg.a(libc_a-assert.o)
 .ARM.attributes
                0x0000053e       0x2a /usr/lib/gcc/arm-none-eabi/13.2.1/../../../arm-none-eabi/lib/libg.a(libc_a-mprec.o)
 .ARM.attributes
                0x00000568       0x2a /usr/lib/gcc/arm-none-eabi/13.2.1/../../../arm-none-eabi/lib/libg.a(libc_a-memchr-stub.o)
 .ARM.attributes
                0x00000592       0x2a /usr/lib/gcc/arm-none-eabi/13.2.1/../../../arm-none-eabi/lib/libg.a(libc_a-fwalk.o)
 .ARM.attributes
                0x000005bc       0x2a /usr/lib/gcc/arm-none-eabi/13.2.1/../../../arm-none-eabi/lib/libg.a(libc_a-localeconv.o)
 .ARM.attributes
                0x000005e6       0x2a /usr/lib/gcc/arm-none-eabi/13.2.1/../../../arm-none-eabi/lib/libg.a(libc_a-locale.o)
 .ARM.attributes
                0x00000610       0x2a /usr/lib/gcc/arm-none-eabi/13.2.1/../../../arm-none-eabi/lib/libg.a(libc_a-mbtowc_r.o)
 .ARM.attributes
                0x0000063a       0x2a /usr/lib/gcc/arm-none-eabi/13.2.1/../../../arm-none-eabi/lib/libg.a(libc_a-errno.o)
 .ARM.attributes
                0x00000664       0x2a /usr/lib/gcc/arm-none-eabi/13.2.1/../../../arm-none-eabi/lib/libg.a(libc_a-callocr.o)
 .ARM.attributes
                0x0000068e       0x2a /usr/lib/gcc/arm-none-eabi/13.2.1/../../../arm-none-eabi/lib/libg.a(libc_a-ssputs_r.o)
 .ARM.attributes
                0x000006b8       0x2a /usr/lib/gcc/arm-none-eabi/13.2.1/../../../arm-none-eabi/lib/libg.a(libc_a-fiprintf.o)
 .ARM.attributes
                0x000006e2       0x2a /usr/lib/gcc/arm-none-eabi/13.2.1/../../../arm-none-eabi/lib/libg.a(libc_a-fclose.o)
 .ARM.attributes
                0x0000070c       0x2a /usr/lib/gcc/arm-none-eabi/13.2.1/../../../arm-none-eabi/lib/libg.a(libc_a-wctomb_r.o)
 .ARM.attributes
                0x00000736       0x2a /usr/lib/gcc/arm-none-eabi/13.2.1/../../../arm-none-eabi/lib/libg.a(libc_a-stdio.o)
 .ARM.attributes
                0x00000760       0x2a /usr/lib/gcc/arm-none-eabi/13.2.1/../../../arm-none-eabi/lib/libg.a(libc_a-reent.o)
 .ARM.attributes
                0x0000078a       0x2a /usr/lib/gcc/arm-none-eabi/13.2.1/../../../arm-none-eabi/lib/libg.a(libc_a-reallocr.o)
 .ARM.attributes
                0x000007b4       0x2a /usr/lib/gcc/arm-none-eabi/13.2.1/../../../arm-none-eabi/lib/libg.a(libc_a-writer.o)
 .ARM.attributes
                0x000007de       0x2a /usr/lib/gcc/arm-none-eabi/13.2.1/../../../arm-none-eabi/lib/libg.a(libc_a-ctype_.o)
 .ARM.attributes
                0x00000808       0x2a /usr/lib/gcc/arm-none-eabi/13.2.1/../../../arm-none-eabi/lib/libg.a(libc_a-closer.o)
 .ARM.attributes
                0x00000832       0x2a /usr/lib/gcc/arm-none-eabi/13.2.1/../../../arm-none-eabi/lib/libg.a(libc_a-fflush.o)
 .ARM.attributes
                0x0000085c       0x2a /usr/lib/gcc/arm-none-eabi/13.2.1/../../../arm-none-eabi/lib/libg.a(libc_a-memmove.o)
 .ARM.attributes
                0x00000886       0x2a /usr/lib/gcc/arm-none-eabi/13.2.1/../../../arm-none-eabi/lib/libg.a(libc_a-vfiprintf.o)
 .ARM.attributes
                0x000008b0       0x2a /usr/lib/gcc/arm-none-eabi/13.2.1/../../../arm-none-eabi/lib/libg.a(libc_a-readr.o)
 .ARM.attributes
                0x000008da       0x2a /usr/lib/gcc/arm-none-eabi/13.2.1/../../../arm-none-eabi/lib/libg.a(libc_a-wsetup.o)
 .ARM.attributes
                0x00000904       0x2a /usr/lib/gcc/arm-none-eabi/13.2.1/../../../arm-none-eabi/lib/libg.a(libc_a-lseekr.o)
 .ARM.attributes
                0x0000092e       0x2a /usr/lib/gcc/arm-none-eabi/13.2.1/../../../arm-none-eabi/lib/libg.a(libc_a-sprint_r.o)
 .ARM.attributes
                0x00000958       0x2a /usr/lib/gcc/arm-none-eabi/13.2.1/../../../arm-none-eabi/lib/libg.a(libc_a-makebuf.o)
 .ARM.attributes
                0x00000982       0x2a /usr/lib/gcc/arm-none-eabi/13.2.1/../../../arm-none-eabi/lib/libg.a(libc_a-fstatr.o)
 .ARM.attributes
                0x000009ac       0x2a /usr/lib/gcc/arm-none-eabi/13.2.1/../../../arm-none-eabi/lib/libg.a(libc_a-isattyr.o)
 .ARM.attributes
                0x000009d6       0x2a /usr/lib/gcc/arm-none-eabi/13.2.1/../../../arm-none-eabi/lib/libg.a(libc_a-fvwrite.o)
 .ARM.attributes
                0x00000a00       0x1c /usr/lib/gcc/arm-none-eabi/13.2.1/libgcc.a(_divsi3.o)
 .ARM.attributes
                0x00000a1c       0x1c /usr/lib/gcc/arm-none-eabi/13.2.1/libgcc.a(_arm_unorddf2.o)
 .ARM.attributes
                0x00000a38       0x2a /usr/lib/gcc/arm-none-eabi/13.2.1/../../../arm-none-eabi/lib/librdimon.a(arm_librdimon_a-syscalls.o)

.debug
 *(.debug)

.line
 *(.line)

.debug_srcinfo
 *(.debug_srcinfo)

.debug_sfnames
 *(.debug_sfnames)

.debug_aranges  0x00000000      0xbe8
 *(.debug_aranges)
 .debug_aranges
                0x00000000       0x50 CMakeFiles/FreeRTOS-LPC2000.elf.dir/FreeRTOS/heap_2.c.obj
 .debug_aranges
                0x00000050       0x40 CMakeFiles/FreeRTOS-LPC2000.elf.dir/FreeRTOS/list.c.obj
 .debug_aranges
                0x00000090       0x38 CMakeFiles/FreeRTOS-LPC2000.elf.dir/FreeRTOS/port.c.obj
 .debug_aranges
                0x000000c8       0x40 CMakeFiles/FreeRTOS-LPC2000.elf.dir/FreeRTOS/portISR.c.obj
 .debug_aranges
                0x00000108       0xd8 CMakeFiles/FreeRTOS-LPC2000.elf.dir/FreeRTOS/queue.c.obj
 .debug_aranges
                0x000001e0       0x40 CMakeFiles/FreeRTOS-LPC2000.elf.dir/FreeRTOS/serial.c.obj
 .debug_aranges
                0x00000220       0x30 CMakeFiles/FreeRTOS-LPC2000.elf.dir/FreeRTOS/serialISR.c.obj
 .debug_aranges
                0x00000250      0x1b0 CMakeFiles/FreeRTOS-LPC2000.elf.dir/FreeRTOS/tasks.c.obj
 .debug_aranges
                0x00000400       0x28 CMakeFiles/FreeRTOS-LPC2000.elf.dir/log/log.c.obj
 .debug_aranges
                0x00000428       0xd0 CMakeFiles/FreeRTOS-LPC2000.elf.dir/src/main.c.obj
 .debug_aranges
                0x000004f8       0x20 CMakeFiles/FreeRTOS-LPC2000.elf.dir/startup/crt0.S.obj
 .debug_aranges
                0x00000518       0x20 /usr/lib/gcc/arm-none-eabi/13.2.1/libgcc.a(_udivsi3.o)
 .debug_aranges
                0x00000538       0x20 /usr/lib/gcc/arm-none-eabi/13.2.1/libgcc.a(_dvmd_tls.o)
 .debug_aranges
                0x00000558       0x20 /usr/lib/gcc/arm-none-eabi/13.2.1/libgcc.a(_arm_addsubdf3.o)
 .debug_aranges
                0x00000578       0x20 /usr/lib/gcc/arm-none-eabi/13.2.1/libgcc.a(_arm_muldivdf3.o)
 .debug_aranges
                0x00000598       0x20 /usr/lib/gcc/arm-none-eabi/13.2.1/libgcc.a(_arm_cmpdf2.o)
 .debug_aranges
                0x000005b8       0x20 /usr/lib/gcc/arm-none-eabi/13.2.1/libgcc.a(_arm_fixdfsi.o)
 .debug_aranges
                0x000005d8       0x20 /usr/lib/gcc/arm-none-eabi/13.2.1/libgcc.a(_arm_truncdfsf2.o)
 .debug_aranges
                0x000005f8       0x20 /usr/lib/gcc/arm-none-eabi/13.2.1/../../../arm-none-eabi/lib/libg.a(libc_a-rand.o)
 .debug_aranges
                0x00000618       0x20 /usr/lib/gcc/arm-none-eabi/13.2.1/../../../arm-none-eabi/lib/libg.a(libc_a-memset.o)
 .debug_aranges
                0x00000638       0x20 /usr/lib/gcc/arm-none-eabi/13.2.1/../../../arm-none-eabi/lib/libg.a(libc_a-vsnprintf.o)
 .debug_aranges
                0x00000658       0x20 /usr/lib/gcc/arm-none-eabi/13.2.1/../../../arm-none-eabi/lib/libg.a(libc_a-svfprintf.o)
 .debug_aranges
                0x00000678       0x18 /usr/lib/gcc/arm-none-eabi/13.2.1/../../../arm-none-eabi/lib/libg.a(libc_a-impure.o)
 .debug_aranges
                0x00000690       0x20 /usr/lib/gcc/arm-none-eabi/13.2.1/../../../arm-none-eabi/lib/libg.a(libc_a-mallocr.o)
 .debug_aranges
                0x000006b0       0x20 /usr/lib/gcc/arm-none-eabi/13.2.1/../../../arm-none-eabi/lib/libg.a(libc_a-memcpy-stub.o)
 .debug_aranges
                0x000006d0       0x20 /usr/lib/gcc/arm-none-eabi/13.2.1/../../../arm-none-eabi/lib/libg.a(libc_a-dtoa.o)
 .debug_aranges
                0x000006f0       0x20 /usr/lib/gcc/arm-none-eabi/13.2.1/../../../arm-none-eabi/lib/libg.a(libc_a-freer.o)
 .debug_aranges
                0x00000710       0x20 /usr/lib/gcc/arm-none-eabi/13.2.1/../../../arm-none-eabi/lib/libg.a(libc_a-sysconf.o)
 .debug_aranges
                0x00000730       0x20 /usr/lib/gcc/arm-none-eabi/13.2.1/../../../arm-none-eabi/lib/libg.a(libc_a-mlock.o)
 .debug_aranges
                0x00000750       0x20 /usr/lib/gcc/arm-none-eabi/13.2.1/../../../arm-none-eabi/lib/libg.a(libc_a-findfp.o)
 .debug_aranges
                0x00000770       0x20 /usr/lib/gcc/arm-none-eabi/13.2.1/../../../arm-none-eabi/lib/libg.a(libc_a-ssprint_r.o)
 .debug_aranges
                0x00000790       0x20 /usr/lib/gcc/arm-none-eabi/13.2.1/../../../arm-none-eabi/lib/libg.a(libc_a-strlen-stub.o)
 .debug_aranges
                0x000007b0       0x20 /usr/lib/gcc/arm-none-eabi/13.2.1/../../../arm-none-eabi/lib/libg.a(libc_a-sbrkr.o)
 .debug_aranges
                0x000007d0       0x20 /usr/lib/gcc/arm-none-eabi/13.2.1/../../../arm-none-eabi/lib/libg.a(libc_a-assert.o)
 .debug_aranges
                0x000007f0       0x20 /usr/lib/gcc/arm-none-eabi/13.2.1/../../../arm-none-eabi/lib/libg.a(libc_a-mprec.o)
 .debug_aranges
                0x00000810       0x20 /usr/lib/gcc/arm-none-eabi/13.2.1/../../../arm-none-eabi/lib/libg.a(libc_a-memchr-stub.o)
 .debug_aranges
                0x00000830       0x20 /usr/lib/gcc/arm-none-eabi/13.2.1/../../../arm-none-eabi/lib/libg.a(libc_a-fwalk.o)
 .debug_aranges
                0x00000850       0x20 /usr/lib/gcc/arm-none-eabi/13.2.1/../../../arm-none-eabi/lib/libg.a(libc_a-localeconv.o)
 .debug_aranges
                0x00000870       0x20 /usr/lib/gcc/arm-none-eabi/13.2.1/../../../arm-none-eabi/lib/libg.a(libc_a-locale.o)
 .debug_aranges
                0x00000890       0x20 /usr/lib/gcc/arm-none-eabi/13.2.1/../../../arm-none-eabi/lib/libg.a(libc_a-mbtowc_r.o)
 .debug_aranges
                0x000008b0       0x20 /usr/lib/gcc/arm-none-eabi/13.2.1/../../../arm-none-eabi/lib/libg.a(libc_a-errno.o)
 .debug_aranges
                0x000008d0       0x20 /usr/lib/gcc/arm-none-eabi/13.2.1/../../../arm-none-eabi/lib/libg.a(libc_a-callocr.o)
 .debug_aranges
                0x000008f0       0x20 /usr/lib/gcc/arm-none-eabi/13.2.1/../../../arm-none-eabi/lib/libg.a(libc_a-ssputs_r.o)
 .debug_aranges
                0x00000910       0x20 /usr/lib/gcc/arm-none-eabi/13.2.1/../../../arm-none-eabi/lib/libg.a(libc_a-fiprintf.o)
 .debug_aranges
                0x00000930       0x20 /usr/lib/gcc/arm-none-eabi/13.2.1/../../../arm-none-eabi/lib/libg.a(libc_a-fclose.o)
 .debug_aranges
                0x00000950       0x20 /usr/lib/gcc/arm-none-eabi/13.2.1/../../../arm-none-eabi/lib/libg.a(libc_a-wctomb_r.o)
 .debug_aranges
                0x00000970       0x20 /usr/lib/gcc/arm-none-eabi/13.2.1/../../../arm-none-eabi/lib/libg.a(libc_a-stdio.o)
 .debug_aranges
                0x00000990       0x20 /usr/lib/gcc/arm-none-eabi/13.2.1/../../../arm-none-eabi/lib/libg.a(libc_a-reent.o)
 .debug_aranges
                0x000009b0       0x20 /usr/lib/gcc/arm-none-eabi/13.2.1/../../../arm-none-eabi/lib/libg.a(libc_a-reallocr.o)
 .debug_aranges
                0x000009d0       0x20 /usr/lib/gcc/arm-none-eabi/13.2.1/../../../arm-none-eabi/lib/libg.a(libc_a-writer.o)
 .debug_aranges
                0x000009f0       0x18 /usr/lib/gcc/arm-none-eabi/13.2.1/../../../arm-none-eabi/lib/libg.a(libc_a-ctype_.o)
 .debug_aranges
                0x00000a08       0x20 /usr/lib/gcc/arm-none-eabi/13.2.1/../../../arm-none-eabi/lib/libg.a(libc_a-closer.o)
 .debug_aranges
                0x00000a28       0x20 /usr/lib/gcc/arm-none-eabi/13.2.1/../../../arm-none-eabi/lib/libg.a(libc_a-fflush.o)
 .debug_aranges
                0x00000a48       0x20 /usr/lib/gcc/arm-none-eabi/13.2.1/../../../arm-none-eabi/lib/libg.a(libc_a-memmove.o)
 .debug_aranges
                0x00000a68       0x20 /usr/lib/gcc/arm-none-eabi/13.2.1/../../../arm-none-eabi/lib/libg.a(libc_a-vfiprintf.o)
 .debug_aranges
                0x00000a88       0x20 /usr/lib/gcc/arm-none-eabi/13.2.1/../../../arm-none-eabi/lib/libg.a(libc_a-readr.o)
 .debug_aranges
                0x00000aa8       0x20 /usr/lib/gcc/arm-none-eabi/13.2.1/../../../arm-none-eabi/lib/libg.a(libc_a-wsetup.o)
 .debug_aranges
                0x00000ac8       0x20 /usr/lib/gcc/arm-none-eabi/13.2.1/../../../arm-none-eabi/lib/libg.a(libc_a-lseekr.o)
 .debug_aranges
                0x00000ae8       0x20 /usr/lib/gcc/arm-none-eabi/13.2.1/../../../arm-none-eabi/lib/libg.a(libc_a-sprint_r.o)
 .debug_aranges
                0x00000b08       0x20 /usr/lib/gcc/arm-none-eabi/13.2.1/../../../arm-none-eabi/lib/libg.a(libc_a-makebuf.o)
 .debug_aranges
                0x00000b28       0x20 /usr/lib/gcc/arm-none-eabi/13.2.1/../../../arm-none-eabi/lib/libg.a(libc_a-fstatr.o)
 .debug_aranges
                0x00000b48       0x20 /usr/lib/gcc/arm-none-eabi/13.2.1/../../../arm-none-eabi/lib/libg.a(libc_a-isattyr.o)
 .debug_aranges
                0x00000b68       0x20 /usr/lib/gcc/arm-none-eabi/13.2.1/../../../arm-none-eabi/lib/libg.a(libc_a-fvwrite.o)
 .debug_aranges
                0x00000b88       0x20 /usr/lib/gcc/arm-none-eabi/13.2.1/libgcc.a(_divsi3.o)
 .debug_aranges
                0x00000ba8       0x20 /usr/lib/gcc/arm-none-eabi/13.2.1/libgcc.a(_arm_unorddf2.o)
 .debug_aranges
                0x00000bc8       0x20 /usr/lib/gcc/arm-none-eabi/13.2.1/../../../arm-none-eabi/lib/librdimon.a(arm_librdimon_a-syscalls.o)

.debug_pubnames
 *(.debug_pubnames)

.debug_info     0x00000000    0x21581
 *(.debug_info .gnu.linkonce.wi.*)
 .debug_info    0x00000000      0x362 CMakeFiles/FreeRTOS-LPC2000.elf.dir/FreeRTOS/heap_2.c.obj
 .debug_info    0x00000362      0x29e CMakeFiles/FreeRTOS-LPC2000.elf.dir/FreeRTOS/list.c.obj
 .debug_info    0x00000600      0x19b CMakeFiles/FreeRTOS-LPC2000.elf.dir/FreeRTOS/port.c.obj
 .debug_info    0x0000079b      0x1ac CMakeFiles/FreeRTOS-LPC2000.elf.dir/FreeRTOS/portISR.c.obj
 .debug_info    0x00000947      0xe12 CMakeFiles/FreeRTOS-LPC2000.elf.dir/FreeRTOS/queue.c.obj
 .debug_info    0x00001759      0x320 CMakeFiles/FreeRTOS-LPC2000.elf.dir/FreeRTOS/serial.c.obj
 .debug_info    0x00001a79      0x28a CMakeFiles/FreeRTOS-LPC2000.elf.dir/FreeRTOS/serialISR.c.obj
 .debug_info    0x00001d03     0x1940 CMakeFiles/FreeRTOS-LPC2000.elf.dir/FreeRTOS/tasks.c.obj
 .debug_info    0x00003643      0x1bc CMakeFiles/FreeRTOS-LPC2000.elf.dir/log/log.c.obj
 .debug_info    0x000037ff      0x930 CMakeFiles/FreeRTOS-LPC2000.elf.dir/src/main.c.obj
 .debug_info    0x0000412f       0x25 CMakeFiles/FreeRTOS-LPC2000.elf.dir/startup/crt0.S.obj
 .debug_info    0x00004154       0x3e /usr/lib/gcc/arm-none-eabi/13.2.1/libgcc.a(_udivsi3.o)
 .debug_info    0x00004192       0x3c /usr/lib/gcc/arm-none-eabi/13.2.1/libgcc.a(_dvmd_tls.o)
 .debug_info    0x000041ce       0xd3 /usr/lib/gcc/arm-none-eabi/13.2.1/libgcc.a(_arm_addsubdf3.o)
 .debug_info    0x000042a1       0x57 /usr/lib/gcc/arm-none-eabi/13.2.1/libgcc.a(_arm_muldivdf3.o)
 .debug_info    0x000042f8       0xe2 /usr/lib/gcc/arm-none-eabi/13.2.1/libgcc.a(_arm_cmpdf2.o)
 .debug_info    0x000043da       0x3c /usr/lib/gcc/arm-none-eabi/13.2.1/libgcc.a(_arm_fixdfsi.o)
 .debug_info    0x00004416       0x3f /usr/lib/gcc/arm-none-eabi/13.2.1/libgcc.a(_arm_truncdfsf2.o)
 .debug_info    0x00004455      0x754 /usr/lib/gcc/arm-none-eabi/13.2.1/../../../arm-none-eabi/lib/libg.a(libc_a-rand.o)
 .debug_info    0x00004ba9      0x135 /usr/lib/gcc/arm-none-eabi/13.2.1/../../../arm-none-eabi/lib/libg.a(libc_a-memset.o)
 .debug_info    0x00004cde      0x9a0 /usr/lib/gcc/arm-none-eabi/13.2.1/../../../arm-none-eabi/lib/libg.a(libc_a-vsnprintf.o)
 .debug_info    0x0000567e     0x178d /usr/lib/gcc/arm-none-eabi/13.2.1/../../../arm-none-eabi/lib/libg.a(libc_a-svfprintf.o)
 .debug_info    0x00006e0b      0x729 /usr/lib/gcc/arm-none-eabi/13.2.1/../../../arm-none-eabi/lib/libg.a(libc_a-impure.o)
 .debug_info    0x00007534      0xcdd /usr/lib/gcc/arm-none-eabi/13.2.1/../../../arm-none-eabi/lib/libg.a(libc_a-mallocr.o)
 .debug_info    0x00008211      0x152 /usr/lib/gcc/arm-none-eabi/13.2.1/../../../arm-none-eabi/lib/libg.a(libc_a-memcpy-stub.o)
 .debug_info    0x00008363     0x18a6 /usr/lib/gcc/arm-none-eabi/13.2.1/../../../arm-none-eabi/lib/libg.a(libc_a-dtoa.o)
 .debug_info    0x00009c09      0xb49 /usr/lib/gcc/arm-none-eabi/13.2.1/../../../arm-none-eabi/lib/libg.a(libc_a-freer.o)
 .debug_info    0x0000a752       0xc1 /usr/lib/gcc/arm-none-eabi/13.2.1/../../../arm-none-eabi/lib/libg.a(libc_a-sysconf.o)
 .debug_info    0x0000a813      0x73a /usr/lib/gcc/arm-none-eabi/13.2.1/../../../arm-none-eabi/lib/libg.a(libc_a-mlock.o)
 .debug_info    0x0000af4d      0xea7 /usr/lib/gcc/arm-none-eabi/13.2.1/../../../arm-none-eabi/lib/libg.a(libc_a-findfp.o)
 .debug_info    0x0000bdf4      0x840 /usr/lib/gcc/arm-none-eabi/13.2.1/../../../arm-none-eabi/lib/libg.a(libc_a-ssprint_r.o)
 .debug_info    0x0000c634       0xbd /usr/lib/gcc/arm-none-eabi/13.2.1/../../../arm-none-eabi/lib/libg.a(libc_a-strlen-stub.o)
 .debug_info    0x0000c6f1      0x796 /usr/lib/gcc/arm-none-eabi/13.2.1/../../../arm-none-eabi/lib/libg.a(libc_a-sbrkr.o)
 .debug_info    0x0000ce87      0x8d1 /usr/lib/gcc/arm-none-eabi/13.2.1/../../../arm-none-eabi/lib/libg.a(libc_a-assert.o)
 .debug_info    0x0000d758     0x1e22 /usr/lib/gcc/arm-none-eabi/13.2.1/../../../arm-none-eabi/lib/libg.a(libc_a-mprec.o)
 .debug_info    0x0000f57a      0x14a /usr/lib/gcc/arm-none-eabi/13.2.1/../../../arm-none-eabi/lib/libg.a(libc_a-memchr-stub.o)
 .debug_info    0x0000f6c4      0x7e4 /usr/lib/gcc/arm-none-eabi/13.2.1/../../../arm-none-eabi/lib/libg.a(libc_a-fwalk.o)
 .debug_info    0x0000fea8      0xa2c /usr/lib/gcc/arm-none-eabi/13.2.1/../../../arm-none-eabi/lib/libg.a(libc_a-localeconv.o)
 .debug_info    0x000108d4      0xbd7 /usr/lib/gcc/arm-none-eabi/13.2.1/../../../arm-none-eabi/lib/libg.a(libc_a-locale.o)
 .debug_info    0x000114ab      0xac4 /usr/lib/gcc/arm-none-eabi/13.2.1/../../../arm-none-eabi/lib/libg.a(libc_a-mbtowc_r.o)
 .debug_info    0x00011f6f      0x70f /usr/lib/gcc/arm-none-eabi/13.2.1/../../../arm-none-eabi/lib/libg.a(libc_a-errno.o)
 .debug_info    0x0001267e      0x8d9 /usr/lib/gcc/arm-none-eabi/13.2.1/../../../arm-none-eabi/lib/libg.a(libc_a-callocr.o)
 .debug_info    0x00012f57      0x8c8 /usr/lib/gcc/arm-none-eabi/13.2.1/../../../arm-none-eabi/lib/libg.a(libc_a-ssputs_r.o)
 .debug_info    0x0001381f      0x872 /usr/lib/gcc/arm-none-eabi/13.2.1/../../../arm-none-eabi/lib/libg.a(libc_a-fiprintf.o)
 .debug_info    0x00014091      0x8e6 /usr/lib/gcc/arm-none-eabi/13.2.1/../../../arm-none-eabi/lib/libg.a(libc_a-fclose.o)
 .debug_info    0x00014977      0xa8e /usr/lib/gcc/arm-none-eabi/13.2.1/../../../arm-none-eabi/lib/libg.a(libc_a-wctomb_r.o)
 .debug_info    0x00015405      0xa90 /usr/lib/gcc/arm-none-eabi/13.2.1/../../../arm-none-eabi/lib/libg.a(libc_a-stdio.o)
 .debug_info    0x00015e95      0x831 /usr/lib/gcc/arm-none-eabi/13.2.1/../../../arm-none-eabi/lib/libg.a(libc_a-reent.o)
 .debug_info    0x000166c6      0xbc2 /usr/lib/gcc/arm-none-eabi/13.2.1/../../../arm-none-eabi/lib/libg.a(libc_a-reallocr.o)
 .debug_info    0x00017288      0x7d9 /usr/lib/gcc/arm-none-eabi/13.2.1/../../../arm-none-eabi/lib/libg.a(libc_a-writer.o)
 .debug_info    0x00017a61       0xb9 /usr/lib/gcc/arm-none-eabi/13.2.1/../../../arm-none-eabi/lib/libg.a(libc_a-ctype_.o)
 .debug_info    0x00017b1a      0x770 /usr/lib/gcc/arm-none-eabi/13.2.1/../../../arm-none-eabi/lib/libg.a(libc_a-closer.o)
 .debug_info    0x0001828a      0xa48 /usr/lib/gcc/arm-none-eabi/13.2.1/../../../arm-none-eabi/lib/libg.a(libc_a-fflush.o)
 .debug_info    0x00018cd2      0x148 /usr/lib/gcc/arm-none-eabi/13.2.1/../../../arm-none-eabi/lib/libg.a(libc_a-memmove.o)
 .debug_info    0x00018e1a     0x1210 /usr/lib/gcc/arm-none-eabi/13.2.1/../../../arm-none-eabi/lib/libg.a(libc_a-vfiprintf.o)
 .debug_info    0x0001a02a      0x7d3 /usr/lib/gcc/arm-none-eabi/13.2.1/../../../arm-none-eabi/lib/libg.a(libc_a-readr.o)
 .debug_info    0x0001a7fd      0x7cf /usr/lib/gcc/arm-none-eabi/13.2.1/../../../arm-none-eabi/lib/libg.a(libc_a-wsetup.o)
 .debug_info    0x0001afcc      0x7bc /usr/lib/gcc/arm-none-eabi/13.2.1/../../../arm-none-eabi/lib/libg.a(libc_a-lseekr.o)
 .debug_info    0x0001b788      0x813 /usr/lib/gcc/arm-none-eabi/13.2.1/../../../arm-none-eabi/lib/libg.a(libc_a-sprint_r.o)
 .debug_info    0x0001bf9b      0xbe7 /usr/lib/gcc/arm-none-eabi/13.2.1/../../../arm-none-eabi/lib/libg.a(libc_a-makebuf.o)
 .debug_info    0x0001cb82      0x995 /usr/lib/gcc/arm-none-eabi/13.2.1/../../../arm-none-eabi/lib/libg.a(libc_a-fstatr.o)
 .debug_info    0x0001d517      0x770 /usr/lib/gcc/arm-none-eabi/13.2.1/../../../arm-none-eabi/lib/libg.a(libc_a-isattyr.o)
 .debug_info    0x0001dc87      0xb37 /usr/lib/gcc/arm-none-eabi/13.2.1/../../../arm-none-eabi/lib/libg.a(libc_a-fvwrite.o)
 .debug_info    0x0001e7be       0x3e /usr/lib/gcc/arm-none-eabi/13.2.1/libgcc.a(_divsi3.o)
 .debug_info    0x0001e7fc       0x3c /usr/lib/gcc/arm-none-eabi/13.2.1/libgcc.a(_arm_unorddf2.o)
 .debug_info    0x0001e838     0x2d49 /usr/lib/gcc/arm-none-eabi/13.2.1/../../../arm-none-eabi/lib/librdimon.a(arm_librdimon_a-syscalls.o)

.debug_abbrev   0x00000000     0x7aa5
 *(.debug_abbrev)
 .debug_abbrev  0x00000000      0x1f7 CMakeFiles/FreeRTOS-LPC2000.elf.dir/FreeRTOS/heap_2.c.obj
 .debug_abbrev  0x000001f7       0xee CMakeFiles/FreeRTOS-LPC2000.elf.dir/FreeRTOS/list.c.obj
 .debug_abbrev  0x000002e5       0xfc CMakeFiles/FreeRTOS-LPC2000.elf.dir/FreeRTOS/port.c.obj
 .debug_abbrev  0x000003e1       0xde CMakeFiles/FreeRTOS-LPC2000.elf.dir/FreeRTOS/portISR.c.obj
 .debug_abbrev  0x000004bf      0x23f CMakeFiles/FreeRTOS-LPC2000.elf.dir/FreeRTOS/queue.c.obj
 .debug_abbrev  0x000006fe      0x144 CMakeFiles/FreeRTOS-LPC2000.elf.dir/FreeRTOS/serial.c.obj
 .debug_abbrev  0x00000842      0x124 CMakeFiles/FreeRTOS-LPC2000.elf.dir/FreeRTOS/serialISR.c.obj
 .debug_abbrev  0x00000966      0x317 CMakeFiles/FreeRTOS-LPC2000.elf.dir/FreeRTOS/tasks.c.obj
 .debug_abbrev  0x00000c7d      0x127 CMakeFiles/FreeRTOS-LPC2000.elf.dir/log/log.c.obj
 .debug_abbrev  0x00000da4      0x341 CMakeFiles/FreeRTOS-LPC2000.elf.dir/src/main.c.obj
 .debug_abbrev  0x000010e5       0x14 CMakeFiles/FreeRTOS-LPC2000.elf.dir/startup/crt0.S.obj
 .debug_abbrev  0x000010f9       0x28 /usr/lib/gcc/arm-none-eabi/13.2.1/libgcc.a(_udivsi3.o)
 .debug_abbrev  0x00001121       0x26 /usr/lib/gcc/arm-none-eabi/13.2.1/libgcc.a(_dvmd_tls.o)
 .debug_abbrev  0x00001147       0x28 /usr/lib/gcc/arm-none-eabi/13.2.1/libgcc.a(_arm_addsubdf3.o)
 .debug_abbrev  0x0000116f       0x28 /usr/lib/gcc/arm-none-eabi/13.2.1/libgcc.a(_arm_muldivdf3.o)
 .debug_abbrev  0x00001197       0x28 /usr/lib/gcc/arm-none-eabi/13.2.1/libgcc.a(_arm_cmpdf2.o)
 .debug_abbrev  0x000011bf       0x28 /usr/lib/gcc/arm-none-eabi/13.2.1/libgcc.a(_arm_fixdfsi.o)
 .debug_abbrev  0x000011e7       0x28 /usr/lib/gcc/arm-none-eabi/13.2.1/libgcc.a(_arm_truncdfsf2.o)
 .debug_abbrev  0x0000120f      0x1dc /usr/lib/gcc/arm-none-eabi/13.2.1/../../../arm-none-eabi/lib/libg.a(libc_a-rand.o)
 .debug_abbrev  0x000013eb       0xb7 /usr/lib/gcc/arm-none-eabi/13.2.1/../../../arm-none-eabi/lib/libg.a(libc_a-memset.o)
 .debug_abbrev  0x000014a2      0x2bd /usr/lib/gcc/arm-none-eabi/13.2.1/../../../arm-none-eabi/lib/libg.a(libc_a-vsnprintf.o)
 .debug_abbrev  0x0000175f      0x402 /usr/lib/gcc/arm-none-eabi/13.2.1/../../../arm-none-eabi/lib/libg.a(libc_a-svfprintf.o)
 .debug_abbrev  0x00001b61      0x185 /usr/lib/gcc/arm-none-eabi/13.2.1/../../../arm-none-eabi/lib/libg.a(libc_a-impure.o)
 .debug_abbrev  0x00001ce6      0x2d7 /usr/lib/gcc/arm-none-eabi/13.2.1/../../../arm-none-eabi/lib/libg.a(libc_a-mallocr.o)
 .debug_abbrev  0x00001fbd       0xca /usr/lib/gcc/arm-none-eabi/13.2.1/../../../arm-none-eabi/lib/libg.a(libc_a-memcpy-stub.o)
 .debug_abbrev  0x00002087      0x388 /usr/lib/gcc/arm-none-eabi/13.2.1/../../../arm-none-eabi/lib/libg.a(libc_a-dtoa.o)
 .debug_abbrev  0x0000240f      0x289 /usr/lib/gcc/arm-none-eabi/13.2.1/../../../arm-none-eabi/lib/libg.a(libc_a-freer.o)
 .debug_abbrev  0x00002698       0x80 /usr/lib/gcc/arm-none-eabi/13.2.1/../../../arm-none-eabi/lib/libg.a(libc_a-sysconf.o)
 .debug_abbrev  0x00002718      0x1ce /usr/lib/gcc/arm-none-eabi/13.2.1/../../../arm-none-eabi/lib/libg.a(libc_a-mlock.o)
 .debug_abbrev  0x000028e6      0x43a /usr/lib/gcc/arm-none-eabi/13.2.1/../../../arm-none-eabi/lib/libg.a(libc_a-findfp.o)
 .debug_abbrev  0x00002d20      0x1e0 /usr/lib/gcc/arm-none-eabi/13.2.1/../../../arm-none-eabi/lib/libg.a(libc_a-ssprint_r.o)
 .debug_abbrev  0x00002f00       0x78 /usr/lib/gcc/arm-none-eabi/13.2.1/../../../arm-none-eabi/lib/libg.a(libc_a-strlen-stub.o)
 .debug_abbrev  0x00002f78      0x216 /usr/lib/gcc/arm-none-eabi/13.2.1/../../../arm-none-eabi/lib/libg.a(libc_a-sbrkr.o)
 .debug_abbrev  0x0000318e      0x226 /usr/lib/gcc/arm-none-eabi/13.2.1/../../../arm-none-eabi/lib/libg.a(libc_a-assert.o)
 .debug_abbrev  0x000033b4      0x4fa /usr/lib/gcc/arm-none-eabi/13.2.1/../../../arm-none-eabi/lib/libg.a(libc_a-mprec.o)
 .debug_abbrev  0x000038ae       0xc7 /usr/lib/gcc/arm-none-eabi/13.2.1/../../../arm-none-eabi/lib/libg.a(libc_a-memchr-stub.o)
 .debug_abbrev  0x00003975      0x1d9 /usr/lib/gcc/arm-none-eabi/13.2.1/../../../arm-none-eabi/lib/libg.a(libc_a-fwalk.o)
 .debug_abbrev  0x00003b4e      0x26a /usr/lib/gcc/arm-none-eabi/13.2.1/../../../arm-none-eabi/lib/libg.a(libc_a-localeconv.o)
 .debug_abbrev  0x00003db8      0x2d9 /usr/lib/gcc/arm-none-eabi/13.2.1/../../../arm-none-eabi/lib/libg.a(libc_a-locale.o)
 .debug_abbrev  0x00004091      0x241 /usr/lib/gcc/arm-none-eabi/13.2.1/../../../arm-none-eabi/lib/libg.a(libc_a-mbtowc_r.o)
 .debug_abbrev  0x000042d2      0x19a /usr/lib/gcc/arm-none-eabi/13.2.1/../../../arm-none-eabi/lib/libg.a(libc_a-errno.o)
 .debug_abbrev  0x0000446c      0x25b /usr/lib/gcc/arm-none-eabi/13.2.1/../../../arm-none-eabi/lib/libg.a(libc_a-callocr.o)
 .debug_abbrev  0x000046c7      0x25a /usr/lib/gcc/arm-none-eabi/13.2.1/../../../arm-none-eabi/lib/libg.a(libc_a-ssputs_r.o)
 .debug_abbrev  0x00004921      0x252 /usr/lib/gcc/arm-none-eabi/13.2.1/../../../arm-none-eabi/lib/libg.a(libc_a-fiprintf.o)
 .debug_abbrev  0x00004b73      0x2ed /usr/lib/gcc/arm-none-eabi/13.2.1/../../../arm-none-eabi/lib/libg.a(libc_a-fclose.o)
 .debug_abbrev  0x00004e60      0x23d /usr/lib/gcc/arm-none-eabi/13.2.1/../../../arm-none-eabi/lib/libg.a(libc_a-wctomb_r.o)
 .debug_abbrev  0x0000509d      0x242 /usr/lib/gcc/arm-none-eabi/13.2.1/../../../arm-none-eabi/lib/libg.a(libc_a-stdio.o)
 .debug_abbrev  0x000052df      0x22a /usr/lib/gcc/arm-none-eabi/13.2.1/../../../arm-none-eabi/lib/libg.a(libc_a-reent.o)
 .debug_abbrev  0x00005509      0x295 /usr/lib/gcc/arm-none-eabi/13.2.1/../../../arm-none-eabi/lib/libg.a(libc_a-reallocr.o)
 .debug_abbrev  0x0000579e      0x1f1 /usr/lib/gcc/arm-none-eabi/13.2.1/../../../arm-none-eabi/lib/libg.a(libc_a-writer.o)
 .debug_abbrev  0x0000598f       0x62 /usr/lib/gcc/arm-none-eabi/13.2.1/../../../arm-none-eabi/lib/libg.a(libc_a-ctype_.o)
 .debug_abbrev  0x000059f1      0x1ec /usr/lib/gcc/arm-none-eabi/13.2.1/../../../arm-none-eabi/lib/libg.a(libc_a-closer.o)
 .debug_abbrev  0x00005bdd      0x339 /usr/lib/gcc/arm-none-eabi/13.2.1/../../../arm-none-eabi/lib/libg.a(libc_a-fflush.o)
 .debug_abbrev  0x00005f16       0xc3 /usr/lib/gcc/arm-none-eabi/13.2.1/../../../arm-none-eabi/lib/libg.a(libc_a-memmove.o)
 .debug_abbrev  0x00005fd9      0x3f1 /usr/lib/gcc/arm-none-eabi/13.2.1/../../../arm-none-eabi/lib/libg.a(libc_a-vfiprintf.o)
 .debug_abbrev  0x000063ca      0x1ec /usr/lib/gcc/arm-none-eabi/13.2.1/../../../arm-none-eabi/lib/libg.a(libc_a-readr.o)
 .debug_abbrev  0x000065b6      0x21e /usr/lib/gcc/arm-none-eabi/13.2.1/../../../arm-none-eabi/lib/libg.a(libc_a-wsetup.o)
 .debug_abbrev  0x000067d4      0x200 /usr/lib/gcc/arm-none-eabi/13.2.1/../../../arm-none-eabi/lib/libg.a(libc_a-lseekr.o)
 .debug_abbrev  0x000069d4      0x1dd /usr/lib/gcc/arm-none-eabi/13.2.1/../../../arm-none-eabi/lib/libg.a(libc_a-sprint_r.o)
 .debug_abbrev  0x00006bb1      0x2d9 /usr/lib/gcc/arm-none-eabi/13.2.1/../../../arm-none-eabi/lib/libg.a(libc_a-makebuf.o)
 .debug_abbrev  0x00006e8a      0x1ff /usr/lib/gcc/arm-none-eabi/13.2.1/../../../arm-none-eabi/lib/libg.a(libc_a-fstatr.o)
 .debug_abbrev  0x00007089      0x1ec /usr/lib/gcc/arm-none-eabi/13.2.1/../../../arm-none-eabi/lib/libg.a(libc_a-isattyr.o)
 .debug_abbrev  0x00007275      0x276 /usr/lib/gcc/arm-none-eabi/13.2.1/../../../arm-none-eabi/lib/libg.a(libc_a-fvwrite.o)
 .debug_abbrev  0x000074eb       0x28 /usr/lib/gcc/arm-none-eabi/13.2.1/libgcc.a(_divsi3.o)
 .debug_abbrev  0x00007513       0x28 /usr/lib/gcc/arm-none-eabi/13.2.1/libgcc.a(_arm_unorddf2.o)
 .debug_abbrev  0x0000753b      0x56a /usr/lib/gcc/arm-none-eabi/13.2.1/../../../arm-none-eabi/lib/librdimon.a(arm_librdimon_a-syscalls.o)

.debug_line     0x00000000    0x115f9
 *(.debug_line)
 .debug_line    0x00000000      0x50d CMakeFiles/FreeRTOS-LPC2000.elf.dir/FreeRTOS/heap_2.c.obj
 .debug_line    0x0000050d      0x40a CMakeFiles/FreeRTOS-LPC2000.elf.dir/FreeRTOS/list.c.obj
 .debug_line    0x00000917      0x40c CMakeFiles/FreeRTOS-LPC2000.elf.dir/FreeRTOS/port.c.obj
 .debug_line    0x00000d23      0x279 CMakeFiles/FreeRTOS-LPC2000.elf.dir/FreeRTOS/portISR.c.obj
 .debug_line    0x00000f9c      0xb3a CMakeFiles/FreeRTOS-LPC2000.elf.dir/FreeRTOS/queue.c.obj
 .debug_line    0x00001ad6      0x43b CMakeFiles/FreeRTOS-LPC2000.elf.dir/FreeRTOS/serial.c.obj
 .debug_line    0x00001f11      0x3bf CMakeFiles/FreeRTOS-LPC2000.elf.dir/FreeRTOS/serialISR.c.obj
 .debug_line    0x000022d0     0x1257 CMakeFiles/FreeRTOS-LPC2000.elf.dir/FreeRTOS/tasks.c.obj
 .debug_line    0x00003527      0x386 CMakeFiles/FreeRTOS-LPC2000.elf.dir/log/log.c.obj
 .debug_line    0x000038ad      0xafa CMakeFiles/FreeRTOS-LPC2000.elf.dir/src/main.c.obj
 .debug_line    0x000043a7       0xa3 CMakeFiles/FreeRTOS-LPC2000.elf.dir/startup/crt0.S.obj
 .debug_line    0x0000444a       0x67 /usr/lib/gcc/arm-none-eabi/13.2.1/libgcc.a(_udivsi3.o)
 .debug_line    0x000044b1       0x4a /usr/lib/gcc/arm-none-eabi/13.2.1/libgcc.a(_dvmd_tls.o)
 .debug_line    0x000044fb      0x158 /usr/lib/gcc/arm-none-eabi/13.2.1/libgcc.a(_arm_addsubdf3.o)
 .debug_line    0x00004653      0x167 /usr/lib/gcc/arm-none-eabi/13.2.1/libgcc.a(_arm_muldivdf3.o)
 .debug_line    0x000047ba       0x9a /usr/lib/gcc/arm-none-eabi/13.2.1/libgcc.a(_arm_cmpdf2.o)
 .debug_line    0x00004854       0x60 /usr/lib/gcc/arm-none-eabi/13.2.1/libgcc.a(_arm_fixdfsi.o)
 .debug_line    0x000048b4       0x71 /usr/lib/gcc/arm-none-eabi/13.2.1/libgcc.a(_arm_truncdfsf2.o)
 .debug_line    0x00004925      0x179 /usr/lib/gcc/arm-none-eabi/13.2.1/../../../arm-none-eabi/lib/libg.a(libc_a-rand.o)
 .debug_line    0x00004a9e      0x1b9 /usr/lib/gcc/arm-none-eabi/13.2.1/../../../arm-none-eabi/lib/libg.a(libc_a-memset.o)
 .debug_line    0x00004c57      0x314 /usr/lib/gcc/arm-none-eabi/13.2.1/../../../arm-none-eabi/lib/libg.a(libc_a-vsnprintf.o)
 .debug_line    0x00004f6b     0x1a80 /usr/lib/gcc/arm-none-eabi/13.2.1/../../../arm-none-eabi/lib/libg.a(libc_a-svfprintf.o)
 .debug_line    0x000069eb       0xde /usr/lib/gcc/arm-none-eabi/13.2.1/../../../arm-none-eabi/lib/libg.a(libc_a-impure.o)
 .debug_line    0x00006ac9      0x8aa /usr/lib/gcc/arm-none-eabi/13.2.1/../../../arm-none-eabi/lib/libg.a(libc_a-mallocr.o)
 .debug_line    0x00007373      0x1ed /usr/lib/gcc/arm-none-eabi/13.2.1/../../../arm-none-eabi/lib/libg.a(libc_a-memcpy-stub.o)
 .debug_line    0x00007560     0x13c6 /usr/lib/gcc/arm-none-eabi/13.2.1/../../../arm-none-eabi/lib/libg.a(libc_a-dtoa.o)
 .debug_line    0x00008926      0x545 /usr/lib/gcc/arm-none-eabi/13.2.1/../../../arm-none-eabi/lib/libg.a(libc_a-freer.o)
 .debug_line    0x00008e6b       0xea /usr/lib/gcc/arm-none-eabi/13.2.1/../../../arm-none-eabi/lib/libg.a(libc_a-sysconf.o)
 .debug_line    0x00008f55      0x14a /usr/lib/gcc/arm-none-eabi/13.2.1/../../../arm-none-eabi/lib/libg.a(libc_a-mlock.o)
 .debug_line    0x0000909f      0x572 /usr/lib/gcc/arm-none-eabi/13.2.1/../../../arm-none-eabi/lib/libg.a(libc_a-findfp.o)
 .debug_line    0x00009611      0x1ea /usr/lib/gcc/arm-none-eabi/13.2.1/../../../arm-none-eabi/lib/libg.a(libc_a-ssprint_r.o)
 .debug_line    0x000097fb       0xeb /usr/lib/gcc/arm-none-eabi/13.2.1/../../../arm-none-eabi/lib/libg.a(libc_a-strlen-stub.o)