Archive member included to satisfy reference by file (symbol)

/usr/lib/gcc/arm-none-eabi/13.2.1/libgcc.a(_udivsi3.o)
                              CMakeFiles/FreeRTOS-LPC2000.elf.dir/FreeRTOS/heap_2.c.obj (__aeabi_uidiv)
/usr/lib/gcc/arm-none-eabi/13.2.1/libgcc.a(_dvmd_tls.o)
                              /usr/lib/gcc/arm-none-eabi/13.2.1/libgcc.a(_udivsi3.o) (__aeabi_idiv0)
/usr/lib/gcc/arm-none-eabi/13.2.1/../../../arm-none-eabi/lib/libg.a(libc_a-memset.o)
                              /usr/lib/gcc/arm-none-eabi/13.2.1/../../../arm-none-eabi/lib/rdimon-crt0.o (memset)
/usr/lib/gcc/arm-none-eabi/13.2.1/../../../arm-none-eabi/lib/libg.a(libc_a-vsnprintf.o)
                              CMakeFiles/FreeRTOS-LPC2000.elf.dir/log/log.c.obj (vsnprintf)
/usr/lib/gcc/arm-none-eabi/13.2.1/../../../arm-none-eabi/lib/libg.a(libc_a-svfprintf.o)
                              /usr/lib/gcc/arm-none-eabi/13.2.1/../../../arm-none-eabi/lib/libg.a(libc_a-vsnprintf.o) (_svfprintf_r)
/usr/lib/gcc/arm-none-eabi/13.2.1/../../../arm-none-eabi/lib/libg.a(libc_a-impure.o)
                              /usr/lib/gcc/arm-none-eabi/13.2.1/../../../arm-none-eabi/lib/libg.a(libc_a-vsnprintf.o) (_impure_ptr)
/usr/lib/gcc/arm-none-eabi/13.2.1/../../../arm-none-eabi/lib/libg.a(libc_a-mallocr.o)
                              /usr/lib/gcc/arm-none-eabi/13.2.1/../../../arm-none-eabi/lib/libg.a(libc_a-svfprintf.o) (_malloc_r)
/usr/lib/gcc/arm-none-eabi/13.2.1/../../../arm-none-eabi/lib/libg.a(libc_a-memcpy-stub.o)
                              CMakeFiles/FreeRTOS-LPC2000.elf.dir/FreeRTOS/queue.c.obj (memcpy)
/usr/lib/gcc/arm-none-eabi/13.2.1/../../../arm-none-eabi/lib/libg.a(libc_a-dtoa.o)
                              /usr/lib/gcc/arm-none-eabi/13.2.1/../../../arm-none-eabi/lib/libg.a(libc_a-svfprintf.o) (_dtoa_r)
/usr/lib/gcc/arm-none-eabi/13.2.1/../../../arm-none-eabi/lib/libg.a(libc_a-freer.o)
                              /usr/lib/gcc/arm-none-eabi/13.2.1/../../../arm-none-eabi/lib/libg.a(libc_a-mallocr.o) (_free_r)
/usr/lib/gcc/arm-none-eabi/13.2.1/../../../arm-none-eabi/lib/libg.a(libc_a-sysconf.o)
                              /usr/lib/gcc/arm-none-eabi/13.2.1/../../../arm-none-eabi/lib/libg.a(libc_a-mallocr.o) (sysconf)
/usr/lib/gcc/arm-none-eabi/13.2.1/../../../arm-none-eabi/lib/libg.a(libc_a-init.o)
                              /usr/lib/gcc/arm-none-eabi/13.2.1/../../../arm-none-eabi/lib/rdimon-crt0.o (__libc_init_array)
/usr/lib/gcc/arm-none-eabi/13.2.1/../../../arm-none-eabi/lib/libg.a(libc_a-mlock.o)
                              /usr/lib/gcc/arm-none-eabi/13.2.1/../../../arm-none-eabi/lib/libg.a(libc_a-mallocr.o) (__malloc_lock)
/usr/lib/gcc/arm-none-eabi/13.2.1/../../../arm-none-eabi/lib/libg.a(libc_a-findfp.o)
                              /usr/lib/gcc/arm-none-eabi/13.2.1/../../../arm-none-eabi/lib/libg.a(libc_a-impure.o) (__sf)
/usr/lib/gcc/arm-none-eabi/13.2.1/../../../arm-none-eabi/lib/libg.a(libc_a-atexit.o)
                              /usr/lib/gcc/arm-none-eabi/13.2.1/../../../arm-none-eabi/lib/rdimon-crt0.o (atexit)
/usr/lib/gcc/arm-none-eabi/13.2.1/../../../arm-none-eabi/lib/libg.a(libc_a-ssprint_r.o)
                              /usr/lib/gcc/arm-none-eabi/13.2.1/../../../arm-none-eabi/lib/libg.a(libc_a-svfprintf.o) (__ssprint_r)
/usr/lib/gcc/arm-none-eabi/13.2.1/../../../arm-none-eabi/lib/libg.a(libc_a-strlen-stub.o)
                              /usr/lib/gcc/arm-none-eabi/13.2.1/../../../arm-none-eabi/lib/libg.a(libc_a-svfprintf.o) (strlen)
/usr/lib/gcc/arm-none-eabi/13.2.1/../../../arm-none-eabi/lib/libg.a(libc_a-sbrkr.o)
                              /usr/lib/gcc/arm-none-eabi/13.2.1/../../../arm-none-eabi/lib/libg.a(libc_a-mallocr.o) (_sbrk_r)
/usr/lib/gcc/arm-none-eabi/13.2.1/../../../arm-none-eabi/lib/libg.a(libc_a-fini.o)
                              /usr/lib/gcc/arm-none-eabi/13.2.1/../../../arm-none-eabi/lib/rdimon-crt0.o (__libc_fini_array)
/usr/lib/gcc/arm-none-eabi/13.2.1/../../../arm-none-eabi/lib/libg.a(libc_a-assert.o)
                              /usr/lib/gcc/arm-none-eabi/13.2.1/../../../arm-none-eabi/lib/libg.a(libc_a-dtoa.o) (__assert_func)
/usr/lib/gcc/arm-none-eabi/13.2.1/../../../arm-none-eabi/lib/libg.a(libc_a-mprec.o)
                              /usr/lib/gcc/arm-none-eabi/13.2.1/../../../arm-none-eabi/lib/libg.a(libc_a-dtoa.o) (_Balloc)
/usr/lib/gcc/arm-none-eabi/13.2.1/../../../arm-none-eabi/lib/libg.a(libc_a-memchr-stub.o)
                              /usr/lib/gcc/arm-none-eabi/13.2.1/../../../arm-none-eabi/lib/libg.a(libc_a-svfprintf.o) (memchr)
/usr/lib/gcc/arm-none-eabi/13.2.1/../../../arm-none-eabi/lib/libg.a(libc_a-fwalk.o)
                              /usr/lib/gcc/arm-none-eabi/13.2.1/../../../arm-none-eabi/lib/libg.a(libc_a-findfp.o) (_fwalk_sglue)
/usr/lib/gcc/arm-none-eabi/13.2.1/../../../arm-none-eabi/lib/libg.a(libc_a-localeconv.o)
                              /usr/lib/gcc/arm-none-eabi/13.2.1/../../../arm-none-eabi/lib/libg.a(libc_a-svfprintf.o) (_localeconv_r)
[...]
Memory Configuration

Name             Origin             Length             Attributes
ROM              0x00000000         0x00040000         xr
RAM              0x40000000         0x00004000         rw
*default*        0x00000000         0xffffffff

Linker script and memory map

LOAD /usr/lib/gcc/arm-none-eabi/13.2.1/crti.o
LOAD /usr/lib/gcc/arm-none-eabi/13.2.1/crtbegin.o
LOAD /usr/lib/gcc/arm-none-eabi/13.2.1/../../../arm-none-eabi/lib/rdimon-crt0.o
LOAD CMakeFiles/FreeRTOS-LPC2000.elf.dir/FreeRTOS/croutine.c.obj
LOAD CMakeFiles/FreeRTOS-LPC2000.elf.dir/FreeRTOS/event_groups.c.obj
LOAD CMakeFiles/FreeRTOS-LPC2000.elf.dir/FreeRTOS/heap_2.c.obj
LOAD CMakeFiles/FreeRTOS-LPC2000.elf.dir/FreeRTOS/list.c.obj
LOAD CMakeFiles/FreeRTOS-LPC2000.elf.dir/FreeRTOS/port.c.obj
LOAD CMakeFiles/FreeRTOS-LPC2000.elf.dir/FreeRTOS/portISR.c.obj
LOAD CMakeFiles/FreeRTOS-LPC2000.elf.dir/FreeRTOS/queue.c.obj
LOAD CMakeFiles/FreeRTOS-LPC2000.elf.dir/FreeRTOS/serial.c.obj
LOAD CMakeFiles/FreeRTOS-LPC2000.elf.dir/FreeRTOS/serialISR.c.obj
LOAD CMakeFiles/FreeRTOS-LPC2000.elf.dir/FreeRTOS/stream_buffer.c.obj
LOAD CMakeFiles/FreeRTOS-LPC2000.elf.dir/FreeRTOS/tasks.c.obj
LOAD CMakeFiles/FreeRTOS-LPC2000.elf.dir/FreeRTOS/timers.c.obj
LOAD CMakeFiles/FreeRTOS-LPC2000.elf.dir/log/log.c.obj
LOAD CMakeFiles/FreeRTOS-LPC2000.elf.dir/src/main.c.obj
LOAD CMakeFiles/FreeRTOS-LPC2000.elf.dir/startup/crt0.S.obj
START GROUP
LOAD /usr/lib/gcc/arm-none-eabi/13.2.1/libgcc.a
LOAD /usr/lib/gcc/arm-none-eabi/13.2.1/../../../arm-none-eabi/lib/libg.a
LOAD /usr/lib/gcc/arm-none-eabi/13.2.1/../../../arm-none-eabi/lib/libc.a
END GROUP
START GROUP
LOAD /usr/lib/gcc/arm-none-eabi/13.2.1/libgcc.a
LOAD /usr/lib/gcc/arm-none-eabi/13.2.1/../../../arm-none-eabi/lib/libc.a
LOAD /usr/lib/gcc/arm-none-eabi/13.2.1/../../../arm-none-eabi/lib/librdimon.a
END GROUP
LOAD /usr/lib/gcc/arm-none-eabi/13.2.1/crtend.o
LOAD /usr/lib/gcc/arm-none-eabi/13.2.1/crtn.o
                0x00000800                        STACK_SIZE = 0x800

.text           0x00000000     0xa774
 *crt0.o(.text)
 *(.text)
 .text          0x00000000      0x140 CMakeFiles/FreeRTOS-LPC2000.elf.dir/startup/crt0.S.obj
                0x00000000                _boot
                0x00000050                start
                0x00000118                reset
                0x00000118                abort
                0x00000118                _reset
                0x00000118                exit
 .text          0x00000140      0x114 /usr/lib/gcc/arm-none-eabi/13.2.1/libgcc.a(_udivsi3.o)
                0x00000140                __udivsi3
                0x00000140                __aeabi_uidiv
                0x00000234                __aeabi_uidivmod
 .text          0x00000254        0x4 /usr/lib/gcc/arm-none-eabi/13.2.1/libgcc.a(_dvmd_tls.o)
                0x00000254                __aeabi_ldiv0
                0x00000254                __aeabi_idiv0
 .text          0x00000258       0xfc /usr/lib/gcc/arm-none-eabi/13.2.1/../../../arm-none-eabi/lib/libg.a(libc_a-memset.o)
                0x00000258                memset
 .text          0x00000354      0x16c /usr/lib/gcc/arm-none-eabi/13.2.1/../../../arm-none-eabi/lib/libg.a(libc_a-vsnprintf.o)
                0x00000354                vsnprintf
                0x0000040c                _vsnprintf_r
 .text          0x000004c0     0x1e90 /usr/lib/gcc/arm-none-eabi/13.2.1/../../../arm-none-eabi/lib/libg.a(libc_a-svfprintf.o)
                0x000004c0                _svfprintf_r
 .text          0x00002350      0x784 /usr/lib/gcc/arm-none-eabi/13.2.1/../../../arm-none-eabi/lib/libg.a(libc_a-mallocr.o)
                0x00002350                _malloc_r
 .text          0x00002ad4      0x114 /usr/lib/gcc/arm-none-eabi/13.2.1/../../../arm-none-eabi/lib/libg.a(libc_a-memcpy-stub.o)
                0x00002ad4                memcpy
 .text          0x00002be8     0x18a4 /usr/lib/gcc/arm-none-eabi/13.2.1/../../../arm-none-eabi/lib/libg.a(libc_a-dtoa.o)
                0x00002dc0                _dtoa_r
 .text          0x0000448c      0x3fc /usr/lib/gcc/arm-none-eabi/13.2.1/../../../arm-none-eabi/lib/libg.a(libc_a-freer.o)
                0x0000448c                _malloc_trim_r
                0x000045a0                _free_r
 .text          0x00004888       0x30 /usr/lib/gcc/arm-none-eabi/13.2.1/../../../arm-none-eabi/lib/libg.a(libc_a-sysconf.o)
                0x00004888                sysconf
 .text          0x000048b8        0x8 /usr/lib/gcc/arm-none-eabi/13.2.1/../../../arm-none-eabi/lib/libg.a(libc_a-mlock.o)
                0x000048b8                __malloc_lock
                0x000048bc                __malloc_unlock
 .text          0x000048c0      0x348 /usr/lib/gcc/arm-none-eabi/13.2.1/../../../arm-none-eabi/lib/libg.a(libc_a-findfp.o)
                0x00004a78                __sfp
                0x00004b88                __sinit
                0x00004bb8                __sfp_lock_acquire
                0x00004bbc                __sfp_lock_release
                0x00004bc0                __fp_lock_all
                0x00004be4                __fp_unlock_all
 .text          0x00004c08       0xa8 /usr/lib/gcc/arm-none-eabi/13.2.1/../../../arm-none-eabi/lib/libg.a(libc_a-ssprint_r.o)
                0x00004c08                __ssprint_r
 .text          0x00004cb0       0x60 /usr/lib/gcc/arm-none-eabi/13.2.1/../../../arm-none-eabi/lib/libg.a(libc_a-strlen-stub.o)
                0x00004cb0                strlen
 .text          0x00004d10       0x44 /usr/lib/gcc/arm-none-eabi/13.2.1/../../../arm-none-eabi/lib/libg.a(libc_a-sbrkr.o)
                0x00004d10                _sbrk_r
 .text          0x00004d54       0x68 /usr/lib/gcc/arm-none-eabi/13.2.1/../../../arm-none-eabi/lib/libg.a(libc_a-assert.o)
                0x00004d54                __assert_func
                0x00004dac                __assert
 .text          0x00004dbc      0xfa0 /usr/lib/gcc/arm-none-eabi/13.2.1/../../../arm-none-eabi/lib/libg.a(libc_a-mprec.o)
                0x00004dbc                _Balloc
                0x00004e48                _Bfree
                0x00004e64                __multadd
                0x00004f64                __s2b
                0x00005078                __hi0bits
                0x000050d8                __lo0bits
                0x00005178                __i2b
                0x00005224                __multiply
                0x0000543c                __pow5mult
                0x00005568                __lshift
                0x000056ac                __mcmp
                0x00005700                __mdiff
                0x00005914                __ulp
                0x00005978                __b2d
                0x00005a68                __d2b
                0x00005b90                __ratio
                0x00005c14                _mprec_log10
                0x00005c74                __copybits
                0x00005d00                __any_on
 .text          0x00005d5c       0xf0 /usr/lib/gcc/arm-none-eabi/13.2.1/../../../arm-none-eabi/lib/libg.a(libc_a-memchr-stub.o)
                0x00005d5c                memchr
 .text          0x00005e4c       0x78 /usr/lib/gcc/arm-none-eabi/13.2.1/../../../arm-none-eabi/lib/libg.a(libc_a-fwalk.o)
                0x00005e4c                _fwalk_sglue
 .text          0x00005ec4       0x20 /usr/lib/gcc/arm-none-eabi/13.2.1/../../../arm-none-eabi/lib/libg.a(libc_a-localeconv.o)
                0x00005ec4                __localeconv_l
                0x00005ecc                _localeconv_r
                0x00005ed8                localeconv
 .text          0x00005ee4       0x60 /usr/lib/gcc/arm-none-eabi/13.2.1/../../../arm-none-eabi/lib/libg.a(libc_a-mbtowc_r.o)
                0x00005ee4                _mbtowc_r
                0x00005f00                __ascii_mbtowc
 .text          0x00005f44       0x10 /usr/lib/gcc/arm-none-eabi/13.2.1/../../../arm-none-eabi/lib/libg.a(libc_a-errno.o)
                0x00005f44                __errno
 .text          0x00005f54       0xd0 /usr/lib/gcc/arm-none-eabi/13.2.1/../../../arm-none-eabi/lib/libg.a(libc_a-callocr.o)
                0x00005f54                _calloc_r
 .text          0x00006024      0x12c /usr/lib/gcc/arm-none-eabi/13.2.1/../../../arm-none-eabi/lib/libg.a(libc_a-ssputs_r.o)
                0x00006024                __ssputs_r
 .text          0x00006150       0x68 /usr/lib/gcc/arm-none-eabi/13.2.1/../../../arm-none-eabi/lib/libg.a(libc_a-fiprintf.o)
                0x00006150                _fiprintf_r
                0x0000617c                fiprintf
 .text          0x000061b8      0x108 /usr/lib/gcc/arm-none-eabi/13.2.1/../../../arm-none-eabi/lib/libg.a(libc_a-fclose.o)
                0x000061b8                _fclose_r
                0x000062ac                fclose
 .text          0x000062c0       0x4c /usr/lib/gcc/arm-none-eabi/13.2.1/../../../arm-none-eabi/lib/libg.a(libc_a-wctomb_r.o)
                0x000062c0                _wctomb_r
                0x000062dc                __ascii_wctomb
 .text          0x0000630c       0xdc /usr/lib/gcc/arm-none-eabi/13.2.1/../../../arm-none-eabi/lib/libg.a(libc_a-stdio.o)
                0x0000630c                __sread
                0x00006340                __seofread
                0x00006348                __swrite
                0x000063a4                __sseek
                0x000063d4                __sclose
 .text          0x000063e8      0x4b8 /usr/lib/gcc/arm-none-eabi/13.2.1/../../../arm-none-eabi/lib/libg.a(libc_a-reallocr.o)
                0x000063e8                _realloc_r
 .text          0x000068a0       0x48 /usr/lib/gcc/arm-none-eabi/13.2.1/../../../arm-none-eabi/lib/libg.a(libc_a-writer.o)
                0x000068a0                _write_r
 .text          0x000068e8       0x3c /usr/lib/gcc/arm-none-eabi/13.2.1/../../../arm-none-eabi/lib/libg.a(libc_a-closer.o)
                0x000068e8                _close_r
 .text          0x00006924      0x2e8 /usr/lib/gcc/arm-none-eabi/13.2.1/../../../arm-none-eabi/lib/libg.a(libc_a-fflush.o)
                0x00006924                __sflush_r
                0x00006b34                _fflush_r
                0x00006b88                fflush
 .text          0x00006c0c      0x154 /usr/lib/gcc/arm-none-eabi/13.2.1/../../../arm-none-eabi/lib/libg.a(libc_a-memmove.o)
                0x00006c0c                memmove
 .text          0x00006d60     0x10d8 /usr/lib/gcc/arm-none-eabi/13.2.1/../../../arm-none-eabi/lib/libg.a(libc_a-vfiprintf.o)
                0x00006d60                _vfiprintf_r
                0x00007d5c                vfiprintf
 .text          0x00007e38       0x48 /usr/lib/gcc/arm-none-eabi/13.2.1/../../../arm-none-eabi/lib/libg.a(libc_a-readr.o)
                0x00007e38                _read_r
 .text          0x00007e80      0x150 /usr/lib/gcc/arm-none-eabi/13.2.1/../../../arm-none-eabi/lib/libg.a(libc_a-wsetup.o)
                0x00007e80                __swsetup_r
 .text          0x00007fd0       0x48 /usr/lib/gcc/arm-none-eabi/13.2.1/../../../arm-none-eabi/lib/libg.a(libc_a-lseekr.o)
                0x00007fd0                _lseek_r
 .text          0x00008018       0x34 /usr/lib/gcc/arm-none-eabi/13.2.1/../../../arm-none-eabi/lib/libg.a(libc_a-sprint_r.o)
                0x00008018                __sprint_r
 .text          0x0000804c      0x1b8 /usr/lib/gcc/arm-none-eabi/13.2.1/../../../arm-none-eabi/lib/libg.a(libc_a-makebuf.o)
                0x0000804c                __smakebuf_r
                0x00008184                __swhatbuf_r
 .text          0x00008204       0x40 /usr/lib/gcc/arm-none-eabi/13.2.1/../../../arm-none-eabi/lib/libg.a(libc_a-fstatr.o)
                0x00008204                _fstat_r
 .text          0x00008244       0x3c /usr/lib/gcc/arm-none-eabi/13.2.1/../../../arm-none-eabi/lib/libg.a(libc_a-isattyr.o)
                0x00008244                _isatty_r
 .text          0x00008280      0x4c8 /usr/lib/gcc/arm-none-eabi/13.2.1/../../../arm-none-eabi/lib/libg.a(libc_a-fvwrite.o)
                0x00008280                __sfvwrite_r
 .text          0x00008748      0x148 /usr/lib/gcc/arm-none-eabi/13.2.1/libgcc.a(_divsi3.o)
                0x00008748                __aeabi_idiv
                0x00008748                __divsi3
                0x00008870                __aeabi_idivmod
 .text          0x00008890      0x424 /usr/lib/gcc/arm-none-eabi/13.2.1/libgcc.a(_arm_addsubdf3.o)
                0x00008890                __aeabi_drsub
                0x00008898                __aeabi_dsub
                0x00008898                __subdf3
                0x0000889c                __adddf3
                0x0000889c                __aeabi_dadd
                0x00008bac                __aeabi_ui2d
                0x00008bac                __floatunsidf
                0x00008bd0                __floatsidf
                0x00008bd0                __aeabi_i2d
                0x00008bf8                __extendsfdf2
                0x00008bf8                __aeabi_f2d
                0x00008c40                __aeabi_ul2d
                0x00008c40                __floatundidf
                0x00008c54                __floatdidf
                0x00008c54                __aeabi_l2d
 .text          0x00008cb4      0x49c /usr/lib/gcc/arm-none-eabi/13.2.1/libgcc.a(_arm_muldivdf3.o)
                0x00008cb4                __aeabi_dmul
                0x00008cb4                __muldf3
                0x00008f44                __aeabi_ddiv
                0x00008f44                __divdf3
 .text          0x00009150      0x144 /usr/lib/gcc/arm-none-eabi/13.2.1/libgcc.a(_arm_cmpdf2.o)
                0x00009150                __gtdf2
                0x00009150                __gedf2
                0x00009158                __ltdf2
                0x00009158                __ledf2
                0x00009160                __cmpdf2
                0x00009160                __eqdf2
                0x00009160                __nedf2
                0x000091e8                __aeabi_cdrcmple
                0x00009204                __aeabi_cdcmple
                0x00009204                __aeabi_cdcmpeq
                0x0000921c                __aeabi_dcmpeq
                0x00009234                __aeabi_dcmplt
                0x0000924c                __aeabi_dcmple
                0x00009264                __aeabi_dcmpge
                0x0000927c                __aeabi_dcmpgt
 .text          0x00009294       0x38 /usr/lib/gcc/arm-none-eabi/13.2.1/libgcc.a(_arm_unorddf2.o)
                0x00009294                __aeabi_dcmpun
                0x00009294                __unorddf2
 .text          0x000092cc       0x5c /usr/lib/gcc/arm-none-eabi/13.2.1/libgcc.a(_arm_fixdfsi.o)
                0x000092cc                __fixdfsi
                0x000092cc                __aeabi_d2iz
 .text          0x00009328     0x106c /usr/lib/gcc/arm-none-eabi/13.2.1/../../../arm-none-eabi/lib/librdimon.a(arm_librdimon_a-syscalls.o)
                0x00009328                _swiread
                0x00009398                _read
                0x0000948c                _swilseek
                0x000095d4                _lseek
                0x000095d8                _swiwrite
                0x00009648                _write
                0x00009774                _swiclose
                0x000097e4                _close
                0x000098e0                _getpid
                0x000098e8                _sbrk
                0x0000996c                _swistat
                0x00009a48                _fstat
                0x00009a74                _stat
                0x00009adc                _swiopen
                0x00009c10                _open
                0x00009c2c                _get_semihosting_exts
                0x00009de0                _has_ext_exit_extended
                0x00009e40                _has_ext_stdout_stderr
                0x00009ea4                initialise_monitor_handles
                0x0000a050                _link
                0x0000a070                _unlink
                0x0000a0ec                _gettimeofday
                0x0000a13c                _clock
                0x0000a164                _times
                0x0000a1a0                _isatty
                0x0000a258                _system
                0x0000a2fc                _rename
 *(.rodata)
 .rodata        0x0000a394        0x5 CMakeFiles/FreeRTOS-LPC2000.elf.dir/FreeRTOS/tasks.c.obj
 *fill*         0x0000a399        0x3 
 .rodata        0x0000a39c       0x48 CMakeFiles/FreeRTOS-LPC2000.elf.dir/src/main.c.obj
 .rodata        0x0000a3e4       0x20 /usr/lib/gcc/arm-none-eabi/13.2.1/../../../arm-none-eabi/lib/libg.a(libc_a-svfprintf.o)
 *fill*         0x0000a404        0x4 
 .rodata        0x0000a408      0x128 /usr/lib/gcc/arm-none-eabi/13.2.1/../../../arm-none-eabi/lib/libg.a(libc_a-mprec.o)
                0x0000a418                __mprec_tens
                0x0000a4e0                __mprec_tinytens
                0x0000a508                __mprec_bigtens
 .rodata        0x0000a530      0x101 /usr/lib/gcc/arm-none-eabi/13.2.1/../../../arm-none-eabi/lib/libg.a(libc_a-ctype_.o)
                0x0000a530                _ctype_
 *fill*         0x0000a631        0x3 
 .rodata        0x0000a634       0x20 /usr/lib/gcc/arm-none-eabi/13.2.1/../../../arm-none-eabi/lib/libg.a(libc_a-vfiprintf.o)
 *(.rodata*)
 .rodata.uxTopUsedPriority
                0x0000a654        0x4 CMakeFiles/FreeRTOS-LPC2000.elf.dir/FreeRTOS/tasks.c.obj
 .rodata.str1.4
                0x0000a658      0x11c /usr/lib/gcc/arm-none-eabi/13.2.1/../../../arm-none-eabi/lib/libg.a(libc_a-svfprintf.o)
                                 0x42 (size before relaxing)
 .rodata.str1.4
                0x0000a774       0x4b /usr/lib/gcc/arm-none-eabi/13.2.1/../../../arm-none-eabi/lib/libg.a(libc_a-dtoa.o)
 .rodata.str1.4
                0x0000a774       0x43 /usr/lib/gcc/arm-none-eabi/13.2.1/../../../arm-none-eabi/lib/libg.a(libc_a-assert.o)
 .rodata.str1.4
                0x0000a774       0x38 /usr/lib/gcc/arm-none-eabi/13.2.1/../../../arm-none-eabi/lib/libg.a(libc_a-mprec.o)
 .rodata.str1.4
                0x0000a774       0x12 /usr/lib/gcc/arm-none-eabi/13.2.1/../../../arm-none-eabi/lib/libg.a(libc_a-locale.o)
 .rodata.str1.4
                0x0000a774       0x2f /usr/lib/gcc/arm-none-eabi/13.2.1/../../../arm-none-eabi/lib/libg.a(libc_a-vfiprintf.o)
 .rodata.str1.4
                0x0000a774       0x1c /usr/lib/gcc/arm-none-eabi/13.2.1/../../../arm-none-eabi/lib/librdimon.a(arm_librdimon_a-syscalls.o)
 *(.glue_7)
 .glue_7        0x0000a774        0x0 linker stubs
 *(.glue_7t)
 .glue_7t       0x0000a774        0x0 linker stubs

.vfp11_veneer   0x0000a774        0x0
 .vfp11_veneer  0x0000a774        0x0 linker stubs

.v4_bx          0x0000a774        0x0
 .v4_bx         0x0000a774        0x0 linker stubs

.init           0x0000a774        0xc
 .init          0x0000a774        0xc /usr/lib/gcc/arm-none-eabi/13.2.1/crti.o
                0x0000a774                _init

.fini           0x0000a780        0xc
 .fini          0x0000a780        0xc /usr/lib/gcc/arm-none-eabi/13.2.1/crti.o
                0x0000a780                _fini

.text.pvPortMalloc
                0x0000a78c      0x298
 .text.pvPortMalloc
                0x0000a78c      0x298 CMakeFiles/FreeRTOS-LPC2000.elf.dir/FreeRTOS/heap_2.c.obj
                0x0000a78c                pvPortMalloc

.text.vPortFree
                0x0000aa24      0x108
 .text.vPortFree
                0x0000aa24      0x108 CMakeFiles/FreeRTOS-LPC2000.elf.dir/FreeRTOS/heap_2.c.obj
                0x0000aa24                vPortFree

.text.prvHeapInit
                0x0000ab2c       0x88
 .text.prvHeapInit
                0x0000ab2c       0x88 CMakeFiles/FreeRTOS-LPC2000.elf.dir/FreeRTOS/heap_2.c.obj

.iplt           0x0000abb4        0x0
 .iplt          0x0000abb4        0x0 CMakeFiles/FreeRTOS-LPC2000.elf.dir/FreeRTOS/heap_2.c.obj

.text.vListInitialise
                0x0000abb4       0x68
 .text.vListInitialise
                0x0000abb4       0x68 CMakeFiles/FreeRTOS-LPC2000.elf.dir/FreeRTOS/list.c.obj
                0x0000abb4                vListInitialise

.text.vListInitialiseItem
                0x0000ac1c       0x2c
 .text.vListInitialiseItem
                0x0000ac1c       0x2c CMakeFiles/FreeRTOS-LPC2000.elf.dir/FreeRTOS/list.c.obj
                0x0000ac1c                vListInitialiseItem

.text.vListInsert
                0x0000ac48       0xd8
 .text.vListInsert
                0x0000ac48       0xd8 CMakeFiles/FreeRTOS-LPC2000.elf.dir/FreeRTOS/list.c.obj
                0x0000ac48                vListInsert

.text.uxListRemove
                0x0000ad20       0xa0
 .text.uxListRemove
                0x0000ad20       0xa0 CMakeFiles/FreeRTOS-LPC2000.elf.dir/FreeRTOS/list.c.obj
                0x0000ad20                uxListRemove

.text.pxPortInitialiseStack
                0x0000adc0      0x240
 .text.pxPortInitialiseStack
                0x0000adc0      0x240 CMakeFiles/FreeRTOS-LPC2000.elf.dir/FreeRTOS/port.c.obj
                0x0000adc0                pxPortInitialiseStack

.text.xPortStartScheduler
                0x0000b000       0x24
 .text.xPortStartScheduler
                0x0000b000       0x24 CMakeFiles/FreeRTOS-LPC2000.elf.dir/FreeRTOS/port.c.obj
                0x0000b000                xPortStartScheduler

.text.prvSetupTimerInterrupt
                0x0000b024       0xbc
 .text.prvSetupTimerInterrupt
                0x0000b024       0xbc CMakeFiles/FreeRTOS-LPC2000.elf.dir/FreeRTOS/port.c.obj

.text.vPortISRStartFirstTask
                0x0000b0e0       0x68
 .text.vPortISRStartFirstTask
                0x0000b0e0       0x68 CMakeFiles/FreeRTOS-LPC2000.elf.dir/FreeRTOS/portISR.c.obj
                0x0000b0e0                vPortISRStartFirstTask

.text.vPortYieldProcessor
                0x0000b148       0xb8
 .text.vPortYieldProcessor
                0x0000b148       0xb8 CMakeFiles/FreeRTOS-LPC2000.elf.dir/FreeRTOS/portISR.c.obj
                0x0000b148                vPortYieldProcessor

.text.vTickISR  0x0000b200       0xe0
 .text.vTickISR
                0x0000b200       0xe0 CMakeFiles/FreeRTOS-LPC2000.elf.dir/FreeRTOS/portISR.c.obj
                0x0000b200                vTickISR

.text.vPortEnterCritical
                0x0000b2e0       0x44
 .text.vPortEnterCritical
                0x0000b2e0       0x44 CMakeFiles/FreeRTOS-LPC2000.elf.dir/FreeRTOS/portISR.c.obj
                0x0000b2e0                vPortEnterCritical

.text.vPortExitCritical
                0x0000b324       0x64
 .text.vPortExitCritical
                0x0000b324       0x64 CMakeFiles/FreeRTOS-LPC2000.elf.dir/FreeRTOS/portISR.c.obj
                0x0000b324                vPortExitCritical

.text.xQueueGenericReset
                0x0000b388      0x170
 .text.xQueueGenericReset
                0x0000b388      0x170 CMakeFiles/FreeRTOS-LPC2000.elf.dir/FreeRTOS/queue.c.obj
                0x0000b388                xQueueGenericReset

.text.xQueueGenericCreate
                0x0000b4f8       0xe4
 .text.xQueueGenericCreate
                0x0000b4f8       0xe4 CMakeFiles/FreeRTOS-LPC2000.elf.dir/FreeRTOS/queue.c.obj
                0x0000b4f8                xQueueGenericCreate

.text.prvInitialiseNewQueue
                0x0000b5dc       0x78
 .text.prvInitialiseNewQueue
                0x0000b5dc       0x78 CMakeFiles/FreeRTOS-LPC2000.elf.dir/FreeRTOS/queue.c.obj

.text.xQueueGenericSend
                0x0000b654      0x1c0
 .text.xQueueGenericSend
                0x0000b654      0x1c0 CMakeFiles/FreeRTOS-LPC2000.elf.dir/FreeRTOS/queue.c.obj
                0x0000b654                xQueueGenericSend

.text.xQueueGenericSendFromISR
                0x0000b814      0x128
 .text.xQueueGenericSendFromISR
                0x0000b814      0x128 CMakeFiles/FreeRTOS-LPC2000.elf.dir/FreeRTOS/queue.c.obj
                0x0000b814                xQueueGenericSendFromISR

.text.xQueueReceive
                0x0000b93c      0x1cc
 .text.xQueueReceive
                0x0000b93c      0x1cc CMakeFiles/FreeRTOS-LPC2000.elf.dir/FreeRTOS/queue.c.obj
                0x0000b93c                xQueueReceive

.text.xQueueReceiveFromISR
                0x0000bb08      0x118
 .text.xQueueReceiveFromISR
                0x0000bb08      0x118 CMakeFiles/FreeRTOS-LPC2000.elf.dir/FreeRTOS/queue.c.obj
                0x0000bb08                xQueueReceiveFromISR

.text.prvCopyDataToQueue
                0x0000bc20      0x168
 .text.prvCopyDataToQueue
                0x0000bc20      0x168 CMakeFiles/FreeRTOS-LPC2000.elf.dir/FreeRTOS/queue.c.obj

.text.prvCopyDataFromQueue
                0x0000bd88       0x94
 .text.prvCopyDataFromQueue
                0x0000bd88       0x94 CMakeFiles/FreeRTOS-LPC2000.elf.dir/FreeRTOS/queue.c.obj

.text.prvUnlockQueue
                0x0000be1c      0x110
 .text.prvUnlockQueue
                0x0000be1c      0x110 CMakeFiles/FreeRTOS-LPC2000.elf.dir/FreeRTOS/queue.c.obj

.text.prvIsQueueEmpty
                0x0000bf2c       0x50
 .text.prvIsQueueEmpty
                0x0000bf2c       0x50 CMakeFiles/FreeRTOS-LPC2000.elf.dir/FreeRTOS/queue.c.obj

.text.prvIsQueueFull
                0x0000bf7c       0x58
 .text.prvIsQueueFull
                0x0000bf7c       0x58 CMakeFiles/FreeRTOS-LPC2000.elf.dir/FreeRTOS/queue.c.obj

.text.xSerialPortInitMinimal
                0x0000bfd4      0x194
 .text.xSerialPortInitMinimal
                0x0000bfd4      0x194 CMakeFiles/FreeRTOS-LPC2000.elf.dir/FreeRTOS/serial.c.obj
                0x0000bfd4                xSerialPortInitMinimal

.text.vSerialPutString
                0x0000c168       0x70
 .text.vSerialPutString
                0x0000c168       0x70 CMakeFiles/FreeRTOS-LPC2000.elf.dir/FreeRTOS/serial.c.obj
                0x0000c168                vSerialPutString

.text.xSerialPutChar
                0x0000c1d8       0xf8
 .text.xSerialPutChar
                0x0000c1d8       0xf8 CMakeFiles/FreeRTOS-LPC2000.elf.dir/FreeRTOS/serial.c.obj
                0x0000c1d8                xSerialPutChar

.text.vSerialISRCreateQueues
                0x0000c2d0       0xb0
 .text.vSerialISRCreateQueues
                0x0000c2d0       0xb0 CMakeFiles/FreeRTOS-LPC2000.elf.dir/FreeRTOS/serialISR.c.obj
                0x0000c2d0                vSerialISRCreateQueues

.text.vUART_ISR_Wrapper
                0x0000c380       0xb4
 .text.vUART_ISR_Wrapper
                0x0000c380       0xb4 CMakeFiles/FreeRTOS-LPC2000.elf.dir/FreeRTOS/serialISR.c.obj
                0x0000c380                vUART_ISR_Wrapper

.text.vUART_ISR_Handler
                0x0000c434      0x144
 .text.vUART_ISR_Handler
                0x0000c434      0x144 CMakeFiles/FreeRTOS-LPC2000.elf.dir/FreeRTOS/serialISR.c.obj
                0x0000c434                vUART_ISR_Handler

.text.prvCreateTask
                0x0000c578       0xdc
 .text.prvCreateTask
                0x0000c578       0xdc CMakeFiles/FreeRTOS-LPC2000.elf.dir/FreeRTOS/tasks.c.obj

.text.xTaskCreate
                0x0000c654       0x80
 .text.xTaskCreate
                0x0000c654       0x80 CMakeFiles/FreeRTOS-LPC2000.elf.dir/FreeRTOS/tasks.c.obj
                0x0000c654                xTaskCreate

.text.prvInitialiseNewTask
                0x0000c6d4      0x190
 .text.prvInitialiseNewTask
                0x0000c6d4      0x190 CMakeFiles/FreeRTOS-LPC2000.elf.dir/FreeRTOS/tasks.c.obj

.text.prvAddNewTaskToReadyList
                0x0000c864      0x1e4
 .text.prvAddNewTaskToReadyList
                0x0000c864      0x1e4 CMakeFiles/FreeRTOS-LPC2000.elf.dir/FreeRTOS/tasks.c.obj

.text.vTaskDelay
                0x0000ca48       0x5c
 .text.vTaskDelay
                0x0000ca48       0x5c CMakeFiles/FreeRTOS-LPC2000.elf.dir/FreeRTOS/tasks.c.obj
                0x0000ca48                vTaskDelay

.text.prvCreateIdleTasks
                0x0000caa4      0x118
 .text.prvCreateIdleTasks
                0x0000caa4      0x118 CMakeFiles/FreeRTOS-LPC2000.elf.dir/FreeRTOS/tasks.c.obj

.text.vTaskStartScheduler
                0x0000cbbc       0x84
 .text.vTaskStartScheduler
                0x0000cbbc       0x84 CMakeFiles/FreeRTOS-LPC2000.elf.dir/FreeRTOS/tasks.c.obj
                0x0000cbbc                vTaskStartScheduler

.text.vTaskSuspendAll
                0x0000cc40       0x30
 .text.vTaskSuspendAll
                0x0000cc40       0x30 CMakeFiles/FreeRTOS-LPC2000.elf.dir/FreeRTOS/tasks.c.obj
                0x0000cc40                vTaskSuspendAll

.text.xTaskResumeAll
                0x0000cc70      0x35c
 .text.xTaskResumeAll
                0x0000cc70      0x35c CMakeFiles/FreeRTOS-LPC2000.elf.dir/FreeRTOS/tasks.c.obj
                0x0000cc70                xTaskResumeAll

.text.uxTaskGetNumberOfTasks
                0x0000cfcc       0x24
 .text.uxTaskGetNumberOfTasks
                0x0000cfcc       0x24 CMakeFiles/FreeRTOS-LPC2000.elf.dir/FreeRTOS/tasks.c.obj
                0x0000cfcc                uxTaskGetNumberOfTasks

.text.xTaskIncrementTick
                0x0000cff0      0x364
 .text.xTaskIncrementTick
                0x0000cff0      0x364 CMakeFiles/FreeRTOS-LPC2000.elf.dir/FreeRTOS/tasks.c.obj
                0x0000cff0                xTaskIncrementTick

.text.vTaskSwitchContext
                0x0000d354      0x168
 .text.vTaskSwitchContext
                0x0000d354      0x168 CMakeFiles/FreeRTOS-LPC2000.elf.dir/FreeRTOS/tasks.c.obj
                0x0000d354                vTaskSwitchContext

.text.vTaskPlaceOnEventList
                0x0000d4bc       0x4c
 .text.vTaskPlaceOnEventList
                0x0000d4bc       0x4c CMakeFiles/FreeRTOS-LPC2000.elf.dir/FreeRTOS/tasks.c.obj
                0x0000d4bc                vTaskPlaceOnEventList

.text.xTaskRemoveFromEventList
                0x0000d508      0x308
 .text.xTaskRemoveFromEventList
                0x0000d508      0x308 CMakeFiles/FreeRTOS-LPC2000.elf.dir/FreeRTOS/tasks.c.obj
                0x0000d508                xTaskRemoveFromEventList

.text.vTaskInternalSetTimeOutState
                0x0000d810       0x48
 .text.vTaskInternalSetTimeOutState
                0x0000d810       0x48 CMakeFiles/FreeRTOS-LPC2000.elf.dir/FreeRTOS/tasks.c.obj
                0x0000d810                vTaskInternalSetTimeOutState

.text.xTaskCheckForTimeOut
                0x0000d858      0x10c
 .text.xTaskCheckForTimeOut
                0x0000d858      0x10c CMakeFiles/FreeRTOS-LPC2000.elf.dir/FreeRTOS/tasks.c.obj
                0x0000d858                xTaskCheckForTimeOut

.text.vTaskMissedYield
                0x0000d964       0x28
 .text.vTaskMissedYield
                0x0000d964       0x28 CMakeFiles/FreeRTOS-LPC2000.elf.dir/FreeRTOS/tasks.c.obj
                0x0000d964                vTaskMissedYield

.text.prvIdleTask
                0x0000d98c       0x1c
 .text.prvIdleTask
                0x0000d98c       0x1c CMakeFiles/FreeRTOS-LPC2000.elf.dir/FreeRTOS/tasks.c.obj

.text.prvInitialiseTaskLists
                0x0000d9a8       0xb8
 .text.prvInitialiseTaskLists
                0x0000d9a8       0xb8 CMakeFiles/FreeRTOS-LPC2000.elf.dir/FreeRTOS/tasks.c.obj

.text.prvCheckTasksWaitingTermination
                0x0000da60       0x18
 .text.prvCheckTasksWaitingTermination
                0x0000da60       0x18 CMakeFiles/FreeRTOS-LPC2000.elf.dir/FreeRTOS/tasks.c.obj

.text.prvResetNextTaskUnblockTime
                0x0000da78       0x5c
 .text.prvResetNextTaskUnblockTime
                0x0000da78       0x5c CMakeFiles/FreeRTOS-LPC2000.elf.dir/FreeRTOS/tasks.c.obj

.text.prvAddCurrentTaskToDelayedList
                0x0000dad4      0x198
 .text.prvAddCurrentTaskToDelayedList
                0x0000dad4      0x198 CMakeFiles/FreeRTOS-LPC2000.elf.dir/FreeRTOS/tasks.c.obj

.text.LOG_init  0x0000dc6c       0x24
 .text.LOG_init
                0x0000dc6c       0x24 CMakeFiles/FreeRTOS-LPC2000.elf.dir/log/log.c.obj
                0x0000dc6c                LOG_init

.text.LOG_SERIAL
                0x0000dc90       0x98
 .text.LOG_SERIAL
                0x0000dc90       0x98 CMakeFiles/FreeRTOS-LPC2000.elf.dir/log/log.c.obj
                0x0000dc90                LOG_SERIAL

.text.vApplicationStackOverflowHook
                0x0000dd28       0x34
 .text.vApplicationStackOverflowHook
                0x0000dd28       0x34 CMakeFiles/FreeRTOS-LPC2000.elf.dir/src/main.c.obj
                0x0000dd28                vApplicationStackOverflowHook

.text.vApplicationMallocFailedHook
                0x0000dd5c       0x8c
 .text.vApplicationMallocFailedHook
                0x0000dd5c       0x8c CMakeFiles/FreeRTOS-LPC2000.elf.dir/src/main.c.obj
                0x0000dd5c                vApplicationMallocFailedHook

.text.TaskTest1
                0x0000dde8       0x6c
 .text.TaskTest1
                0x0000dde8       0x6c CMakeFiles/FreeRTOS-LPC2000.elf.dir/src/main.c.obj
                0x0000dde8                TaskTest1

.text.set_pll   0x0000de54       0xac
 .text.set_pll  0x0000de54       0xac CMakeFiles/FreeRTOS-LPC2000.elf.dir/src/main.c.obj
                0x0000de54                set_pll

.text.WhoAmITask
                0x0000df00      0x30c
 .text.WhoAmITask
                0x0000df00      0x30c CMakeFiles/FreeRTOS-LPC2000.elf.dir/src/main.c.obj
                0x0000df00                WhoAmITask

.text.WhoAmITaskWrapper
                0x0000e20c       0x74
 .text.WhoAmITaskWrapper
                0x0000e20c       0x74 CMakeFiles/FreeRTOS-LPC2000.elf.dir/src/main.c.obj
                0x0000e20c                WhoAmITaskWrapper

.text.main      0x0000e280      0x178
 .text.main     0x0000e280      0x178 CMakeFiles/FreeRTOS-LPC2000.elf.dir/src/main.c.obj
                0x0000e280                main

.rel.dyn        0x0000e3f8        0x0
 .rel.iplt      0x0000e3f8        0x0 CMakeFiles/FreeRTOS-LPC2000.elf.dir/FreeRTOS/heap_2.c.obj
                0x0000e3f8                        . = ALIGN (0x4)

.ctors          0x0000e3f8        0x0
                0x0000e3f8                        PROVIDE (__ctors_start__ = .)
 *(SORT_BY_NAME(.ctors.*))
 *(.ctors)
                0x0000e3f8                        PROVIDE (__ctors_end__ = .)

.dtors          0x0000e3f8        0x0
                [!provide]                        PROVIDE (__dtors_start__ = .)
 *(SORT_BY_NAME(.dtors.*))
 *(.dtors)
                [!provide]                        PROVIDE (__dtors_end__ = .)
                0x0000e3f8                        . = ALIGN (0x4)
                0x0000e3f8                        _etext = .
                [!provide]                        PROVIDE (etext = .)

.data           0x40000000      0x6bc load address 0x0000e3f8
                0x40000000                        _data = .
 *(.data)
 .data          0x40000000      0x128 /usr/lib/gcc/arm-none-eabi/13.2.1/../../../arm-none-eabi/lib/libg.a(libc_a-impure.o)
                0x40000000                _impure_ptr
                0x40000008                _impure_data
 .data          0x40000128      0x410 /usr/lib/gcc/arm-none-eabi/13.2.1/../../../arm-none-eabi/lib/libg.a(libc_a-mallocr.o)
                0x40000128                __malloc_av_
                0x40000530                __malloc_sbrk_base
                0x40000534                __malloc_trim_threshold
 .data          0x40000538        0xc /usr/lib/gcc/arm-none-eabi/13.2.1/../../../arm-none-eabi/lib/libg.a(libc_a-findfp.o)
                0x40000538                __sglue
 .data          0x40000544      0x16c /usr/lib/gcc/arm-none-eabi/13.2.1/../../../arm-none-eabi/lib/libg.a(libc_a-locale.o)
                0x40000544                __global_locale
 .data          0x400006b0        0xc /usr/lib/gcc/arm-none-eabi/13.2.1/../../../arm-none-eabi/lib/librdimon.a(arm_librdimon_a-syscalls.o)
                0x400006b0                __heap_limit

.data.xFreeBytesRemaining
                0x400006bc        0x4 load address 0x0000eab4
 .data.xFreeBytesRemaining
                0x400006bc        0x4 CMakeFiles/FreeRTOS-LPC2000.elf.dir/FreeRTOS/heap_2.c.obj

.igot.plt       0x400006c0        0x0 load address 0x0000eab8
 .igot.plt      0x400006c0        0x0 CMakeFiles/FreeRTOS-LPC2000.elf.dir/FreeRTOS/heap_2.c.obj

.data.ulCriticalNesting
                0x400006c0        0x4 load address 0x0000eab8
 .data.ulCriticalNesting
                0x400006c0        0x4 CMakeFiles/FreeRTOS-LPC2000.elf.dir/FreeRTOS/portISR.c.obj
                0x400006c0                ulCriticalNesting
                0x400006c4                        . = ALIGN (0x4)
                0x400006c4                        _edata = .
                [!provide]                        PROVIDE (edata = .)

.bss            0x400006c4      0x224 load address 0x0000eabc
                0x400006c4                        __bss_start = .
                0x400006c4                        __bss_start__ = .
 *(.bss)
 .bss           0x400006c4       0x34 /usr/lib/gcc/arm-none-eabi/13.2.1/../../../arm-none-eabi/lib/libg.a(libc_a-mallocr.o)
                0x400006c4                __malloc_top_pad
                0x400006c8                __malloc_current_mallinfo
                0x400006f0                __malloc_max_sbrked_mem
                0x400006f4                __malloc_max_total_mem
 .bss           0x400006f8      0x13c /usr/lib/gcc/arm-none-eabi/13.2.1/../../../arm-none-eabi/lib/libg.a(libc_a-findfp.o)
                0x400006f8                __sf
                0x40000830                __stdio_exit_handler
 .bss           0x40000834        0x4 /usr/lib/gcc/arm-none-eabi/13.2.1/../../../arm-none-eabi/lib/libg.a(libc_a-reent.o)
                0x40000834                errno
 .bss           0x40000838       0xb0 /usr/lib/gcc/arm-none-eabi/13.2.1/../../../arm-none-eabi/lib/librdimon.a(arm_librdimon_a-syscalls.o)
 *(COMMON)
                0x400008e8                        . = ALIGN (0x4)

.bss.ucHeap     0x400008e8     0x1800 load address 0x0000ece0
 .bss.ucHeap    0x400008e8     0x1800 CMakeFiles/FreeRTOS-LPC2000.elf.dir/FreeRTOS/heap_2.c.obj

.bss.xStart     0x400020e8        0x8 load address 0x000104e0
 .bss.xStart    0x400020e8        0x8 CMakeFiles/FreeRTOS-LPC2000.elf.dir/FreeRTOS/heap_2.c.obj

.bss.xEnd       0x400020f0        0x8 load address 0x000104e8
 .bss.xEnd      0x400020f0        0x8 CMakeFiles/FreeRTOS-LPC2000.elf.dir/FreeRTOS/heap_2.c.obj

.bss.xHeapHasBeenInitialised
                0x400020f8        0x4 load address 0x000104f0
 .bss.xHeapHasBeenInitialised
                0x400020f8        0x4 CMakeFiles/FreeRTOS-LPC2000.elf.dir/FreeRTOS/heap_2.c.obj

.bss.xRxedChars
                0x400020fc        0x8 load address 0x000104f4
 .bss.xRxedChars
                0x400020fc        0x4 CMakeFiles/FreeRTOS-LPC2000.elf.dir/FreeRTOS/serial.c.obj
 .bss.xRxedChars
                0x40002100        0x4 CMakeFiles/FreeRTOS-LPC2000.elf.dir/FreeRTOS/serialISR.c.obj

.bss.xCharsForTx
                0x40002104        0x8 load address 0x000104fc
 .bss.xCharsForTx
                0x40002104        0x4 CMakeFiles/FreeRTOS-LPC2000.elf.dir/FreeRTOS/serial.c.obj
 .bss.xCharsForTx
                0x40002108        0x4 CMakeFiles/FreeRTOS-LPC2000.elf.dir/FreeRTOS/serialISR.c.obj

.bss.plTHREEmpty
                0x4000210c        0x4 load address 0x00010504
 .bss.plTHREEmpty
                0x4000210c        0x4 CMakeFiles/FreeRTOS-LPC2000.elf.dir/FreeRTOS/serial.c.obj

.bss.lTHREEmpty
                0x40002110        0x4 load address 0x00010508
 .bss.lTHREEmpty
                0x40002110        0x4 CMakeFiles/FreeRTOS-LPC2000.elf.dir/FreeRTOS/serialISR.c.obj

.bss.pxCurrentTCB
                0x40002114        0x4 load address 0x0001050c
 .bss.pxCurrentTCB
                0x40002114        0x4 CMakeFiles/FreeRTOS-LPC2000.elf.dir/FreeRTOS/tasks.c.obj
                0x40002114                pxCurrentTCB

.bss.pxReadyTasksLists
                0x40002118       0x50 load address 0x00010510
 .bss.pxReadyTasksLists
                0x40002118       0x50 CMakeFiles/FreeRTOS-LPC2000.elf.dir/FreeRTOS/tasks.c.obj

.bss.xDelayedTaskList1
                0x40002168       0x14 load address 0x00010560
 .bss.xDelayedTaskList1
                0x40002168       0x14 CMakeFiles/FreeRTOS-LPC2000.elf.dir/FreeRTOS/tasks.c.obj

.bss.xDelayedTaskList2
                0x4000217c       0x14 load address 0x00010574
 .bss.xDelayedTaskList2
                0x4000217c       0x14 CMakeFiles/FreeRTOS-LPC2000.elf.dir/FreeRTOS/tasks.c.obj

.bss.pxDelayedTaskList
                0x40002190        0x4 load address 0x00010588
 .bss.pxDelayedTaskList
                0x40002190        0x4 CMakeFiles/FreeRTOS-LPC2000.elf.dir/FreeRTOS/tasks.c.obj

.bss.pxOverflowDelayedTaskList
                0x40002194        0x4 load address 0x0001058c
 .bss.pxOverflowDelayedTaskList
                0x40002194        0x4 CMakeFiles/FreeRTOS-LPC2000.elf.dir/FreeRTOS/tasks.c.obj

.bss.xPendingReadyList
                0x40002198       0x14 load address 0x00010590
 .bss.xPendingReadyList
                0x40002198       0x14 CMakeFiles/FreeRTOS-LPC2000.elf.dir/FreeRTOS/tasks.c.obj

.bss.xSuspendedTaskList
                0x400021ac       0x14 load address 0x000105a4
 .bss.xSuspendedTaskList
                0x400021ac       0x14 CMakeFiles/FreeRTOS-LPC2000.elf.dir/FreeRTOS/tasks.c.obj

.bss.uxCurrentNumberOfTasks
                0x400021c0        0x4 load address 0x000105b8
 .bss.uxCurrentNumberOfTasks
                0x400021c0        0x4 CMakeFiles/FreeRTOS-LPC2000.elf.dir/FreeRTOS/tasks.c.obj

.bss.xTickCount
                0x400021c4        0x4 load address 0x000105bc
 .bss.xTickCount
                0x400021c4        0x4 CMakeFiles/FreeRTOS-LPC2000.elf.dir/FreeRTOS/tasks.c.obj

.bss.uxTopReadyPriority
                0x400021c8        0x4 load address 0x000105c0
 .bss.uxTopReadyPriority
                0x400021c8        0x4 CMakeFiles/FreeRTOS-LPC2000.elf.dir/FreeRTOS/tasks.c.obj

.bss.xSchedulerRunning
                0x400021cc        0x4 load address 0x000105c4
 .bss.xSchedulerRunning
                0x400021cc        0x4 CMakeFiles/FreeRTOS-LPC2000.elf.dir/FreeRTOS/tasks.c.obj

.bss.xPendedTicks
                0x400021d0        0x4 load address 0x000105c8
 .bss.xPendedTicks
                0x400021d0        0x4 CMakeFiles/FreeRTOS-LPC2000.elf.dir/FreeRTOS/tasks.c.obj

.bss.xYieldPendings
                0x400021d4        0x4 load address 0x000105cc
 .bss.xYieldPendings
                0x400021d4        0x4 CMakeFiles/FreeRTOS-LPC2000.elf.dir/FreeRTOS/tasks.c.obj

.bss.xNumOfOverflows
                0x400021d8        0x4 load address 0x000105d0
 .bss.xNumOfOverflows
                0x400021d8        0x4 CMakeFiles/FreeRTOS-LPC2000.elf.dir/FreeRTOS/tasks.c.obj

.bss.uxTaskNumber
                0x400021dc        0x4 load address 0x000105d4
 .bss.uxTaskNumber
                0x400021dc        0x4 CMakeFiles/FreeRTOS-LPC2000.elf.dir/FreeRTOS/tasks.c.obj

.bss.xNextTaskUnblockTime
                0x400021e0        0x4 load address 0x000105d8
 .bss.xNextTaskUnblockTime
                0x400021e0        0x4 CMakeFiles/FreeRTOS-LPC2000.elf.dir/FreeRTOS/tasks.c.obj

.bss.xIdleTaskHandles
                0x400021e4        0x4 load address 0x000105dc
 .bss.xIdleTaskHandles
                0x400021e4        0x4 CMakeFiles/FreeRTOS-LPC2000.elf.dir/FreeRTOS/tasks.c.obj

.bss.uxSchedulerSuspended
                0x400021e8        0x4 load address 0x000105e0
 .bss.uxSchedulerSuspended
                0x400021e8        0x4 CMakeFiles/FreeRTOS-LPC2000.elf.dir/FreeRTOS/tasks.c.obj

.bss.buf.1      0x400021ec      0x400 load address 0x000105e4
 .bss.buf.1     0x400021ec      0x400 CMakeFiles/FreeRTOS-LPC2000.elf.dir/log/log.c.obj

.bss.len.0      0x400025ec        0x4 load address 0x000109e4
 .bss.len.0     0x400025ec        0x4 CMakeFiles/FreeRTOS-LPC2000.elf.dir/log/log.c.obj

.bss.wai        0x400025f0        0x1 load address 0x000109e8
 .bss.wai       0x400025f0        0x1 CMakeFiles/FreeRTOS-LPC2000.elf.dir/src/main.c.obj
                0x400025f0                wai

.bss.donewai    0x400025f1        0x1 load address 0x000109e9
 .bss.donewai   0x400025f1        0x1 CMakeFiles/FreeRTOS-LPC2000.elf.dir/src/main.c.obj
                0x400025f1                donewai

.bss.n.0        0x400025f4        0x4 load address 0x000109ec
 .bss.n.0       0x400025f4        0x4 CMakeFiles/FreeRTOS-LPC2000.elf.dir/src/main.c.obj
                0x400025f8                        . = ALIGN (0x4)
                0x400025f8                        __bss_end__ = .
                [!provide]                        PROVIDE (__bss_end = .)

.stack          0x400025f8      0x808 load address 0x000109f0
                0x40002600                        . = ALIGN (0x100)
 *fill*         0x400025f8        0x8 
                0x40002e00                        . = (. + STACK_SIZE)
 *fill*         0x40002600      0x800 
                0x40002e00                        PROVIDE (_stack = .)

.sysmem
                0x40002e00                        _end = .
                0x40002e00                        PROVIDE (end = .)

.stab
 *(.stab)

.stabstr
 *(.stabstr)

.stab.excl
 *(.stab.excl)

.stab.exclstr
 *(.stab.exclstr)

.stab.index
 *(.stab.index)

.stab.indexstr
 *(.stab.indexstr)

.comment        0x00000000       0x26
 *(.comment)
 .comment       0x00000000       0x26 CMakeFiles/FreeRTOS-LPC2000.elf.dir/FreeRTOS/heap_2.c.obj
                                 0x27 (size before relaxing)
 .comment       0x00000026       0x27 CMakeFiles/FreeRTOS-LPC2000.elf.dir/FreeRTOS/list.c.obj
 .comment       0x00000026       0x27 CMakeFiles/FreeRTOS-LPC2000.elf.dir/FreeRTOS/port.c.obj
 .comment       0x00000026       0x27 CMakeFiles/FreeRTOS-LPC2000.elf.dir/FreeRTOS/portISR.c.obj
 .comment       0x00000026       0x27 CMakeFiles/FreeRTOS-LPC2000.elf.dir/FreeRTOS/queue.c.obj
 .comment       0x00000026       0x27 CMakeFiles/FreeRTOS-LPC2000.elf.dir/FreeRTOS/serial.c.obj
 .comment       0x00000026       0x27 CMakeFiles/FreeRTOS-LPC2000.elf.dir/FreeRTOS/serialISR.c.obj
 .comment       0x00000026       0x27 CMakeFiles/FreeRTOS-LPC2000.elf.dir/FreeRTOS/tasks.c.obj
 .comment       0x00000026       0x27 CMakeFiles/FreeRTOS-LPC2000.elf.dir/log/log.c.obj
 .comment       0x00000026       0x27 CMakeFiles/FreeRTOS-LPC2000.elf.dir/src/main.c.obj
 .comment       0x00000026       0x27 /usr/lib/gcc/arm-none-eabi/13.2.1/../../../arm-none-eabi/lib/libg.a(libc_a-memset.o)
 .comment       0x00000026       0x27 /usr/lib/gcc/arm-none-eabi/13.2.1/../../../arm-none-eabi/lib/libg.a(libc_a-vsnprintf.o)
 .comment       0x00000026       0x27 /usr/lib/gcc/arm-none-eabi/13.2.1/../../../arm-none-eabi/lib/libg.a(libc_a-svfprintf.o)
 .comment       0x00000026       0x27 /usr/lib/gcc/arm-none-eabi/13.2.1/../../../arm-none-eabi/lib/libg.a(libc_a-impure.o)
 .comment       0x00000026       0x27 /usr/lib/gcc/arm-none-eabi/13.2.1/../../../arm-none-eabi/lib/libg.a(libc_a-mallocr.o)
 .comment       0x00000026       0x27 /usr/lib/gcc/arm-none-eabi/13.2.1/../../../arm-none-eabi/lib/libg.a(libc_a-memcpy-stub.o)
 .comment       0x00000026       0x27 /usr/lib/gcc/arm-none-eabi/13.2.1/../../../arm-none-eabi/lib/libg.a(libc_a-dtoa.o)
 .comment       0x00000026       0x27 /usr/lib/gcc/arm-none-eabi/13.2.1/../../../arm-none-eabi/lib/libg.a(libc_a-freer.o)
 .comment       0x00000026       0x27 /usr/lib/gcc/arm-none-eabi/13.2.1/../../../arm-none-eabi/lib/libg.a(libc_a-sysconf.o)
 .comment       0x00000026       0x27 /usr/lib/gcc/arm-none-eabi/13.2.1/../../../arm-none-eabi/lib/libg.a(libc_a-mlock.o)
 .comment       0x00000026       0x27 /usr/lib/gcc/arm-none-eabi/13.2.1/../../../arm-none-eabi/lib/libg.a(libc_a-findfp.o)
 .comment       0x00000026       0x27 /usr/lib/gcc/arm-none-eabi/13.2.1/../../../arm-none-eabi/lib/libg.a(libc_a-ssprint_r.o)
 .comment       0x00000026       0x27 /usr/lib/gcc/arm-none-eabi/13.2.1/../../../arm-none-eabi/lib/libg.a(libc_a-strlen-stub.o)
 .comment       0x00000026       0x27 /usr/lib/gcc/arm-none-eabi/13.2.1/../../../arm-none-eabi/lib/libg.a(libc_a-sbrkr.o)
 .comment       0x00000026       0x27 /usr/lib/gcc/arm-none-eabi/13.2.1/../../../arm-none-eabi/lib/libg.a(libc_a-assert.o)
 .comment       0x00000026       0x27 /usr/lib/gcc/arm-none-eabi/13.2.1/../../../arm-none-eabi/lib/libg.a(libc_a-mprec.o)
 .comment       0x00000026       0x27 /usr/lib/gcc/arm-none-eabi/13.2.1/../../../arm-none-eabi/lib/libg.a(libc_a-memchr-stub.o)
 .comment       0x00000026       0x27 /usr/lib/gcc/arm-none-eabi/13.2.1/../../../arm-none-eabi/lib/libg.a(libc_a-fwalk.o)
 .comment       0x00000026       0x27 /usr/lib/gcc/arm-none-eabi/13.2.1/../../../arm-none-eabi/lib/libg.a(libc_a-localeconv.o)
 .comment       0x00000026       0x27 /usr/lib/gcc/arm-none-eabi/13.2.1/../../../arm-none-eabi/lib/libg.a(libc_a-locale.o)
 .comment       0x00000026       0x27 /usr/lib/gcc/arm-none-eabi/13.2.1/../../../arm-none-eabi/lib/libg.a(libc_a-mbtowc_r.o)
 .comment       0x00000026       0x27 /usr/lib/gcc/arm-none-eabi/13.2.1/../../../arm-none-eabi/lib/libg.a(libc_a-errno.o)
 .comment       0x00000026       0x27 /usr/lib/gcc/arm-none-eabi/13.2.1/../../../arm-none-eabi/lib/libg.a(libc_a-callocr.o)
 .comment       0x00000026       0x27 /usr/lib/gcc/arm-none-eabi/13.2.1/../../../arm-none-eabi/lib/libg.a(libc_a-ssputs_r.o)
 .comment       0x00000026       0x27 /usr/lib/gcc/arm-none-eabi/13.2.1/../../../arm-none-eabi/lib/libg.a(libc_a-fiprintf.o)
 .comment       0x00000026       0x27 /usr/lib/gcc/arm-none-eabi/13.2.1/../../../arm-none-eabi/lib/libg.a(libc_a-fclose.o)
 .comment       0x00000026       0x27 /usr/lib/gcc/arm-none-eabi/13.2.1/../../../arm-none-eabi/lib/libg.a(libc_a-wctomb_r.o)
 .comment       0x00000026       0x27 /usr/lib/gcc/arm-none-eabi/13.2.1/../../../arm-none-eabi/lib/libg.a(libc_a-stdio.o)
 .comment       0x00000026       0x27 /usr/lib/gcc/arm-none-eabi/13.2.1/../../../arm-none-eabi/lib/libg.a(libc_a-reent.o)
 .comment       0x00000026       0x27 /usr/lib/gcc/arm-none-eabi/13.2.1/../../../arm-none-eabi/lib/libg.a(libc_a-reallocr.o)
 .comment       0x00000026       0x27 /usr/lib/gcc/arm-none-eabi/13.2.1/../../../arm-none-eabi/lib/libg.a(libc_a-writer.o)
 .comment       0x00000026       0x27 /usr/lib/gcc/arm-none-eabi/13.2.1/../../../arm-none-eabi/lib/libg.a(libc_a-ctype_.o)
 .comment       0x00000026       0x27 /usr/lib/gcc/arm-none-eabi/13.2.1/../../../arm-none-eabi/lib/libg.a(libc_a-closer.o)
 .comment       0x00000026       0x27 /usr/lib/gcc/arm-none-eabi/13.2.1/../../../arm-none-eabi/lib/libg.a(libc_a-fflush.o)
 .comment       0x00000026       0x27 /usr/lib/gcc/arm-none-eabi/13.2.1/../../../arm-none-eabi/lib/libg.a(libc_a-memmove.o)
 .comment       0x00000026       0x27 /usr/lib/gcc/arm-none-eabi/13.2.1/../../../arm-none-eabi/lib/libg.a(libc_a-vfiprintf.o)
 .comment       0x00000026       0x27 /usr/lib/gcc/arm-none-eabi/13.2.1/../../../arm-none-eabi/lib/libg.a(libc_a-readr.o)
 .comment       0x00000026       0x27 /usr/lib/gcc/arm-none-eabi/13.2.1/../../../arm-none-eabi/lib/libg.a(libc_a-wsetup.o)
 .comment       0x00000026       0x27 /usr/lib/gcc/arm-none-eabi/13.2.1/../../../arm-none-eabi/lib/libg.a(libc_a-lseekr.o)
 .comment       0x00000026       0x27 /usr/lib/gcc/arm-none-eabi/13.2.1/../../../arm-none-eabi/lib/libg.a(libc_a-sprint_r.o)
 .comment       0x00000026       0x27 /usr/lib/gcc/arm-none-eabi/13.2.1/../../../arm-none-eabi/lib/libg.a(libc_a-makebuf.o)
 .comment       0x00000026       0x27 /usr/lib/gcc/arm-none-eabi/13.2.1/../../../arm-none-eabi/lib/libg.a(libc_a-fstatr.o)
 .comment       0x00000026       0x27 /usr/lib/gcc/arm-none-eabi/13.2.1/../../../arm-none-eabi/lib/libg.a(libc_a-isattyr.o)
 .comment       0x00000026       0x27 /usr/lib/gcc/arm-none-eabi/13.2.1/../../../arm-none-eabi/lib/libg.a(libc_a-fvwrite.o)
 .comment       0x00000026       0x27 /usr/lib/gcc/arm-none-eabi/13.2.1/../../../arm-none-eabi/lib/librdimon.a(arm_librdimon_a-syscalls.o)

.ARM.attributes
                0x00000000       0x26
 .ARM.attributes
                0x00000000       0x1c /usr/lib/gcc/arm-none-eabi/13.2.1/crti.o
 .ARM.attributes
                0x0000001c       0x2a CMakeFiles/FreeRTOS-LPC2000.elf.dir/FreeRTOS/heap_2.c.obj
 .ARM.attributes
                0x00000046       0x2a CMakeFiles/FreeRTOS-LPC2000.elf.dir/FreeRTOS/list.c.obj
 .ARM.attributes
                0x00000070       0x2a CMakeFiles/FreeRTOS-LPC2000.elf.dir/FreeRTOS/port.c.obj
 .ARM.attributes
                0x0000009a       0x2a CMakeFiles/FreeRTOS-LPC2000.elf.dir/FreeRTOS/portISR.c.obj
 .ARM.attributes
                0x000000c4       0x2a CMakeFiles/FreeRTOS-LPC2000.elf.dir/FreeRTOS/queue.c.obj
 .ARM.attributes
                0x000000ee       0x2a CMakeFiles/FreeRTOS-LPC2000.elf.dir/FreeRTOS/serial.c.obj
 .ARM.attributes
                0x00000118       0x2a CMakeFiles/FreeRTOS-LPC2000.elf.dir/FreeRTOS/serialISR.c.obj
 .ARM.attributes
                0x00000142       0x2a CMakeFiles/FreeRTOS-LPC2000.elf.dir/FreeRTOS/tasks.c.obj
 .ARM.attributes
                0x0000016c       0x2a CMakeFiles/FreeRTOS-LPC2000.elf.dir/log/log.c.obj
 .ARM.attributes
                0x00000196       0x2a CMakeFiles/FreeRTOS-LPC2000.elf.dir/src/main.c.obj
 .ARM.attributes
                0x000001c0       0x1a CMakeFiles/FreeRTOS-LPC2000.elf.dir/startup/crt0.S.obj
 .ARM.attributes
                0x000001da       0x1c /usr/lib/gcc/arm-none-eabi/13.2.1/libgcc.a(_udivsi3.o)
 .ARM.attributes
                0x000001f6       0x1c /usr/lib/gcc/arm-none-eabi/13.2.1/libgcc.a(_dvmd_tls.o)
 .ARM.attributes
                0x00000212       0x2a /usr/lib/gcc/arm-none-eabi/13.2.1/../../../arm-none-eabi/lib/libg.a(libc_a-memset.o)
 .ARM.attributes
                0x0000023c       0x2a /usr/lib/gcc/arm-none-eabi/13.2.1/../../../arm-none-eabi/lib/libg.a(libc_a-vsnprintf.o)
 .ARM.attributes
                0x00000266       0x2a /usr/lib/gcc/arm-none-eabi/13.2.1/../../../arm-none-eabi/lib/libg.a(libc_a-svfprintf.o)
 .ARM.attributes
                0x00000290       0x2a /usr/lib/gcc/arm-none-eabi/13.2.1/../../../arm-none-eabi/lib/libg.a(libc_a-impure.o)
 .ARM.attributes
                0x000002ba       0x2a /usr/lib/gcc/arm-none-eabi/13.2.1/../../../arm-none-eabi/lib/libg.a(libc_a-mallocr.o)
 .ARM.attributes
                0x000002e4       0x2a /usr/lib/gcc/arm-none-eabi/13.2.1/../../../arm-none-eabi/lib/libg.a(libc_a-memcpy-stub.o)
 .ARM.attributes
                0x0000030e       0x2a /usr/lib/gcc/arm-none-eabi/13.2.1/../../../arm-none-eabi/lib/libg.a(libc_a-dtoa.o)
 .ARM.attributes
                0x00000338       0x2a /usr/lib/gcc/arm-none-eabi/13.2.1/../../../arm-none-eabi/lib/libg.a(libc_a-freer.o)
 .ARM.attributes
                0x00000362       0x2a /usr/lib/gcc/arm-none-eabi/13.2.1/../../../arm-none-eabi/lib/libg.a(libc_a-sysconf.o)
 .ARM.attributes
                0x0000038c       0x2a /usr/lib/gcc/arm-none-eabi/13.2.1/../../../arm-none-eabi/lib/libg.a(libc_a-mlock.o)
 .ARM.attributes
                0x000003b6       0x2a /usr/lib/gcc/arm-none-eabi/13.2.1/../../../arm-none-eabi/lib/libg.a(libc_a-findfp.o)
 .ARM.attributes
                0x000003e0       0x2a /usr/lib/gcc/arm-none-eabi/13.2.1/../../../arm-none-eabi/lib/libg.a(libc_a-ssprint_r.o)
 .ARM.attributes
                0x0000040a       0x2a /usr/lib/gcc/arm-none-eabi/13.2.1/../../../arm-none-eabi/lib/libg.a(libc_a-strlen-stub.o)
 .ARM.attributes
                0x00000434       0x2a /usr/lib/gcc/arm-none-eabi/13.2.1/../../../arm-none-eabi/lib/libg.a(libc_a-sbrkr.o)
 .ARM.attributes
                0x0000045e       0x2a /usr/lib/gcc/arm-none-eabi/13.2.1/../../../arm-none-eabi/lib/libg.a(libc_a-assert.o)
 .ARM.attributes
                0x00000488       0x2a /usr/lib/gcc/arm-none-eabi/13.2.1/../../../arm-none-eabi/lib/libg.a(libc_a-mprec.o)
 .ARM.attributes
                0x000004b2       0x2a /usr/lib/gcc/arm-none-eabi/13.2.1/../../../arm-none-eabi/lib/libg.a(libc_a-memchr-stub.o)
 .ARM.attributes
                0x000004dc       0x2a /usr/lib/gcc/arm-none-eabi/13.2.1/../../../arm-none-eabi/lib/libg.a(libc_a-fwalk.o)
 .ARM.attributes
                0x00000506       0x2a /usr/lib/gcc/arm-none-eabi/13.2.1/../../../arm-none-eabi/lib/libg.a(libc_a-localeconv.o)
 .ARM.attributes
                0x00000530       0x2a /usr/lib/gcc/arm-none-eabi/13.2.1/../../../arm-none-eabi/lib/libg.a(libc_a-locale.o)
 .ARM.attributes
                0x0000055a       0x2a /usr/lib/gcc/arm-none-eabi/13.2.1/../../../arm-none-eabi/lib/libg.a(libc_a-mbtowc_r.o)
 .ARM.attributes
                0x00000584       0x2a /usr/lib/gcc/arm-none-eabi/13.2.1/../../../arm-none-eabi/lib/libg.a(libc_a-errno.o)
 .ARM.attributes
                0x000005ae       0x2a /usr/lib/gcc/arm-none-eabi/13.2.1/../../../arm-none-eabi/lib/libg.a(libc_a-callocr.o)
 .ARM.attributes
                0x000005d8       0x2a /usr/lib/gcc/arm-none-eabi/13.2.1/../../../arm-none-eabi/lib/libg.a(libc_a-ssputs_r.o)
 .ARM.attributes
                0x00000602       0x2a /usr/lib/gcc/arm-none-eabi/13.2.1/../../../arm-none-eabi/lib/libg.a(libc_a-fiprintf.o)
 .ARM.attributes
                0x0000062c       0x2a /usr/lib/gcc/arm-none-eabi/13.2.1/../../../arm-none-eabi/lib/libg.a(libc_a-fclose.o)
 .ARM.attributes
                0x00000656       0x2a /usr/lib/gcc/arm-none-eabi/13.2.1/../../../arm-none-eabi/lib/libg.a(libc_a-wctomb_r.o)
 .ARM.attributes
                0x00000680       0x2a /usr/lib/gcc/arm-none-eabi/13.2.1/../../../arm-none-eabi/lib/libg.a(libc_a-stdio.o)
 .ARM.attributes
                0x000006aa       0x2a /usr/lib/gcc/arm-none-eabi/13.2.1/../../../arm-none-eabi/lib/libg.a(libc_a-reent.o)
 .ARM.attributes
                0x000006d4       0x2a /usr/lib/gcc/arm-none-eabi/13.2.1/../../../arm-none-eabi/lib/libg.a(libc_a-reallocr.o)
 .ARM.attributes
                0x000006fe       0x2a /usr/lib/gcc/arm-none-eabi/13.2.1/../../../arm-none-eabi/lib/libg.a(libc_a-writer.o)
 .ARM.attributes
                0x00000728       0x2a /usr/lib/gcc/arm-none-eabi/13.2.1/../../../arm-none-eabi/lib/libg.a(libc_a-ctype_.o)
 .ARM.attributes
                0x00000752       0x2a /usr/lib/gcc/arm-none-eabi/13.2.1/../../../arm-none-eabi/lib/libg.a(libc_a-closer.o)
 .ARM.attributes
                0x0000077c       0x2a /usr/lib/gcc/arm-none-eabi/13.2.1/../../../arm-none-eabi/lib/libg.a(libc_a-fflush.o)
 .ARM.attributes
                0x000007a6       0x2a /usr/lib/gcc/arm-none-eabi/13.2.1/../../../arm-none-eabi/lib/libg.a(libc_a-memmove.o)
 .ARM.attributes
                0x000007d0       0x2a /usr/lib/gcc/arm-none-eabi/13.2.1/../../../arm-none-eabi/lib/libg.a(libc_a-vfiprintf.o)
 .ARM.attributes
                0x000007fa       0x2a /usr/lib/gcc/arm-none-eabi/13.2.1/../../../arm-none-eabi/lib/libg.a(libc_a-readr.o)
 .ARM.attributes
                0x00000824       0x2a /usr/lib/gcc/arm-none-eabi/13.2.1/../../../arm-none-eabi/lib/libg.a(libc_a-wsetup.o)
 .ARM.attributes
                0x0000084e       0x2a /usr/lib/gcc/arm-none-eabi/13.2.1/../../../arm-none-eabi/lib/libg.a(libc_a-lseekr.o)
 .ARM.attributes
                0x00000878       0x2a /usr/lib/gcc/arm-none-eabi/13.2.1/../../../arm-none-eabi/lib/libg.a(libc_a-sprint_r.o)
 .ARM.attributes
                0x000008a2       0x2a /usr/lib/gcc/arm-none-eabi/13.2.1/../../../arm-none-eabi/lib/libg.a(libc_a-makebuf.o)
 .ARM.attributes
                0x000008cc       0x2a /usr/lib/gcc/arm-none-eabi/13.2.1/../../../arm-none-eabi/lib/libg.a(libc_a-fstatr.o)
 .ARM.attributes
                0x000008f6       0x2a /usr/lib/gcc/arm-none-eabi/13.2.1/../../../arm-none-eabi/lib/libg.a(libc_a-isattyr.o)
 .ARM.attributes
                0x00000920       0x2a /usr/lib/gcc/arm-none-eabi/13.2.1/../../../arm-none-eabi/lib/libg.a(libc_a-fvwrite.o)
 .ARM.attributes
                0x0000094a       0x1c /usr/lib/gcc/arm-none-eabi/13.2.1/libgcc.a(_divsi3.o)
 .ARM.attributes
                0x00000966       0x1c /usr/lib/gcc/arm-none-eabi/13.2.1/libgcc.a(_arm_addsubdf3.o)
 .ARM.attributes
                0x00000982       0x1c /usr/lib/gcc/arm-none-eabi/13.2.1/libgcc.a(_arm_muldivdf3.o)
 .ARM.attributes
                0x0000099e       0x1c /usr/lib/gcc/arm-none-eabi/13.2.1/libgcc.a(_arm_cmpdf2.o)
 .ARM.attributes
                0x000009ba       0x1c /usr/lib/gcc/arm-none-eabi/13.2.1/libgcc.a(_arm_unorddf2.o)
 .ARM.attributes
                0x000009d6       0x1c /usr/lib/gcc/arm-none-eabi/13.2.1/libgcc.a(_arm_fixdfsi.o)
 .ARM.attributes
                0x000009f2       0x2a /usr/lib/gcc/arm-none-eabi/13.2.1/../../../arm-none-eabi/lib/librdimon.a(arm_librdimon_a-syscalls.o)

.debug
 *(.debug)

.line
 *(.line)

.debug_srcinfo
 *(.debug_srcinfo)

.debug_sfnames
 *(.debug_sfnames)

.debug_aranges  0x00000000      0xb38
 *(.debug_aranges)
 .debug_aranges
                0x00000000       0x50 CMakeFiles/FreeRTOS-LPC2000.elf.dir/FreeRTOS/heap_2.c.obj
 .debug_aranges
                0x00000050       0x40 CMakeFiles/FreeRTOS-LPC2000.elf.dir/FreeRTOS/list.c.obj
 .debug_aranges
                0x00000090       0x38 CMakeFiles/FreeRTOS-LPC2000.elf.dir/FreeRTOS/port.c.obj
 .debug_aranges
                0x000000c8       0x40 CMakeFiles/FreeRTOS-LPC2000.elf.dir/FreeRTOS/portISR.c.obj
 .debug_aranges
                0x00000108       0xd8 CMakeFiles/FreeRTOS-LPC2000.elf.dir/FreeRTOS/queue.c.obj
 .debug_aranges
                0x000001e0       0x40 CMakeFiles/FreeRTOS-LPC2000.elf.dir/FreeRTOS/serial.c.obj
 .debug_aranges
                0x00000220       0x30 CMakeFiles/FreeRTOS-LPC2000.elf.dir/FreeRTOS/serialISR.c.obj
 .debug_aranges
                0x00000250      0x1b0 CMakeFiles/FreeRTOS-LPC2000.elf.dir/FreeRTOS/tasks.c.obj
 .debug_aranges
                0x00000400       0x28 CMakeFiles/FreeRTOS-LPC2000.elf.dir/log/log.c.obj
 .debug_aranges
                0x00000428       0x60 CMakeFiles/FreeRTOS-LPC2000.elf.dir/src/main.c.obj
 .debug_aranges
                0x00000488       0x20 CMakeFiles/FreeRTOS-LPC2000.elf.dir/startup/crt0.S.obj
 .debug_aranges
                0x000004a8       0x20 /usr/lib/gcc/arm-none-eabi/13.2.1/libgcc.a(_udivsi3.o)
 .debug_aranges
                0x000004c8       0x20 /usr/lib/gcc/arm-none-eabi/13.2.1/libgcc.a(_dvmd_tls.o)
 .debug_aranges
                0x000004e8       0x20 /usr/lib/gcc/arm-none-eabi/13.2.1/../../../arm-none-eabi/lib/libg.a(libc_a-memset.o)
 .debug_aranges
                0x00000508       0x20 /usr/lib/gcc/arm-none-eabi/13.2.1/../../../arm-none-eabi/lib/libg.a(libc_a-vsnprintf.o)
 .debug_aranges
                0x00000528       0x20 /usr/lib/gcc/arm-none-eabi/13.2.1/../../../arm-none-eabi/lib/libg.a(libc_a-svfprintf.o)
 .debug_aranges
                0x00000548       0x18 /usr/lib/gcc/arm-none-eabi/13.2.1/../../../arm-none-eabi/lib/libg.a(libc_a-impure.o)
 .debug_aranges
                0x00000560       0x20 /usr/lib/gcc/arm-none-eabi/13.2.1/../../../arm-none-eabi/lib/libg.a(libc_a-mallocr.o)
 .debug_aranges
                0x00000580       0x20 /usr/lib/gcc/arm-none-eabi/13.2.1/../../../arm-none-eabi/lib/libg.a(libc_a-memcpy-stub.o)
 .debug_aranges
                0x000005a0       0x20 /usr/lib/gcc/arm-none-eabi/13.2.1/../../../arm-none-eabi/lib/libg.a(libc_a-dtoa.o)
 .debug_aranges
                0x000005c0       0x20 /usr/lib/gcc/arm-none-eabi/13.2.1/../../../arm-none-eabi/lib/libg.a(libc_a-freer.o)
 .debug_aranges
                0x000005e0       0x20 /usr/lib/gcc/arm-none-eabi/13.2.1/../../../arm-none-eabi/lib/libg.a(libc_a-sysconf.o)
 .debug_aranges
                0x00000600       0x20 /usr/lib/gcc/arm-none-eabi/13.2.1/../../../arm-none-eabi/lib/libg.a(libc_a-mlock.o)
 .debug_aranges
                0x00000620       0x20 /usr/lib/gcc/arm-none-eabi/13.2.1/../../../arm-none-eabi/lib/libg.a(libc_a-findfp.o)
 .debug_aranges
                0x00000640       0x20 /usr/lib/gcc/arm-none-eabi/13.2.1/../../../arm-none-eabi/lib/libg.a(libc_a-ssprint_r.o)
 .debug_aranges
                0x00000660       0x20 /usr/lib/gcc/arm-none-eabi/13.2.1/../../../arm-none-eabi/lib/libg.a(libc_a-strlen-stub.o)
 .debug_aranges
                0x00000680       0x20 /usr/lib/gcc/arm-none-eabi/13.2.1/../../../arm-none-eabi/lib/libg.a(libc_a-sbrkr.o)
 .debug_aranges
                0x000006a0       0x20 /usr/lib/gcc/arm-none-eabi/13.2.1/../../../arm-none-eabi/lib/libg.a(libc_a-assert.o)
 .debug_aranges
                0x000006c0       0x20 /usr/lib/gcc/arm-none-eabi/13.2.1/../../../arm-none-eabi/lib/libg.a(libc_a-mprec.o)
 .debug_aranges
                0x000006e0       0x20 /usr/lib/gcc/arm-none-eabi/13.2.1/../../../arm-none-eabi/lib/libg.a(libc_a-memchr-stub.o)
 .debug_aranges
                0x00000700       0x20 /usr/lib/gcc/arm-none-eabi/13.2.1/../../../arm-none-eabi/lib/libg.a(libc_a-fwalk.o)
 .debug_aranges
                0x00000720       0x20 /usr/lib/gcc/arm-none-eabi/13.2.1/../../../arm-none-eabi/lib/libg.a(libc_a-localeconv.o)
 .debug_aranges
                0x00000740       0x20 /usr/lib/gcc/arm-none-eabi/13.2.1/../../../arm-none-eabi/lib/libg.a(libc_a-locale.o)
 .debug_aranges
                0x00000760       0x20 /usr/lib/gcc/arm-none-eabi/13.2.1/../../../arm-none-eabi/lib/libg.a(libc_a-mbtowc_r.o)
 .debug_aranges
                0x00000780       0x20 /usr/lib/gcc/arm-none-eabi/13.2.1/../../../arm-none-eabi/lib/libg.a(libc_a-errno.o)
 .debug_aranges
                0x000007a0       0x20 /usr/lib/gcc/arm-none-eabi/13.2.1/../../../arm-none-eabi/lib/libg.a(libc_a-callocr.o)
 .debug_aranges
                0x000007c0       0x20 /usr/lib/gcc/arm-none-eabi/13.2.1/../../../arm-none-eabi/lib/libg.a(libc_a-ssputs_r.o)
 .debug_aranges
                0x000007e0       0x20 /usr/lib/gcc/arm-none-eabi/13.2.1/../../../arm-none-eabi/lib/libg.a(libc_a-fiprintf.o)
 .debug_aranges
                0x00000800       0x20 /usr/lib/gcc/arm-none-eabi/13.2.1/../../../arm-none-eabi/lib/libg.a(libc_a-fclose.o)
 .debug_aranges
                0x00000820       0x20 /usr/lib/gcc/arm-none-eabi/13.2.1/../../../arm-none-eabi/lib/libg.a(libc_a-wctomb_r.o)
 .debug_aranges
                0x00000840       0x20 /usr/lib/gcc/arm-none-eabi/13.2.1/../../../arm-none-eabi/lib/libg.a(libc_a-stdio.o)
 .debug_aranges
                0x00000860       0x20 /usr/lib/gcc/arm-none-eabi/13.2.1/../../../arm-none-eabi/lib/libg.a(libc_a-reent.o)
 .debug_aranges
                0x00000880       0x20 /usr/lib/gcc/arm-none-eabi/13.2.1/../../../arm-none-eabi/lib/libg.a(libc_a-reallocr.o)
 .debug_aranges
                0x000008a0       0x20 /usr/lib/gcc/arm-none-eabi/13.2.1/../../../arm-none-eabi/lib/libg.a(libc_a-writer.o)
 .debug_aranges
                0x000008c0       0x18 /usr/lib/gcc/arm-none-eabi/13.2.1/../../../arm-none-eabi/lib/libg.a(libc_a-ctype_.o)
 .debug_aranges
                0x000008d8       0x20 /usr/lib/gcc/arm-none-eabi/13.2.1/../../../arm-none-eabi/lib/libg.a(libc_a-closer.o)
 .debug_aranges
                0x000008f8       0x20 /usr/lib/gcc/arm-none-eabi/13.2.1/../../../arm-none-eabi/lib/libg.a(libc_a-fflush.o)
 .debug_aranges
                0x00000918       0x20 /usr/lib/gcc/arm-none-eabi/13.2.1/../../../arm-none-eabi/lib/libg.a(libc_a-memmove.o)
 .debug_aranges
                0x00000938       0x20 /usr/lib/gcc/arm-none-eabi/13.2.1/../../../arm-none-eabi/lib/libg.a(libc_a-vfiprintf.o)
 .debug_aranges
                0x00000958       0x20 /usr/lib/gcc/arm-none-eabi/13.2.1/../../../arm-none-eabi/lib/libg.a(libc_a-readr.o)
 .debug_aranges
                0x00000978       0x20 /usr/lib/gcc/arm-none-eabi/13.2.1/../../../arm-none-eabi/lib/libg.a(libc_a-wsetup.o)
 .debug_aranges
                0x00000998       0x20 /usr/lib/gcc/arm-none-eabi/13.2.1/../../../arm-none-eabi/lib/libg.a(libc_a-lseekr.o)
 .debug_aranges
                0x000009b8       0x20 /usr/lib/gcc/arm-none-eabi/13.2.1/../../../arm-none-eabi/lib/libg.a(libc_a-sprint_r.o)
 .debug_aranges
                0x000009d8       0x20 /usr/lib/gcc/arm-none-eabi/13.2.1/../../../arm-none-eabi/lib/libg.a(libc_a-makebuf.o)
 .debug_aranges
                0x000009f8       0x20 /usr/lib/gcc/arm-none-eabi/13.2.1/../../../arm-none-eabi/lib/libg.a(libc_a-fstatr.o)
 .debug_aranges
                0x00000a18       0x20 /usr/lib/gcc/arm-none-eabi/13.2.1/../../../arm-none-eabi/lib/libg.a(libc_a-isattyr.o)
 .debug_aranges
                0x00000a38       0x20 /usr/lib/gcc/arm-none-eabi/13.2.1/../../../arm-none-eabi/lib/libg.a(libc_a-fvwrite.o)
 .debug_aranges
                0x00000a58       0x20 /usr/lib/gcc/arm-none-eabi/13.2.1/libgcc.a(_divsi3.o)
 .debug_aranges
                0x00000a78       0x20 /usr/lib/gcc/arm-none-eabi/13.2.1/libgcc.a(_arm_addsubdf3.o)
 .debug_aranges
                0x00000a98       0x20 /usr/lib/gcc/arm-none-eabi/13.2.1/libgcc.a(_arm_muldivdf3.o)
 .debug_aranges
                0x00000ab8       0x20 /usr/lib/gcc/arm-none-eabi/13.2.1/libgcc.a(_arm_cmpdf2.o)
 .debug_aranges
                0x00000ad8       0x20 /usr/lib/gcc/arm-none-eabi/13.2.1/libgcc.a(_arm_unorddf2.o)
 .debug_aranges
                0x00000af8       0x20 /usr/lib/gcc/arm-none-eabi/13.2.1/libgcc.a(_arm_fixdfsi.o)
 .debug_aranges
                0x00000b18       0x20 /usr/lib/gcc/arm-none-eabi/13.2.1/../../../arm-none-eabi/lib/librdimon.a(arm_librdimon_a-syscalls.o)

.debug_pubnames
 *(.debug_pubnames)

.debug_info     0x00000000    0x2079e
 *(.debug_info .gnu.linkonce.wi.*)
 .debug_info    0x00000000      0x362 CMakeFiles/FreeRTOS-LPC2000.elf.dir/FreeRTOS/heap_2.c.obj
 .debug_info    0x00000362      0x29e CMakeFiles/FreeRTOS-LPC2000.elf.dir/FreeRTOS/list.c.obj
 .debug_info    0x00000600      0x19b CMakeFiles/FreeRTOS-LPC2000.elf.dir/FreeRTOS/port.c.obj
 .debug_info    0x0000079b      0x1ac CMakeFiles/FreeRTOS-LPC2000.elf.dir/FreeRTOS/portISR.c.obj
 .debug_info    0x00000947      0xe12 CMakeFiles/FreeRTOS-LPC2000.elf.dir/FreeRTOS/queue.c.obj
 .debug_info    0x00001759      0x320 CMakeFiles/FreeRTOS-LPC2000.elf.dir/FreeRTOS/serial.c.obj
 .debug_info    0x00001a79      0x28a CMakeFiles/FreeRTOS-LPC2000.elf.dir/FreeRTOS/serialISR.c.obj
 .debug_info    0x00001d03     0x1940 CMakeFiles/FreeRTOS-LPC2000.elf.dir/FreeRTOS/tasks.c.obj
 .debug_info    0x00003643      0x1bc CMakeFiles/FreeRTOS-LPC2000.elf.dir/log/log.c.obj
 .debug_info    0x000037ff      0x2e0 CMakeFiles/FreeRTOS-LPC2000.elf.dir/src/main.c.obj
 .debug_info    0x00003adf       0x25 CMakeFiles/FreeRTOS-LPC2000.elf.dir/startup/crt0.S.obj
 .debug_info    0x00003b04       0x3e /usr/lib/gcc/arm-none-eabi/13.2.1/libgcc.a(_udivsi3.o)
 .debug_info    0x00003b42       0x3c /usr/lib/gcc/arm-none-eabi/13.2.1/libgcc.a(_dvmd_tls.o)
 .debug_info    0x00003b7e      0x135 /usr/lib/gcc/arm-none-eabi/13.2.1/../../../arm-none-eabi/lib/libg.a(libc_a-memset.o)
 .debug_info    0x00003cb3      0x9a0 /usr/lib/gcc/arm-none-eabi/13.2.1/../../../arm-none-eabi/lib/libg.a(libc_a-vsnprintf.o)
 .debug_info    0x00004653     0x178d /usr/lib/gcc/arm-none-eabi/13.2.1/../../../arm-none-eabi/lib/libg.a(libc_a-svfprintf.o)
 .debug_info    0x00005de0      0x729 /usr/lib/gcc/arm-none-eabi/13.2.1/../../../arm-none-eabi/lib/libg.a(libc_a-impure.o)
 .debug_info    0x00006509      0xcdd /usr/lib/gcc/arm-none-eabi/13.2.1/../../../arm-none-eabi/lib/libg.a(libc_a-mallocr.o)
 .debug_info    0x000071e6      0x152 /usr/lib/gcc/arm-none-eabi/13.2.1/../../../arm-none-eabi/lib/libg.a(libc_a-memcpy-stub.o)
 .debug_info    0x00007338     0x18a6 /usr/lib/gcc/arm-none-eabi/13.2.1/../../../arm-none-eabi/lib/libg.a(libc_a-dtoa.o)
 .debug_info    0x00008bde      0xb49 /usr/lib/gcc/arm-none-eabi/13.2.1/../../../arm-none-eabi/lib/libg.a(libc_a-freer.o)
 .debug_info    0x00009727       0xc1 /usr/lib/gcc/arm-none-eabi/13.2.1/../../../arm-none-eabi/lib/libg.a(libc_a-sysconf.o)
 .debug_info    0x000097e8      0x73a /usr/lib/gcc/arm-none-eabi/13.2.1/../../../arm-none-eabi/lib/libg.a(libc_a-mlock.o)
 .debug_info    0x00009f22      0xea7 /usr/lib/gcc/arm-none-eabi/13.2.1/../../../arm-none-eabi/lib/libg.a(libc_a-findfp.o)
 .debug_info    0x0000adc9      0x840 /usr/lib/gcc/arm-none-eabi/13.2.1/../../../arm-none-eabi/lib/libg.a(libc_a-ssprint_r.o)
 .debug_info    0x0000b609       0xbd /usr/lib/gcc/arm-none-eabi/13.2.1/../../../arm-none-eabi/lib/libg.a(libc_a-strlen-stub.o)
 .debug_info    0x0000b6c6      0x796 /usr/lib/gcc/arm-none-eabi/13.2.1/../../../arm-none-eabi/lib/libg.a(libc_a-sbrkr.o)
 .debug_info    0x0000be5c      0x8d1 /usr/lib/gcc/arm-none-eabi/13.2.1/../../../arm-none-eabi/lib/libg.a(libc_a-assert.o)
 .debug_info    0x0000c72d     0x1e22 /usr/lib/gcc/arm-none-eabi/13.2.1/../../../arm-none-eabi/lib/libg.a(libc_a-mprec.o)
 .debug_info    0x0000e54f      0x14a /usr/lib/gcc/arm-none-eabi/13.2.1/../../../arm-none-eabi/lib/libg.a(libc_a-memchr-stub.o)
 .debug_info    0x0000e699      0x7e4 /usr/lib/gcc/arm-none-eabi/13.2.1/../../../arm-none-eabi/lib/libg.a(libc_a-fwalk.o)
 .debug_info    0x0000ee7d      0xa2c /usr/lib/gcc/arm-none-eabi/13.2.1/../../../arm-none-eabi/lib/libg.a(libc_a-localeconv.o)
 .debug_info    0x0000f8a9      0xbd7 /usr/lib/gcc/arm-none-eabi/13.2.1/../../../arm-none-eabi/lib/libg.a(libc_a-locale.o)
 .debug_info    0x00010480      0xac4 /usr/lib/gcc/arm-none-eabi/13.2.1/../../../arm-none-eabi/lib/libg.a(libc_a-mbtowc_r.o)
 .debug_info    0x00010f44      0x70f /usr/lib/gcc/arm-none-eabi/13.2.1/../../../arm-none-eabi/lib/libg.a(libc_a-errno.o)
 .debug_info    0x00011653      0x8d9 /usr/lib/gcc/arm-none-eabi/13.2.1/../../../arm-none-eabi/lib/libg.a(libc_a-callocr.o)
 .debug_info    0x00011f2c      0x8c8 /usr/lib/gcc/arm-none-eabi/13.2.1/../../../arm-none-eabi/lib/libg.a(libc_a-ssputs_r.o)
 .debug_info    0x000127f4      0x872 /usr/lib/gcc/arm-none-eabi/13.2.1/../../../arm-none-eabi/lib/libg.a(libc_a-fiprintf.o)
 .debug_info    0x00013066      0x8e6 /usr/lib/gcc/arm-none-eabi/13.2.1/../../../arm-none-eabi/lib/libg.a(libc_a-fclose.o)
 .debug_info    0x0001394c      0xa8e /usr/lib/gcc/arm-none-eabi/13.2.1/../../../arm-none-eabi/lib/libg.a(libc_a-wctomb_r.o)
 .debug_info    0x000143da      0xa90 /usr/lib/gcc/arm-none-eabi/13.2.1/../../../arm-none-eabi/lib/libg.a(libc_a-stdio.o)
 .debug_info    0x00014e6a      0x831 /usr/lib/gcc/arm-none-eabi/13.2.1/../../../arm-none-eabi/lib/libg.a(libc_a-reent.o)
 .debug_info    0x0001569b      0xbc2 /usr/lib/gcc/arm-none-eabi/13.2.1/../../../arm-none-eabi/lib/libg.a(libc_a-reallocr.o)
 .debug_info    0x0001625d      0x7d9 /usr/lib/gcc/arm-none-eabi/13.2.1/../../../arm-none-eabi/lib/libg.a(libc_a-writer.o)
 .debug_info    0x00016a36       0xb9 /usr/lib/gcc/arm-none-eabi/13.2.1/../../../arm-none-eabi/lib/libg.a(libc_a-ctype_.o)
 .debug_info    0x00016aef      0x770 /usr/lib/gcc/arm-none-eabi/13.2.1/../../../arm-none-eabi/lib/libg.a(libc_a-closer.o)
 .debug_info    0x0001725f      0xa48 /usr/lib/gcc/arm-none-eabi/13.2.1/../../../arm-none-eabi/lib/libg.a(libc_a-fflush.o)
 .debug_info    0x00017ca7      0x148 /usr/lib/gcc/arm-none-eabi/13.2.1/../../../arm-none-eabi/lib/libg.a(libc_a-memmove.o)
 .debug_info    0x00017def     0x1210 /usr/lib/gcc/arm-none-eabi/13.2.1/../../../arm-none-eabi/lib/libg.a(libc_a-vfiprintf.o)
 .debug_info    0x00018fff      0x7d3 /usr/lib/gcc/arm-none-eabi/13.2.1/../../../arm-none-eabi/lib/libg.a(libc_a-readr.o)
 .debug_info    0x000197d2      0x7cf /usr/lib/gcc/arm-none-eabi/13.2.1/../../../arm-none-eabi/lib/libg.a(libc_a-wsetup.o)
 .debug_info    0x00019fa1      0x7bc /usr/lib/gcc/arm-none-eabi/13.2.1/../../../arm-none-eabi/lib/libg.a(libc_a-lseekr.o)
 .debug_info    0x0001a75d      0x813 /usr/lib/gcc/arm-none-eabi/13.2.1/../../../arm-none-eabi/lib/libg.a(libc_a-sprint_r.o)
 .debug_info    0x0001af70      0xbe7 /usr/lib/gcc/arm-none-eabi/13.2.1/../../../arm-none-eabi/lib/libg.a(libc_a-makebuf.o)
 .debug_info    0x0001bb57      0x995 /usr/lib/gcc/arm-none-eabi/13.2.1/../../../arm-none-eabi/lib/libg.a(libc_a-fstatr.o)
 .debug_info    0x0001c4ec      0x770 /usr/lib/gcc/arm-none-eabi/13.2.1/../../../arm-none-eabi/lib/libg.a(libc_a-isattyr.o)
 .debug_info    0x0001cc5c      0xb37 /usr/lib/gcc/arm-none-eabi/13.2.1/../../../arm-none-eabi/lib/libg.a(libc_a-fvwrite.o)
 .debug_info    0x0001d793       0x3e /usr/lib/gcc/arm-none-eabi/13.2.1/libgcc.a(_divsi3.o)
 .debug_info    0x0001d7d1       0xd3 /usr/lib/gcc/arm-none-eabi/13.2.1/libgcc.a(_arm_addsubdf3.o)
 .debug_info    0x0001d8a4       0x57 /usr/lib/gcc/arm-none-eabi/13.2.1/libgcc.a(_arm_muldivdf3.o)
 .debug_info    0x0001d8fb       0xe2 /usr/lib/gcc/arm-none-eabi/13.2.1/libgcc.a(_arm_cmpdf2.o)
 .debug_info    0x0001d9dd       0x3c /usr/lib/gcc/arm-none-eabi/13.2.1/libgcc.a(_arm_unorddf2.o)
 .debug_info    0x0001da19       0x3c /usr/lib/gcc/arm-none-eabi/13.2.1/libgcc.a(_arm_fixdfsi.o)
 .debug_info    0x0001da55     0x2d49 /usr/lib/gcc/arm-none-eabi/13.2.1/../../../arm-none-eabi/lib/librdimon.a(arm_librdimon_a-syscalls.o)

.debug_abbrev   0x00000000     0x7729
 *(.debug_abbrev)
 .debug_abbrev  0x00000000      0x1f7 CMakeFiles/FreeRTOS-LPC2000.elf.dir/FreeRTOS/heap_2.c.obj
 .debug_abbrev  0x000001f7       0xee CMakeFiles/FreeRTOS-LPC2000.elf.dir/FreeRTOS/list.c.obj
 .debug_abbrev  0x000002e5       0xfc CMakeFiles/FreeRTOS-LPC2000.elf.dir/FreeRTOS/port.c.obj
 .debug_abbrev  0x000003e1       0xde CMakeFiles/FreeRTOS-LPC2000.elf.dir/FreeRTOS/portISR.c.obj
 .debug_abbrev  0x000004bf      0x23f CMakeFiles/FreeRTOS-LPC2000.elf.dir/FreeRTOS/queue.c.obj
 .debug_abbrev  0x000006fe      0x144 CMakeFiles/FreeRTOS-LPC2000.elf.dir/FreeRTOS/serial.c.obj
 .debug_abbrev  0x00000842      0x124 CMakeFiles/FreeRTOS-LPC2000.elf.dir/FreeRTOS/serialISR.c.obj
 .debug_abbrev  0x00000966      0x317 CMakeFiles/FreeRTOS-LPC2000.elf.dir/FreeRTOS/tasks.c.obj
 .debug_abbrev  0x00000c7d      0x127 CMakeFiles/FreeRTOS-LPC2000.elf.dir/log/log.c.obj
 .debug_abbrev  0x00000da4      0x1c9 CMakeFiles/FreeRTOS-LPC2000.elf.dir/src/main.c.obj
 .debug_abbrev  0x00000f6d       0x14 CMakeFiles/FreeRTOS-LPC2000.elf.dir/startup/crt0.S.obj
 .debug_abbrev  0x00000f81       0x28 /usr/lib/gcc/arm-none-eabi/13.2.1/libgcc.a(_udivsi3.o)
 .debug_abbrev  0x00000fa9       0x26 /usr/lib/gcc/arm-none-eabi/13.2.1/libgcc.a(_dvmd_tls.o)
 .debug_abbrev  0x00000fcf       0xb7 /usr/lib/gcc/arm-none-eabi/13.2.1/../../../arm-none-eabi/lib/libg.a(libc_a-memset.o)
 .debug_abbrev  0x00001086      0x2bd /usr/lib/gcc/arm-none-eabi/13.2.1/../../../arm-none-eabi/lib/libg.a(libc_a-vsnprintf.o)
 .debug_abbrev  0x00001343      0x402 /usr/lib/gcc/arm-none-eabi/13.2.1/../../../arm-none-eabi/lib/libg.a(libc_a-svfprintf.o)
 .debug_abbrev  0x00001745      0x185 /usr/lib/gcc/arm-none-eabi/13.2.1/../../../arm-none-eabi/lib/libg.a(libc_a-impure.o)
 .debug_abbrev  0x000018ca      0x2d7 /usr/lib/gcc/arm-none-eabi/13.2.1/../../../arm-none-eabi/lib/libg.a(libc_a-mallocr.o)
 .debug_abbrev  0x00001ba1       0xca /usr/lib/gcc/arm-none-eabi/13.2.1/../../../arm-none-eabi/lib/libg.a(libc_a-memcpy-stub.o)
 .debug_abbrev  0x00001c6b      0x388 /usr/lib/gcc/arm-none-eabi/13.2.1/../../../arm-none-eabi/lib/libg.a(libc_a-dtoa.o)
 .debug_abbrev  0x00001ff3      0x289 /usr/lib/gcc/arm-none-eabi/13.2.1/../../../arm-none-eabi/lib/libg.a(libc_a-freer.o)
 .debug_abbrev  0x0000227c       0x80 /usr/lib/gcc/arm-none-eabi/13.2.1/../../../arm-none-eabi/lib/libg.a(libc_a-sysconf.o)
 .debug_abbrev  0x000022fc      0x1ce /usr/lib/gcc/arm-none-eabi/13.2.1/../../../arm-none-eabi/lib/libg.a(libc_a-mlock.o)
 .debug_abbrev  0x000024ca      0x43a /usr/lib/gcc/arm-none-eabi/13.2.1/../../../arm-none-eabi/lib/libg.a(libc_a-findfp.o)
 .debug_abbrev  0x00002904      0x1e0 /usr/lib/gcc/arm-none-eabi/13.2.1/../../../arm-none-eabi/lib/libg.a(libc_a-ssprint_r.o)
 .debug_abbrev  0x00002ae4       0x78 /usr/lib/gcc/arm-none-eabi/13.2.1/../../../arm-none-eabi/lib/libg.a(libc_a-strlen-stub.o)
 .debug_abbrev  0x00002b5c      0x216 /usr/lib/gcc/arm-none-eabi/13.2.1/../../../arm-none-eabi/lib/libg.a(libc_a-sbrkr.o)
 .debug_abbrev  0x00002d72      0x226 /usr/lib/gcc/arm-none-eabi/13.2.1/../../../arm-none-eabi/lib/libg.a(libc_a-assert.o)
 .debug_abbrev  0x00002f98      0x4fa /usr/lib/gcc/arm-none-eabi/13.2.1/../../../arm-none-eabi/lib/libg.a(libc_a-mprec.o)
 .debug_abbrev  0x00003492       0xc7 /usr/lib/gcc/arm-none-eabi/13.2.1/../../../arm-none-eabi/lib/libg.a(libc_a-memchr-stub.o)
 .debug_abbrev  0x00003559      0x1d9 /usr/lib/gcc/arm-none-eabi/13.2.1/../../../arm-none-eabi/lib/libg.a(libc_a-fwalk.o)
 .debug_abbrev  0x00003732      0x26a /usr/lib/gcc/arm-none-eabi/13.2.1/../../../arm-none-eabi/lib/libg.a(libc_a-localeconv.o)
 .debug_abbrev  0x0000399c      0x2d9 /usr/lib/gcc/arm-none-eabi/13.2.1/../../../arm-none-eabi/lib/libg.a(libc_a-locale.o)
 .debug_abbrev  0x00003c75      0x241 /usr/lib/gcc/arm-none-eabi/13.2.1/../../../arm-none-eabi/lib/libg.a(libc_a-mbtowc_r.o)
 .debug_abbrev  0x00003eb6      0x19a /usr/lib/gcc/arm-none-eabi/13.2.1/../../../arm-none-eabi/lib/libg.a(libc_a-errno.o)
 .debug_abbrev  0x00004050      0x25b /usr/lib/gcc/arm-none-eabi/13.2.1/../../../arm-none-eabi/lib/libg.a(libc_a-callocr.o)
 .debug_abbrev  0x000042ab      0x25a /usr/lib/gcc/arm-none-eabi/13.2.1/../../../arm-none-eabi/lib/libg.a(libc_a-ssputs_r.o)
 .debug_abbrev  0x00004505      0x252 /usr/lib/gcc/arm-none-eabi/13.2.1/../../../arm-none-eabi/lib/libg.a(libc_a-fiprintf.o)
 .debug_abbrev  0x00004757      0x2ed /usr/lib/gcc/arm-none-eabi/13.2.1/../../../arm-none-eabi/lib/libg.a(libc_a-fclose.o)
 .debug_abbrev  0x00004a44      0x23d /usr/lib/gcc/arm-none-eabi/13.2.1/../../../arm-none-eabi/lib/libg.a(libc_a-wctomb_r.o)
 .debug_abbrev  0x00004c81      0x242 /usr/lib/gcc/arm-none-eabi/13.2.1/../../../arm-none-eabi/lib/libg.a(libc_a-stdio.o)
 .debug_abbrev  0x00004ec3      0x22a /usr/lib/gcc/arm-none-eabi/13.2.1/../../../arm-none-eabi/lib/libg.a(libc_a-reent.o)
 .debug_abbrev  0x000050ed      0x295 /usr/lib/gcc/arm-none-eabi/13.2.1/../../../arm-none-eabi/lib/libg.a(libc_a-reallocr.o)
 .debug_abbrev  0x00005382      0x1f1 /usr/lib/gcc/arm-none-eabi/13.2.1/../../../arm-none-eabi/lib/libg.a(libc_a-writer.o)
 .debug_abbrev  0x00005573       0x62 /usr/lib/gcc/arm-none-eabi/13.2.1/../../../arm-none-eabi/lib/libg.a(libc_a-ctype_.o)
 .debug_abbrev  0x000055d5      0x1ec /usr/lib/gcc/arm-none-eabi/13.2.1/../../../arm-none-eabi/lib/libg.a(libc_a-closer.o)
 .debug_abbrev  0x000057c1      0x339 /usr/lib/gcc/arm-none-eabi/13.2.1/../../../arm-none-eabi/lib/libg.a(libc_a-fflush.o)
 .debug_abbrev  0x00005afa       0xc3 /usr/lib/gcc/arm-none-eabi/13.2.1/../../../arm-none-eabi/lib/libg.a(libc_a-memmove.o)
 .debug_abbrev  0x00005bbd      0x3f1 /usr/lib/gcc/arm-none-eabi/13.2.1/../../../arm-none-eabi/lib/libg.a(libc_a-vfiprintf.o)
 .debug_abbrev  0x00005fae      0x1ec /usr/lib/gcc/arm-none-eabi/13.2.1/../../../arm-none-eabi/lib/libg.a(libc_a-readr.o)
 .debug_abbrev  0x0000619a      0x21e /usr/lib/gcc/arm-none-eabi/13.2.1/../../../arm-none-eabi/lib/libg.a(libc_a-wsetup.o)
 .debug_abbrev  0x000063b8      0x200 /usr/lib/gcc/arm-none-eabi/13.2.1/../../../arm-none-eabi/lib/libg.a(libc_a-lseekr.o)
 .debug_abbrev  0x000065b8      0x1dd /usr/lib/gcc/arm-none-eabi/13.2.1/../../../arm-none-eabi/lib/libg.a(libc_a-sprint_r.o)
 .debug_abbrev  0x00006795      0x2d9 /usr/lib/gcc/arm-none-eabi/13.2.1/../../../arm-none-eabi/lib/libg.a(libc_a-makebuf.o)
 .debug_abbrev  0x00006a6e      0x1ff /usr/lib/gcc/arm-none-eabi/13.2.1/../../../arm-none-eabi/lib/libg.a(libc_a-fstatr.o)
 .debug_abbrev  0x00006c6d      0x1ec /usr/lib/gcc/arm-none-eabi/13.2.1/../../../arm-none-eabi/lib/libg.a(libc_a-isattyr.o)
 .debug_abbrev  0x00006e59      0x276 /usr/lib/gcc/arm-none-eabi/13.2.1/../../../arm-none-eabi/lib/libg.a(libc_a-fvwrite.o)
 .debug_abbrev  0x000070cf       0x28 /usr/lib/gcc/arm-none-eabi/13.2.1/libgcc.a(_divsi3.o)
 .debug_abbrev  0x000070f7       0x28 /usr/lib/gcc/arm-none-eabi/13.2.1/libgcc.a(_arm_addsubdf3.o)
 .debug_abbrev  0x0000711f       0x28 /usr/lib/gcc/arm-none-eabi/13.2.1/libgcc.a(_arm_muldivdf3.o)
 .debug_abbrev  0x00007147       0x28 /usr/lib/gcc/arm-none-eabi/13.2.1/libgcc.a(_arm_cmpdf2.o)
 .debug_abbrev  0x0000716f       0x28 /usr/lib/gcc/arm-none-eabi/13.2.1/libgcc.a(_arm_unorddf2.o)
 .debug_abbrev  0x00007197       0x28 /usr/lib/gcc/arm-none-eabi/13.2.1/libgcc.a(_arm_fixdfsi.o)
 .debug_abbrev  0x000071bf      0x56a /usr/lib/gcc/arm-none-eabi/13.2.1/../../../arm-none-eabi/lib/librdimon.a(arm_librdimon_a-syscalls.o)

.debug_line     0x00000000    0x10e4c
 *(.debug_line)
 .debug_line    0x00000000      0x504 CMakeFiles/FreeRTOS-LPC2000.elf.dir/FreeRTOS/heap_2.c.obj
 .debug_line    0x00000504      0x401 CMakeFiles/FreeRTOS-LPC2000.elf.dir/FreeRTOS/list.c.obj
 .debug_line    0x00000905      0x403 CMakeFiles/FreeRTOS-LPC2000.elf.dir/FreeRTOS/port.c.obj
 .debug_line    0x00000d08      0x270 CMakeFiles/FreeRTOS-LPC2000.elf.dir/FreeRTOS/portISR.c.obj
 .debug_line    0x00000f78      0xaf9 CMakeFiles/FreeRTOS-LPC2000.elf.dir/FreeRTOS/queue.c.obj
 .debug_line    0x00001a71      0x432 CMakeFiles/FreeRTOS-LPC2000.elf.dir/FreeRTOS/serial.c.obj
 .debug_line    0x00001ea3      0x3b6 CMakeFiles/FreeRTOS-LPC2000.elf.dir/FreeRTOS/serialISR.c.obj
 .debug_line    0x00002259     0x11fa CMakeFiles/FreeRTOS-LPC2000.elf.dir/FreeRTOS/tasks.c.obj
 .debug_line    0x00003453      0x37a CMakeFiles/FreeRTOS-LPC2000.elf.dir/log/log.c.obj
 .debug_line    0x000037cd      0x617 CMakeFiles/FreeRTOS-LPC2000.elf.dir/src/main.c.obj
 .debug_line    0x00003de4       0xa3 CMakeFiles/FreeRTOS-LPC2000.elf.dir/startup/crt0.S.obj
 .debug_line    0x00003e87       0x67 /usr/lib/gcc/arm-none-eabi/13.2.1/libgcc.a(_udivsi3.o)
 .debug_line    0x00003eee       0x4a /usr/lib/gcc/arm-none-eabi/13.2.1/libgcc.a(_dvmd_tls.o)
 .debug_line    0x00003f38      0x1b9 /usr/lib/gcc/arm-none-eabi/13.2.1/../../../arm-none-eabi/lib/libg.a(libc_a-memset.o)
 .debug_line    0x000040f1      0x314 /usr/lib/gcc/arm-none-eabi/13.2.1/../../../arm-none-eabi/lib/libg.a(libc_a-vsnprintf.o)
 .debug_line    0x00004405     0x1a80 /usr/lib/gcc/arm-none-eabi/13.2.1/../../../arm-none-eabi/lib/libg.a(libc_a-svfprintf.o)
 .debug_line    0x00005e85       0xde /usr/lib/gcc/arm-none-eabi/13.2.1/../../../arm-none-eabi/lib/libg.a(libc_a-impure.o)
 .debug_line    0x00005f63      0x8aa /usr/lib/gcc/arm-none-eabi/13.2.1/../../../arm-none-eabi/lib/libg.a(libc_a-mallocr.o)
 .debug_line    0x0000680d      0x1ed /usr/lib/gcc/arm-none-eabi/13.2.1/../../../arm-none-eabi/lib/libg.a(libc_a-memcpy-stub.o)
 .debug_line    0x000069fa     0x13c6 /usr/lib/gcc/arm-none-eabi/13.2.1/../../../arm-none-eabi/lib/libg.a(libc_a-dtoa.o)
 .debug_line    0x00007dc0      0x545 /usr/lib/gcc/arm-none-eabi/13.2.1/../../../arm-none-eabi/lib/libg.a(libc_a-freer.o)
 .debug_line    0x00008305       0xea /usr/lib/gcc/arm-none-eabi/13.2.1/../../../arm-none-eabi/lib/libg.a(libc_a-sysconf.o)
 .debug_line    0x000083ef      0x14a /usr/lib/gcc/arm-none-eabi/13.2.1/../../../arm-none-eabi/lib/libg.a(libc_a-mlock.o)
 .debug_line    0x00008539      0x572 /usr/lib/gcc/arm-none-eabi/13.2.1/../../../arm-none-eabi/lib/libg.a(libc_a-findfp.o)
 .debug_line    0x00008aab      0x1ea /usr/lib/gcc/arm-none-eabi/13.2.1/../../../arm-none-eabi/lib/libg.a(libc_a-ssprint_r.o)
 .debug_line    0x00008c95       0xeb /usr/lib/gcc/arm-none-eabi/13.2.1/../../../arm-none-eabi/lib/libg.a(libc_a-strlen-stub.o)
 .debug_line    0x00008d80      0x18e /usr/lib/gcc/arm-none-eabi/13.2.1/../../../arm-none-eabi/lib/libg.a(libc_a-sbrkr.o)
 .debug_line    0x00008f0e      0x19f /usr/lib/gcc/arm-none-eabi/13.2.1/../../../arm-none-eabi/lib/libg.a(libc_a-assert.o)
 .debug_line    0x000090ad     0x13e7 /usr/lib/gcc/arm-none-eabi/13.2.1/../../../arm-none-eabi/lib/libg.a(libc_a-mprec.o)
 .debug_line    0x0000a494      0x1cf /usr/lib/gcc/arm-none-eabi/13.2.1/../../../arm-none-eabi/lib/libg.a(libc_a-memchr-stub.o)
 .debug_line    0x0000a663      0x1c0 /usr/lib/gcc/arm-none-eabi/13.2.1/../../../arm-none-eabi/lib/libg.a(libc_a-fwalk.o)
 .debug_line    0x0000a823      0x175 /usr/lib/gcc/arm-none-eabi/13.2.1/../../../arm-none-eabi/lib/libg.a(libc_a-localeconv.o)
 .debug_line    0x0000a998      0x262 /usr/lib/gcc/arm-none-eabi/13.2.1/../../../arm-none-eabi/lib/libg.a(libc_a-locale.o)
 .debug_line    0x0000abfa      0x1fd /usr/lib/gcc/arm-none-eabi/13.2.1/../../../arm-none-eabi/lib/libg.a(libc_a-mbtowc_r.o)
 .debug_line    0x0000adf7      0x103 /usr/lib/gcc/arm-none-eabi/13.2.1/../../../arm-none-eabi/lib/libg.a(libc_a-errno.o)
 .debug_line    0x0000aefa      0x235 /usr/lib/gcc/arm-none-eabi/13.2.1/../../../arm-none-eabi/lib/libg.a(libc_a-callocr.o)
 .debug_line    0x0000b12f      0x265 /usr/lib/gcc/arm-none-eabi/13.2.1/../../../arm-none-eabi/lib/libg.a(libc_a-ssputs_r.o)
 .debug_line    0x0000b394      0x19f /usr/lib/gcc/arm-none-eabi/13.2.1/../../../arm-none-eabi/lib/libg.a(libc_a-fiprintf.o)
 .debug_line    0x0000b533      0x249 /usr/lib/gcc/arm-none-eabi/13.2.1/../../../arm-none-eabi/lib/libg.a(libc_a-fclose.o)
 .debug_line    0x0000b77c      0x202 /usr/lib/gcc/arm-none-eabi/13.2.1/../../../arm-none-eabi/lib/libg.a(libc_a-wctomb_r.o)
 .debug_line    0x0000b97e      0x220 /usr/lib/gcc/arm-none-eabi/13.2.1/../../../arm-none-eabi/lib/libg.a(libc_a-stdio.o)
 .debug_line    0x0000bb9e      0x1ea /usr/lib/gcc/arm-none-eabi/13.2.1/../../../arm-none-eabi/lib/libg.a(libc_a-reent.o)
 .debug_line    0x0000bd88      0x62b /usr/lib/gcc/arm-none-eabi/13.2.1/../../../arm-none-eabi/lib/libg.a(libc_a-reallocr.o)
 .debug_line    0x0000c3b3      0x187 /usr/lib/gcc/arm-none-eabi/13.2.1/../../../arm-none-eabi/lib/libg.a(libc_a-writer.o)
 .debug_line    0x0000c53a       0x8e /usr/lib/gcc/arm-none-eabi/13.2.1/../../../arm-none-eabi/lib/libg.a(libc_a-ctype_.o)
 .debug_line    0x0000c5c8      0x18a /usr/lib/gcc/arm-none-eabi/13.2.1/../../../arm-none-eabi/lib/libg.a(libc_a-closer.o)
 .debug_line    0x0000c752      0x458 /usr/lib/gcc/arm-none-eabi/13.2.1/../../../arm-none-eabi/lib/libg.a(libc_a-fflush.o)
 .debug_line    0x0000cbaa      0x1fe /usr/lib/gcc/arm-none-eabi/13.2.1/../../../arm-none-eabi/lib/libg.a(libc_a-memmove.o)
 .debug_line    0x0000cda8     0x100b /usr/lib/gcc/arm-none-eabi/13.2.1/../../../arm-none-eabi/lib/libg.a(libc_a-vfiprintf.o)
 .debug_line    0x0000ddb3      0x186 /usr/lib/gcc/arm-none-eabi/13.2.1/../../../arm-none-eabi/lib/libg.a(libc_a-readr.o)
 .debug_line    0x0000df39      0x2a4 /usr/lib/gcc/arm-none-eabi/13.2.1/../../../arm-none-eabi/lib/libg.a(libc_a-wsetup.o)
 .debug_line    0x0000e1dd      0x187 /usr/lib/gcc/arm-none-eabi/13.2.1/../../../arm-none-eabi/lib/libg.a(libc_a-lseekr.o)
 .debug_line    0x0000e364      0x17e /usr/lib/gcc/arm-none-eabi/13.2.1/../../../arm-none-eabi/lib/libg.a(libc_a-sprint_r.o)
 .debug_line    0x0000e4e2      0x389 /usr/lib/gcc/arm-none-eabi/13.2.1/../../../arm-none-eabi/lib/libg.a(libc_a-makebuf.o)
 .debug_line    0x0000e86b      0x20c /usr/lib/gcc/arm-none-eabi/13.2.1/../../../arm-none-eabi/lib/libg.a(libc_a-fstatr.o)
 .debug_line    0x0000ea77      0x18b /usr/lib/gcc/arm-none-eabi/13.2.1/../../../arm-none-eabi/lib/libg.a(libc_a-isattyr.o)
 .debug_line    0x0000ec02      0x609 /usr/lib/gcc/arm-none-eabi/13.2.1/../../../arm-none-eabi/lib/libg.a(libc_a-fvwrite.o)
 .debug_line    0x0000f20b       0x73 /usr/lib/gcc/arm-none-eabi/13.2.1/libgcc.a(_divsi3.o)
 .debug_line    0x0000f27e      0x158 /usr/lib/gcc/arm-none-eabi/13.2.1/libgcc.a(_arm_addsubdf3.o)
 .debug_line    0x0000f3d6      0x167 /usr/lib/gcc/arm-none-eabi/13.2.1/libgcc.a(_arm_muldivdf3.o)
 .debug_line    0x0000f53d       0x9a /usr/lib/gcc/arm-none-eabi/13.2.1/libgcc.a(_arm_cmpdf2.o)
 .debug_line    0x0000f5d7       0x57 /usr/lib/gcc/arm-none-eabi/13.2.1/libgcc.a(_arm_unorddf2.o)
 .debug_line    0x0000f62e       0x60 /usr/lib/gcc/arm-none-eabi/13.2.1/libgcc.a(_arm_fixdfsi.o)
 .debug_line    0x0000f68e     0x17be /usr/lib/gcc/arm-none-eabi/13.2.1/../../../arm-none-eabi/lib/librdimon.a(arm_librdimon_a-syscalls.o)

.debug_frame    0x00000000     0x283c
 *(.debug_frame)
 .debug_frame   0x00000000      0x108 CMakeFiles/FreeRTOS-LPC2000.elf.dir/FreeRTOS/heap_2.c.obj
 .debug_frame   0x00000108       0xb0 CMakeFiles/FreeRTOS-LPC2000.elf.dir/FreeRTOS/list.c.obj
 .debug_frame   0x000001b8       0x94 CMakeFiles/FreeRTOS-LPC2000.elf.dir/FreeRTOS/port.c.obj
 .debug_frame   0x0000024c       0x90 CMakeFiles/FreeRTOS-LPC2000.elf.dir/FreeRTOS/portISR.c.obj
 .debug_frame   0x000002dc      0x38c CMakeFiles/FreeRTOS-LPC2000.elf.dir/FreeRTOS/queue.c.obj
 .debug_frame   0x00000668       0xc8 CMakeFiles/FreeRTOS-LPC2000.elf.dir/FreeRTOS/serial.c.obj
 .debug_frame   0x00000730       0x70 CMakeFiles/FreeRTOS-LPC2000.elf.dir/FreeRTOS/serialISR.c.obj
 .debug_frame   0x000007a0      0x74c CMakeFiles/FreeRTOS-LPC2000.elf.dir/FreeRTOS/tasks.c.obj
 .debug_frame   0x00000eec       0x6c CMakeFiles/FreeRTOS-LPC2000.elf.dir/log/log.c.obj
 .debug_frame   0x00000f58      0x128 CMakeFiles/FreeRTOS-LPC2000.elf.dir/src/main.c.obj
 .debug_frame   0x00001080       0x20 /usr/lib/gcc/arm-none-eabi/13.2.1/libgcc.a(_udivsi3.o)
 .debug_frame   0x000010a0       0x34 /usr/lib/gcc/arm-none-eabi/13.2.1/../../../arm-none-eabi/lib/libg.a(libc_a-memset.o)
 .debug_frame   0x000010d4       0x70 /usr/lib/gcc/arm-none-eabi/13.2.1/../../../arm-none-eabi/lib/libg.a(libc_a-vsnprintf.o)
 .debug_frame   0x00001144       0x50 /usr/lib/gcc/arm-none-eabi/13.2.1/../../../arm-none-eabi/lib/libg.a(libc_a-svfprintf.o)
 .debug_frame   0x00001194       0x60 /usr/lib/gcc/arm-none-eabi/13.2.1/../../../arm-none-eabi/lib/libg.a(libc_a-mallocr.o)
 .debug_frame   0x000011f4       0x3c /usr/lib/gcc/arm-none-eabi/13.2.1/../../../arm-none-eabi/lib/libg.a(libc_a-memcpy-stub.o)
 .debug_frame   0x00001230       0xac /usr/lib/gcc/arm-none-eabi/13.2.1/../../../arm-none-eabi/lib/libg.a(libc_a-dtoa.o)
 .debug_frame   0x000012dc       0x70 /usr/lib/gcc/arm-none-eabi/13.2.1/../../../arm-none-eabi/lib/libg.a(libc_a-freer.o)
 .debug_frame   0x0000134c       0x2c /usr/lib/gcc/arm-none-eabi/13.2.1/../../../arm-none-eabi/lib/libg.a(libc_a-sysconf.o)
 .debug_frame   0x00001378       0x30 /usr/lib/gcc/arm-none-eabi/13.2.1/../../../arm-none-eabi/lib/libg.a(libc_a-mlock.o)
 .debug_frame   0x000013a8      0x12c /usr/lib/gcc/arm-none-eabi/13.2.1/../../../arm-none-eabi/lib/libg.a(libc_a-findfp.o)
 .debug_frame   0x000014d4       0x3c /usr/lib/gcc/arm-none-eabi/13.2.1/../../../arm-none-eabi/lib/libg.a(libc_a-ssprint_r.o)
 .debug_frame   0x00001510       0x20 /usr/lib/gcc/arm-none-eabi/13.2.1/../../../arm-none-eabi/lib/libg.a(libc_a-strlen-stub.o)
 .debug_frame   0x00001530       0x3c /usr/lib/gcc/arm-none-eabi/13.2.1/../../../arm-none-eabi/lib/libg.a(libc_a-sbrkr.o)
 .debug_frame   0x0000156c       0x40 /usr/lib/gcc/arm-none-eabi/13.2.1/../../../arm-none-eabi/lib/libg.a(libc_a-assert.o)
 .debug_frame   0x000015ac      0x2f0 /usr/lib/gcc/arm-none-eabi/13.2.1/../../../arm-none-eabi/lib/libg.a(libc_a-mprec.o)
 .debug_frame   0x0000189c       0x44 /usr/lib/gcc/arm-none-eabi/13.2.1/../../../arm-none-eabi/lib/libg.a(libc_a-memchr-stub.o)
 .debug_frame   0x000018e0       0x40 /usr/lib/gcc/arm-none-eabi/13.2.1/../../../arm-none-eabi/lib/libg.a(libc_a-fwalk.o)
 .debug_frame   0x00001920       0x40 /usr/lib/gcc/arm-none-eabi/13.2.1/../../../arm-none-eabi/lib/libg.a(libc_a-localeconv.o)